Component: ARM Compiler 5.06 update 6 (build 750) Tool: armlink [4d35ed]

==============================================================================

Section Cross References

    startup_stm32f767xx.o(RESET) refers to startup_stm32f767xx.o(STACK) for __initial_sp
    startup_stm32f767xx.o(RESET) refers to startup_stm32f767xx.o(.text) for Reset_Handler
    startup_stm32f767xx.o(RESET) refers to stm32f7xx_it.o(i.NMI_Handler) for NMI_Handler
    startup_stm32f767xx.o(RESET) refers to stm32f7xx_it.o(i.HardFault_Handler) for HardFault_Handler
    startup_stm32f767xx.o(RESET) refers to stm32f7xx_it.o(i.MemManage_Handler) for MemManage_Handler
    startup_stm32f767xx.o(RESET) refers to stm32f7xx_it.o(i.BusFault_Handler) for BusFault_Handler
    startup_stm32f767xx.o(RESET) refers to stm32f7xx_it.o(i.UsageFault_Handler) for UsageFault_Handler
    startup_stm32f767xx.o(RESET) refers to port.o(.emb_text) for SVC_Handler
    startup_stm32f767xx.o(RESET) refers to stm32f7xx_it.o(i.DebugMon_Handler) for DebugMon_Handler
    startup_stm32f767xx.o(RESET) refers to stm32f7xx_it.o(i.SysTick_Handler) for SysTick_Handler
    startup_stm32f767xx.o(RESET) refers to stm32f7xx_it.o(i.EXTI0_IRQHandler) for EXTI0_IRQHandler
    startup_stm32f767xx.o(RESET) refers to stm32f7xx_it.o(i.EXTI2_IRQHandler) for EXTI2_IRQHandler
    startup_stm32f767xx.o(RESET) refers to stm32f7xx_it.o(i.EXTI3_IRQHandler) for EXTI3_IRQHandler
    startup_stm32f767xx.o(RESET) refers to stm32f7xx_it.o(i.EXTI9_5_IRQHandler) for EXTI9_5_IRQHandler
    startup_stm32f767xx.o(RESET) refers to stm32f7xx_it.o(i.USART1_IRQHandler) for USART1_IRQHandler
    startup_stm32f767xx.o(RESET) refers to stm32f7xx_it.o(i.EXTI15_10_IRQHandler) for EXTI15_10_IRQHandler
    startup_stm32f767xx.o(.text) refers to system_stm32f7xx.o(i.SystemInit) for SystemInit
    startup_stm32f767xx.o(.text) refers to entry.o(.ARM.Collect$$$$00000000) for __main
    main.o(i.MX_GPIO_Init) refers to memseta.o(.text) for __aeabi_memclr4
    main.o(i.MX_GPIO_Init) refers to stm32f7xx_hal_gpio.o(i.HAL_GPIO_WritePin) for HAL_GPIO_WritePin
    main.o(i.MX_GPIO_Init) refers to stm32f7xx_hal_gpio.o(i.HAL_GPIO_Init) for HAL_GPIO_Init
    main.o(i.MX_GPIO_Init) refers to stm32f7xx_hal_cortex.o(i.HAL_NVIC_SetPriority) for HAL_NVIC_SetPriority
    main.o(i.MX_GPIO_Init) refers to stm32f7xx_hal_cortex.o(i.HAL_NVIC_EnableIRQ) for HAL_NVIC_EnableIRQ
    main.o(i.MX_USART1_UART_Init) refers to stm32f7xx_hal_uart.o(i.HAL_UART_Init) for HAL_UART_Init
    main.o(i.MX_USART1_UART_Init) refers to main.o(.bss) for .bss
    main.o(i.StartDefaultTask) refers to fatfs.o(i.MX_FATFS_Init) for MX_FATFS_Init
    main.o(i.StartDefaultTask) refers to gui_app.o(i.GRAPHICS_MainTask) for GRAPHICS_MainTask
    main.o(i.StartDefaultTask) refers to cmsis_os.o(i.osDelay) for osDelay
    main.o(i.SystemClock_Config) refers to memseta.o(.text) for __aeabi_memclr4
    main.o(i.SystemClock_Config) refers to stm32f7xx_hal_rcc.o(i.HAL_RCC_OscConfig) for HAL_RCC_OscConfig
    main.o(i.SystemClock_Config) refers to stm32f7xx_hal_pwr_ex.o(i.HAL_PWREx_EnableOverDrive) for HAL_PWREx_EnableOverDrive
    main.o(i.SystemClock_Config) refers to stm32f7xx_hal_rcc.o(i.HAL_RCC_ClockConfig) for HAL_RCC_ClockConfig
    main.o(i.SystemClock_Config) refers to stm32f7xx_hal_rcc_ex.o(i.HAL_RCCEx_PeriphCLKConfig) for HAL_RCCEx_PeriphCLKConfig
    main.o(i.SystemClock_Config) refers to stm32f7xx_hal_rcc.o(i.HAL_RCC_EnableCSS) for HAL_RCC_EnableCSS
    main.o(i.main) refers to stm32f7xx_hal_cortex.o(i.HAL_MPU_Disable) for HAL_MPU_Disable
    main.o(i.main) refers to stm32f7xx_hal_cortex.o(i.HAL_MPU_ConfigRegion) for HAL_MPU_ConfigRegion
    main.o(i.main) refers to stm32f7xx_hal_cortex.o(i.HAL_MPU_Enable) for HAL_MPU_Enable
    main.o(i.main) refers to stm32f7xx_hal.o(i.HAL_Init) for HAL_Init
    main.o(i.main) refers to main.o(i.SystemClock_Config) for SystemClock_Config
    main.o(i.main) refers to main.o(i.MX_GPIO_Init) for MX_GPIO_Init
    main.o(i.main) refers to main.o(i.MX_USART1_UART_Init) for MX_USART1_UART_Init
    main.o(i.main) refers to stm32f7xx_hal_crc.o(i.HAL_CRC_Init) for HAL_CRC_Init
    main.o(i.main) refers to stemwin_wrapper.o(i.GRAPHICS_HW_Init) for GRAPHICS_HW_Init
    main.o(i.main) refers to stemwin_wrapper.o(i.GRAPHICS_Init) for GRAPHICS_Init
    main.o(i.main) refers to memmove.o(.text) for __aeabi_memcpy4
    main.o(i.main) refers to cmsis_os.o(i.osThreadCreate) for osThreadCreate
    main.o(i.main) refers to cmsis_os.o(i.osKernelStart) for osKernelStart
    main.o(i.main) refers to main.o(.bss) for .bss
    main.o(i.main) refers to main.o(.constdata) for .constdata
    main.o(i.main) refers to main.o(.data) for .data
    main.o(.constdata) refers to main.o(.conststring) for .conststring
    main.o(.constdata) refers to main.o(i.StartDefaultTask) for StartDefaultTask
    stm32f7xx_it.o(i.EXTI0_IRQHandler) refers to stm32f7xx_hal_gpio.o(i.HAL_GPIO_EXTI_IRQHandler) for HAL_GPIO_EXTI_IRQHandler
[...]
    0x00200420   0x00200420   0x00000094   Code   RO         6205    .text.GL_SetDefault  STemWin_CM7_OS_wc16_ot_ARGB.a(GUI_Common.o)
    0x002004b4   0x002004b4   0x0000017c   Code   RO         6818    .text.GUIMONO_DispChar  STemWin_CM7_OS_wc16_ot_ARGB.a(GUI_CharM.o)
    0x00200630   0x00200630   0x00000018   Code   RO         6819    .text.GUIMONO_GetCharDistX  STemWin_CM7_OS_wc16_ot_ARGB.a(GUI_CharM.o)
    0x00200648   0x00200648   0x00000008   Code   RO         6820    .text.GUIMONO_GetFontInfo  STemWin_CM7_OS_wc16_ot_ARGB.a(GUI_CharM.o)
    0x00200650   0x00200650   0x00000038   Code   RO         6821    .text.GUIMONO_IsInFont  STemWin_CM7_OS_wc16_ot_ARGB.a(GUI_CharM.o)
    0x00200688   0x00200688   0x000000f4   Code   RO         6452    .text.GUIPROP_DispChar  STemWin_CM7_OS_wc16_ot_ARGB.a(GUI_CharP.o)
    0x0020077c   0x0020077c   0x0000004c   Code   RO         6453    .text.GUIPROP_GetCharDistX  STemWin_CM7_OS_wc16_ot_ARGB.a(GUI_CharP.o)
    0x002007c8   0x002007c8   0x00000008   Code   RO         6454    .text.GUIPROP_GetFontInfo  STemWin_CM7_OS_wc16_ot_ARGB.a(GUI_CharP.o)
    0x002007d0   0x002007d0   0x0000001c   Code   RO         6455    .text.GUIPROP_IsInFont  STemWin_CM7_OS_wc16_ot_ARGB.a(GUI_CharP.o)
    0x002007ec   0x002007ec   0x000000a4   Code   RO         6486    .text.GUITASK_CopyContext  STemWin_CM7_OS_wc16_ot_ARGB.a(GUI_Task.o)
    0x00200890   0x00200890   0x00000074   Code   RO         6485    .text.GUITASK_Init  STemWin_CM7_OS_wc16_ot_ARGB.a(GUI_Task.o)
    0x00200904   0x00200904   0x0000001c   Code   RO         6104    .text.GUI_ALLOC_AllocNoInit  STemWin_CM7_OS_wc16_ot_ARGB.a(GUI_Alloc.o)
    0x00200920   0x00200920   0x00000084   Code   RO         6127    .text.GUI_ALLOC_AllocZero  STemWin_CM7_OS_wc16_ot_ARGB.a(GUI_Alloc.o)
    0x002009a4   0x002009a4   0x00000010   Code   RO         6119    .text.GUI_ALLOC_AssignMemory  STemWin_CM7_OS_wc16_ot_ARGB.a(GUI_Alloc.o)
    0x002009b4   0x002009b4   0x00000040   Code   RO         6122    .text.GUI_ALLOC_Free  STemWin_CM7_OS_wc16_ot_ARGB.a(GUI_Alloc.o)
    0x002009f4   0x002009f4   0x00000014   Code   RO         6102    .text.GUI_ALLOC_FreeFixedBlock  STemWin_CM7_OS_wc16_ot_ARGB.a(GUI_Alloc.o)
    0x00200a08   0x00200a08   0x00000238   Code   RO         6103    .text.GUI_ALLOC_GetFixedBlock  STemWin_CM7_OS_wc16_ot_ARGB.a(GUI_Alloc.o)
    0x00200c40   0x00200c40   0x00000010   Code   RO         6117    .text.GUI_ALLOC_Lock  STemWin_CM7_OS_wc16_ot_ARGB.a(GUI_Alloc.o)
    0x00200c50   0x00200c50   0x00000028   Code   RO         6106    .text.GUI_ALLOC_LockH  STemWin_CM7_OS_wc16_ot_ARGB.a(GUI_Alloc.o)
    0x00200c78   0x00200c78   0x00000170   Code   RO         6116    .text.GUI_ALLOC_RequestSize  STemWin_CM7_OS_wc16_ot_ARGB.a(GUI_Alloc.o)
    0x00200de8   0x00200de8   0x00000010   Code   RO         6118    .text.GUI_ALLOC_Unlock  STemWin_CM7_OS_wc16_ot_ARGB.a(GUI_Alloc.o)
    0x00200df8   0x00200df8   0x00000034   Code   RO         6107    .text.GUI_ALLOC_UnlockH  STemWin_CM7_OS_wc16_ot_ARGB.a(GUI_Alloc.o)
    0x00200e2c   0x00200e2c   0x00000014   Code   RO         6105    .text.GUI_ALLOC_h2p  STemWin_CM7_OS_wc16_ot_ARGB.a(GUI_Alloc.o)
    0x00200e40   0x00200e40   0x00000054   Code   RO         6142    .text.GUI_CalcColorDist  STemWin_CM7_OS_wc16_ot_ARGB.a(GUI_Common.o)
    0x00200e94   0x00200e94   0x00000078   Code   RO         6232    .text.GUI_Clear     STemWin_CM7_OS_wc16_ot_ARGB.a(GUI_Core.o)
    0x00200f0c   0x00200f0c   0x0000005c   Code   RO         6253    .text.GUI_DEVICE_Create  STemWin_CM7_OS_wc16_ot_ARGB.a(GUI_Device.o)
    0x00200f68   0x00200f68   0x00000130   Code   RO         6256    .text.GUI_DEVICE_CreateAndLink  STemWin_CM7_OS_wc16_ot_ARGB.a(GUI_Device.o)
    0x00201098   0x00201098   0x00000004   Code   RO         6252    .text.GUI_DEVICE_Delete  STemWin_CM7_OS_wc16_ot_ARGB.a(GUI_Device.o)
    0x0020109c   0x0020109c   0x0000009c   Code   RO         6255    .text.GUI_DEVICE_Link  STemWin_CM7_OS_wc16_ot_ARGB.a(GUI_Device.o)
    0x00201138   0x00201138   0x000000ac   Code   RO         6258    .text.GUI_DEVICE_LinkDevices  STemWin_CM7_OS_wc16_ot_ARGB.a(GUI_Device.o)
    0x002011e4   0x002011e4   0x00000044   Code   RO         6254    .text.GUI_DEVICE_Unlink  STemWin_CM7_OS_wc16_ot_ARGB.a(GUI_Device.o)
    0x00201228   0x00201228   0x00000004   Code   RO         6257    .text.GUI_DEVICE_UnlinkTaskDevices  STemWin_CM7_OS_wc16_ot_ARGB.a(GUI_Device.o)
    0x0020122c   0x0020122c   0x0000002c   Code   RO         6251    .text.GUI_DEVICE__GetpDriver  STemWin_CM7_OS_wc16_ot_ARGB.a(GUI_Device.o)
    0x00201258   0x00201258   0x00000080   Code   RO         6313    .text.GUI_Delay     STemWin_CM7_OS_wc16_ot_ARGB.a(GUI_Time.o)
    0x002012d8   0x002012d8   0x00000134   Code   RO         6262    .text.GUI_DispString.part.0  STemWin_CM7_OS_wc16_ot_ARGB.a(GUI_DispString.o)
    0x0020140c   0x0020140c   0x00000028   Code   RO         6265    .text.GUI_DispStringAt  STemWin_CM7_OS_wc16_ot_ARGB.a(GUI_DispString.o)
    0x00201434   0x00201434   0x0000005c   Code   RO         6176    .text.GUI_Exec      STemWin_CM7_OS_wc16_ot_ARGB.a(GUI_Common.o)
    0x00201490   0x00201490   0x00000014   Code   RO         6339    .text.GUI_GetBitsPerPixelEx  STemWin_CM7_OS_wc16_ot_ARGB.a(LCD_GetEx.o)
    0x002014a4   0x002014a4   0x00000018   Code   RO         6154    .text.GUI_GetBkColor  STemWin_CM7_OS_wc16_ot_ARGB.a(GUI_Common.o)
    0x002014bc   0x002014bc   0x00000024   Code   RO         6437    .text.GUI_GetCharDistX  STemWin_CM7_OS_wc16_ot_ARGB.a(GUI_Char.o)
    0x002014e0   0x002014e0   0x00000028   Code   RO         6438    .text.GUI_GetCharDistXEx  STemWin_CM7_OS_wc16_ot_ARGB.a(GUI_Char.o)
    0x00201508   0x00201508   0x00000018   Code   RO         6156    .text.GUI_GetColor  STemWin_CM7_OS_wc16_ot_ARGB.a(GUI_Common.o)
    0x00201520   0x00201520   0x0000001c   Code   RO         6436    .text.GUI_GetFontDistY  STemWin_CM7_OS_wc16_ot_ARGB.a(GUI_Char.o)
    0x0020153c   0x0020153c   0x00000028   Code   RO         6300    .text.GUI_GetLayerPosEx  STemWin_CM7_OS_wc16_ot_ARGB.a(GUI_SelectLayer.o)
    0x00201564   0x00201564   0x0000002c   Code   RO         6165    .text.GUI_GetOrg    STemWin_CM7_OS_wc16_ot_ARGB.a(GUI_Common.o)
    0x00201590   0x00201590   0x00000018   Code   RO         6169    .text.GUI_GetVersionString  STemWin_CM7_OS_wc16_ot_ARGB.a(GUI_Common.o)
    0x002015a8   0x002015a8   0x00000048   Code   RO         6435    .text.GUI_GetYAdjust  STemWin_CM7_OS_wc16_ot_ARGB.a(GUI_Char.o)
    0x002015f0   0x002015f0   0x00000010   Code   RO         6346    .text.GUI_GetpfColor2IndexEx  STemWin_CM7_OS_wc16_ot_ARGB.a(LCD_GetEx.o)
    0x00201600   0x00201600   0x00000010   Code   RO         6344    .text.GUI_GetpfIndex2ColorEx  STemWin_CM7_OS_wc16_ot_ARGB.a(LCD_GetEx.o)
    0x00201610   0x00201610   0x00000020   Code   RO         6182    .text.GUI_GotoXY    STemWin_CM7_OS_wc16_ot_ARGB.a(GUI_Common.o)
    0x00201630   0x00201630   0x0000018c   Code   RO         6234    .text.GUI_Init      STemWin_CM7_OS_wc16_ot_ARGB.a(GUI_Core.o)
    0x002017bc   0x002017bc   0x0000009c   Code   RO         6484    .text.GUI_Lock      STemWin_CM7_OS_wc16_ot_ARGB.a(GUI_Task.o)
    0x00201858   0x00201858   0x00000058   Code   RO         7094    .text.GUI_MEMDEV_Clear  STemWin_CM7_OS_wc16_ot_ARGB.a(GUIDEV_Clear.o)
    0x002018b0   0x002018b0   0x00000010   Code   RO         6902    .text.GUI_MEMDEV_CopyToLCD  STemWin_CM7_OS_wc16_ot_ARGB.a(GUIDEV.o)
    0x002018c0   0x002018c0   0x00000104   Code   RO         6893    .text.GUI_MEMDEV_CopyToLCDAt.part.0  STemWin_CM7_OS_wc16_ot_ARGB.a(GUIDEV.o)
    0x002019c4   0x002019c4   0x00000090   Code   RO         6898    .text.GUI_MEMDEV_CreateEx  STemWin_CM7_OS_wc16_ot_ARGB.a(GUIDEV.o)
    0x00201a54   0x00201a54   0x00000054   Code   RO         6897    .text.GUI_MEMDEV_Delete  STemWin_CM7_OS_wc16_ot_ARGB.a(GUIDEV.o)
    0x00201aa8   0x00201aa8   0x0000017c   Code   RO         6908    .text.GUI_MEMDEV_Draw  STemWin_CM7_OS_wc16_ot_ARGB.a(GUIDEV_Banding.o)
    0x00201c24   0x00201c24   0x00000038   Code   RO         6896    .text.GUI_MEMDEV_GetBitsPerPixel  STemWin_CM7_OS_wc16_ot_ARGB.a(GUIDEV.o)
    0x00201c5c   0x00201c5c   0x00000030   Code   RO         7103    .text.GUI_MEMDEV_GetDataPtr  STemWin_CM7_OS_wc16_ot_ARGB.a(GUIDEV_GetDataPtr.o)
    0x00201c8c   0x00201c8c   0x00000044   Code   RO         7116    .text.GUI_MEMDEV_GetYSize  STemWin_CM7_OS_wc16_ot_ARGB.a(GUIDEV_GetYSize.o)
    0x00201cd0   0x00201cd0   0x00000194   Code   RO         6914    .text.GUI_MEMDEV_Paint1Static  STemWin_CM7_OS_wc16_ot_ARGB.a(GUIDEV_StaticDevices.o)
    0x00201e64   0x00201e64   0x00000040   Code   RO         7120    .text.GUI_MEMDEV_ReduceYSize  STemWin_CM7_OS_wc16_ot_ARGB.a(GUIDEV_ReduceYSize.o)
    0x00201ea4   0x00201ea4   0x00000060   Code   RO         6900    .text.GUI_MEMDEV_Select  STemWin_CM7_OS_wc16_ot_ARGB.a(GUIDEV.o)
    0x00201f04   0x00201f04   0x00000078   Code   RO         7124    .text.GUI_MEMDEV_SetOrg  STemWin_CM7_OS_wc16_ot_ARGB.a(GUIDEV_SetOrg.o)
    0x00201f7c   0x00201f7c   0x00000064   Code   RO         7139    .text.GUI_MEMDEV_Write  STemWin_CM7_OS_wc16_ot_ARGB.a(GUIDEV_Write.o)
    0x00201fe0   0x00201fe0   0x00000138   Code   RO         6895    .text.GUI_MEMDEV__CreateFixed  STemWin_CM7_OS_wc16_ot_ARGB.a(GUIDEV.o)
    0x00202118   0x00202118   0x00000194   Code   RO         7218    .text.GUI_MEMDEV__WriteToActiveAlpha  STemWin_CM7_OS_wc16_ot_ARGB.a(GUIDEV_WriteToActiveAlpha.o)
    0x002022ac   0x002022ac   0x0000003c   Code   RO         6894    .text.GUI_MEMDEV__WriteToActiveAt  STemWin_CM7_OS_wc16_ot_ARGB.a(GUIDEV.o)
    0x002022e8   0x002022e8   0x000009c0   Code   RO         6929    .text.GUI_MEMDEV__WriteToActiveOpaque  STemWin_CM7_OS_wc16_ot_ARGB.a(GUIDEV_WriteToActiveOpaque.o)
    0x00202ca8   0x00202ca8   0x0000005c   Code   RO         6173    .text.GUI_MergeRect  STemWin_CM7_OS_wc16_ot_ARGB.a(GUI_Common.o)
    0x00202d04   0x00202d04   0x00000024   Code   RO         6174    .text.GUI_MoveRect  STemWin_CM7_OS_wc16_ot_ARGB.a(GUI_Common.o)
    0x00202d28   0x00202d28   0x00000044   Code   RO         6475    .text.GUI_PollKeyMsg  STemWin_CM7_OS_wc16_ot_ARGB.a(GUI_OnKey.o)
    0x00202d6c   0x00202d6c   0x00000060   Code   RO         7071    .text.GUI_ReadRectEx  STemWin_CM7_OS_wc16_ot_ARGB.a(LCD_ReadRect.o)
    0x00202dcc   0x00202dcc   0x0000003c   Code   RO         6190    .text.GUI_RectsIntersect  STemWin_CM7_OS_wc16_ot_ARGB.a(GUI_Common.o)
    0x00202e08   0x00202e08   0x00000014   Code   RO         6192    .text.GUI_RestoreContext  STemWin_CM7_OS_wc16_ot_ARGB.a(GUI_Common.o)
    0x00202e1c   0x00202e1c   0x00000014   Code   RO         6191    .text.GUI_SaveContext_W  STemWin_CM7_OS_wc16_ot_ARGB.a(GUI_Common.o)
    0x00202e30   0x00202e30   0x0000001c   Code   RO         6197    .text.GUI_SelectLCD  STemWin_CM7_OS_wc16_ot_ARGB.a(GUI_Common.o)
    0x00202e4c   0x00202e4c   0x00000040   Code   RO         6302    .text.GUI_SelectLayer  STemWin_CM7_OS_wc16_ot_ARGB.a(GUI_SelectLayer.o)
    0x00202e8c   0x00202e8c   0x00000018   Code   RO         6199    .text.GUI_SetBkColor  STemWin_CM7_OS_wc16_ot_ARGB.a(GUI_Common.o)
    0x00202ea4   0x00202ea4   0x00000018   Code   RO         6200    .text.GUI_SetColor  STemWin_CM7_OS_wc16_ot_ARGB.a(GUI_Common.o)
    0x00202ebc   0x00202ebc   0x00000018   Code   RO         6207    .text.GUI_SetDrawMode  STemWin_CM7_OS_wc16_ot_ARGB.a(GUI_Common.o)
    0x00202ed4   0x00202ed4   0x00000020   Code   RO         6208    .text.GUI_SetFont   STemWin_CM7_OS_wc16_ot_ARGB.a(GUI_Common.o)
    0x00202ef4   0x00202ef4   0x00000040   Code   RO         6211    .text.GUI_SetOrg    STemWin_CM7_OS_wc16_ot_ARGB.a(GUI_Common.o)
    0x00202f34   0x00202f34   0x00000010   Code   RO         6516    .text.GUI_SignalEvent  STemWin_CM7_OS_wc16_ot_ARGB.a(GUI_WaitEvent.o)
    0x00202f44   0x00202f44   0x00000010   Code   RO         6472    .text.GUI_StoreKey  STemWin_CM7_OS_wc16_ot_ARGB.a(GUI_OnKey.o)
    0x00202f54   0x00202f54   0x000000d4   Code   RO         6834    .text.GUI_TIMER_Delete  STemWin_CM7_OS_wc16_ot_ARGB.a(GUI_Timer.o)
    0x00203028   0x00203028   0x0000003c   Code   RO         6840    .text.GUI_TIMER_GetFlag  STemWin_CM7_OS_wc16_ot_ARGB.a(GUI_Timer.o)
    0x00203064   0x00203064   0x00000030   Code   RO         6831    .text.GUI_TIMER__GetFirstTimer  STemWin_CM7_OS_wc16_ot_ARGB.a(GUI_Timer.o)
    0x00203094   0x00203094   0x00000040   Code   RO         6832    .text.GUI_TIMER__GetNextTimerLin  STemWin_CM7_OS_wc16_ot_ARGB.a(GUI_Timer.o)
    0x002030d4   0x002030d4   0x00000028   Code   RO         6497    .text.GUI_UC__GetCharCodeInc  STemWin_CM7_OS_wc16_ot_ARGB.a(GUI_UC.o)
    0x002030fc   0x002030fc   0x00000028   Code   RO         6498    .text.GUI_UC__NumChars2NumBytes  STemWin_CM7_OS_wc16_ot_ARGB.a(GUI_UC.o)
    0x00203124   0x00203124   0x00000024   Code   RO         6925    .text.GUI_USAGE_AddRect  STemWin_CM7_OS_wc16_ot_ARGB.a(GUIDEV_Usage.o)
    0x00203148   0x00203148   0x00000074   Code   RO         7132    .text.GUI_USAGE_BM_AddHLine  STemWin_CM7_OS_wc16_ot_ARGB.a(GUIDEV_UsageBM.o)
    0x002031bc   0x002031bc   0x0000002c   Code   RO         7128    .text.GUI_USAGE_BM_AddPixel  STemWin_CM7_OS_wc16_ot_ARGB.a(GUIDEV_UsageBM.o)
    0x002031e8   0x002031e8   0x00000014   Code   RO         7131    .text.GUI_USAGE_BM_Clear  STemWin_CM7_OS_wc16_ot_ARGB.a(GUIDEV_UsageBM.o)
    0x002031fc   0x002031fc   0x00000060   Code   RO         7133    .text.GUI_USAGE_BM_Create  STemWin_CM7_OS_wc16_ot_ARGB.a(GUIDEV_UsageBM.o)
    0x0020325c   0x0020325c   0x000000c0   Code   RO         7129    .text.GUI_USAGE_BM_GetNextDirty  STemWin_CM7_OS_wc16_ot_ARGB.a(GUIDEV_UsageBM.o)
    0x0020331c   0x0020331c   0x00000034   Code   RO         6924    .text.GUI_USAGE_DecUseCnt  STemWin_CM7_OS_wc16_ot_ARGB.a(GUIDEV_Usage.o)
    0x00203350   0x00203350   0x00000014   Code   RO         6483    .text.GUI_Unlock    STemWin_CM7_OS_wc16_ot_ARGB.a(GUI_Task.o)
    0x00203364   0x00203364   0x0000009c   Code   RO         6849    .text.GUI__AllocAlphaBuffer  STemWin_CM7_OS_wc16_ot_ARGB.a(GUI__Alpha.o)
    0x00203400   0x00203400   0x0000002c   Code   RO         7054    .text.GUI__AlphaPreserveTrans  STemWin_CM7_OS_wc16_ot_ARGB.a(GUI_SetAlpha.o)
    0x0020342c   0x0020342c   0x000001a8   Code   RO         7059    .text.GUI__CompactPixelIndices  STemWin_CM7_OS_wc16_ot_ARGB.a(GUI__CompactPixelIndices.o)
    0x002035d4   0x002035d4   0x0000018c   Code   RO         7061    .text.GUI__CompactPixelIndicesEx  STemWin_CM7_OS_wc16_ot_ARGB.a(GUI__CompactPixelIndices.o)
    0x00203760   0x00203760   0x00000084   Code   RO         6233    .text.GUI__Config   STemWin_CM7_OS_wc16_ot_ARGB.a(GUI_Core.o)
    0x002037e4   0x002037e4   0x000000c4   Code   RO         6447    .text.GUI__DispLine  STemWin_CM7_OS_wc16_ot_ARGB.a(GUI_CharLine.o)
    0x002038a8   0x002038a8   0x0000027c   Code   RO         6847    .text.GUI__DoAlphaBlending  STemWin_CM7_OS_wc16_ot_ARGB.a(GUI__Alpha.o)
    0x00203b24   0x00203b24   0x00000188   Code   RO         7066    .text.GUI__ExpandPixelIndicesEx  STemWin_CM7_OS_wc16_ot_ARGB.a(GUI__ExpandPixelIndices.o)
    0x00203cac   0x00203cac   0x00000080   Code   RO         6446    .text.GUI__GetLineDistX  STemWin_CM7_OS_wc16_ot_ARGB.a(GUI_CharLine.o)
    0x00203d2c   0x00203d2c   0x00000050   Code   RO         6444    .text.GUI__GetLineNumChars  STemWin_CM7_OS_wc16_ot_ARGB.a(GUI_CharLine.o)
    0x00203d7c   0x00203d7c   0x0000003c   Code   RO         6530    .text.GUI__IntersectRect  STemWin_CM7_OS_wc16_ot_ARGB.a(GUI__Private.o)
    0x00203db8   0x00203db8   0x00000058   Code   RO         6531    .text.GUI__IntersectRects  STemWin_CM7_OS_wc16_ot_ARGB.a(GUI__Private.o)
    0x00203e10   0x00203e10   0x000000f4   Code   RO         6860    .text.GUI__ManageCache  STemWin_CM7_OS_wc16_ot_ARGB.a(GUI__ManageCache.o)
    0x00203f04   0x00203f04   0x00000058   Code   RO         6845    .text.GUI__MixColors  STemWin_CM7_OS_wc16_ot_ARGB.a(GUI__Alpha.o)
    0x00203f5c   0x00203f5c   0x00000094   Code   RO         6844    .text.GUI__MixColorsBulk  STemWin_CM7_OS_wc16_ot_ARGB.a(GUI__Alpha.o)
    0x00203ff0   0x00203ff0   0x00000028   Code   RO         6236    .text.GUI__RegisterExit  STemWin_CM7_OS_wc16_ot_ARGB.a(GUI_Core.o)
    0x00204018   0x00204018   0x00000080   Code   RO         6533    .text.GUI__memset   STemWin_CM7_OS_wc16_ot_ARGB.a(GUI__Private.o)
    0x00204098   0x00204098   0x00000068   Code   RO         6534    .text.GUI__memset16  STemWin_CM7_OS_wc16_ot_ARGB.a(GUI__Private.o)
    0x00204100   0x00204100   0x00000048   Code   RO         6869    .text.LCD_AA_MixColors16  STemWin_CM7_OS_wc16_ot_ARGB.a(LCD_AA.o)
    0x00204148   0x00204148   0x00000010   Code   RO         6872    .text.LCD_AA_SetOrMask  STemWin_CM7_OS_wc16_ot_ARGB.a(LCD_AA.o)
    0x00204158   0x00204158   0x0000001c   Code   RO         6578    .text.LCD_Color2Index  STemWin_CM7_OS_wc16_ot_ARGB.a(LCD.o)
    0x00204174   0x00204174   0x0000030c   Code   RO         6575    .text.LCD_DrawBitmap  STemWin_CM7_OS_wc16_ot_ARGB.a(LCD.o)
    0x00204480   0x00204480   0x00000050   Code   RO         6571    .text.LCD_DrawHLine  STemWin_CM7_OS_wc16_ot_ARGB.a(LCD.o)
    0x002044d0   0x002044d0   0x00000064   Code   RO         6570    .text.LCD_DrawPixel  STemWin_CM7_OS_wc16_ot_ARGB.a(LCD.o)
    0x00204534   0x00204534   0x00000060   Code   RO         6573    .text.LCD_FillRect  STemWin_CM7_OS_wc16_ot_ARGB.a(LCD.o)
    0x00204594   0x00204594   0x00000020   Code   RO         6321    .text.LCD_GetBitsPerPixelEx  STemWin_CM7_OS_wc16_ot_ARGB.a(LCD_GetEx.o)
    0x002045b4   0x002045b4   0x00000010   Code   RO         6601    .text.LCD_GetBkColorIndex  STemWin_CM7_OS_wc16_ot_ARGB.a(LCD_GetColorIndex.o)
    0x002045c4   0x002045c4   0x00000010   Code   RO         6602    .text.LCD_GetColorIndex  STemWin_CM7_OS_wc16_ot_ARGB.a(LCD_GetColorIndex.o)
    0x002045d4   0x002045d4   0x00000020   Code   RO         6325    .text.LCD_GetMirrorXEx  STemWin_CM7_OS_wc16_ot_ARGB.a(LCD_GetEx.o)
    0x002045f4   0x002045f4   0x00000020   Code   RO         6326    .text.LCD_GetMirrorYEx  STemWin_CM7_OS_wc16_ot_ARGB.a(LCD_GetEx.o)
    0x00204614   0x00204614   0x0000002c   Code   RO         6333    .text.LCD_GetNumColors  STemWin_CM7_OS_wc16_ot_ARGB.a(LCD_GetEx.o)
    0x00204640   0x00204640   0x00000020   Code   RO         6322    .text.LCD_GetNumColorsEx  STemWin_CM7_OS_wc16_ot_ARGB.a(LCD_GetEx.o)
    0x00204660   0x00204660   0x00000020   Code   RO         6881    .text.LCD_GetNumLayers  STemWin_CM7_OS_wc16_ot_ARGB.a(LCD_GetNumDisplays.o)
    0x00204680   0x00204680   0x00000020   Code   RO         6342    .text.LCD_GetPalette  STemWin_CM7_OS_wc16_ot_ARGB.a(LCD_GetEx.o)
    0x002046a0   0x002046a0   0x00000034   Code   RO         6360    .text.LCD_GetPosEx  STemWin_CM7_OS_wc16_ot_ARGB.a(LCD_Set.o)
    0x002046d4   0x002046d4   0x00000020   Code   RO         6327    .text.LCD_GetSwapXYEx  STemWin_CM7_OS_wc16_ot_ARGB.a(LCD_GetEx.o)
    0x002046f4   0x002046f4   0x00000020   Code   RO         6319    .text.LCD_GetVXSizeEx  STemWin_CM7_OS_wc16_ot_ARGB.a(LCD_GetEx.o)
    0x00204714   0x00204714   0x00000034   Code   RO         6349    .text.LCD_GetVXSizeMax  STemWin_CM7_OS_wc16_ot_ARGB.a(LCD_GetEx.o)
    0x00204748   0x00204748   0x00000020   Code   RO         6320    .text.LCD_GetVYSizeEx  STemWin_CM7_OS_wc16_ot_ARGB.a(LCD_GetEx.o)
    0x00204768   0x00204768   0x0000002c   Code   RO         6328    .text.LCD_GetXSize  STemWin_CM7_OS_wc16_ot_ARGB.a(LCD_GetEx.o)
    0x00204794   0x00204794   0x0000000c   Code   RO         6353    .text.LCD_GetXSizeDisplay  STemWin_CM7_OS_wc16_ot_ARGB.a(LCD_GetEx.o)
    0x002047a0   0x002047a0   0x00000020   Code   RO         6317    .text.LCD_GetXSizeEx  STemWin_CM7_OS_wc16_ot_ARGB.a(LCD_GetEx.o)
    0x002047c0   0x002047c0   0x00000034   Code   RO         6347    .text.LCD_GetXSizeMax  STemWin_CM7_OS_wc16_ot_ARGB.a(LCD_GetEx.o)
    0x002047f4   0x002047f4   0x0000002c   Code   RO         6329    .text.LCD_GetYSize  STemWin_CM7_OS_wc16_ot_ARGB.a(LCD_GetEx.o)
    0x00204820   0x00204820   0x0000000c   Code   RO         6354    .text.LCD_GetYSizeDisplay  STemWin_CM7_OS_wc16_ot_ARGB.a(LCD_GetEx.o)
    0x0020482c   0x0020482c   0x00000020   Code   RO         6318    .text.LCD_GetYSizeEx  STemWin_CM7_OS_wc16_ot_ARGB.a(LCD_GetEx.o)
    0x0020484c   0x0020484c   0x00000034   Code   RO         6348    .text.LCD_GetYSizeMax  STemWin_CM7_OS_wc16_ot_ARGB.a(LCD_GetEx.o)
    0x00204880   0x00204880   0x00000074   Code   RO         6594    .text.LCD_GetpPalConvTableBM  STemWin_CM7_OS_wc16_ot_ARGB.a(LCD_Color.o)
    0x002048f4   0x002048f4   0x0000001c   Code   RO         6579    .text.LCD_Index2Color  STemWin_CM7_OS_wc16_ot_ARGB.a(LCD.o)
    0x00204910   0x00204910   0x00000034   Code   RO         6086    .text.LCD_Index2Color_M565  STemWin_CM7_OS_wc16_ot_ARGB.a(GUICC_M565.o)
    0x00204944   0x00204944   0x00000008   Code   RO         6998    .text.LCD_Index2Color_M888  STemWin_CM7_OS_wc16_ot_ARGB.a(GUICC_M888_Index2Color.o)
    0x0020494c   0x0020494c   0x00000004   Code   RO         6994    .text.LCD_Index2Color_M8888I  STemWin_CM7_OS_wc16_ot_ARGB.a(GUICC_M8888I_Index2Color.o)
    0x00204950   0x00204950   0x00000040   Code   RO         6591    .text.LCD_InitColors  STemWin_CM7_OS_wc16_ot_ARGB.a(LCD_Color.o)
    0x00204990   0x00204990   0x00000080   Code   RO         6595    .text.LCD_InitLUT   STemWin_CM7_OS_wc16_ot_ARGB.a(LCD_Color.o)
    0x00204a10   0x00204a10   0x00000220   Code   RO         7070    .text.LCD_ReadRectEx  STemWin_CM7_OS_wc16_ot_ARGB.a(LCD_ReadRect.o)
    0x00204c30   0x00204c30   0x00000044   Code   RO         6635    .text.LCD_SelectLCD  STemWin_CM7_OS_wc16_ot_ARGB.a(LCD_SelectLCD.o)
    0x00204c74   0x00204c74   0x0000000c   Code   RO         6582    .text.LCD_SetBkColor  STemWin_CM7_OS_wc16_ot_ARGB.a(LCD.o)
    0x00204c80   0x00204c80   0x00000018   Code   RO         6581    .text.LCD_SetBkColorIndex  STemWin_CM7_OS_wc16_ot_ARGB.a(LCD.o)
    0x00204c98   0x00204c98   0x00000034   Code   RO         6889    .text.LCD_SetClipRectEx  STemWin_CM7_OS_wc16_ot_ARGB.a(LCD_SetClipRectEx.o)
    0x00204ccc   0x00204ccc   0x0000001c   Code   RO         6576    .text.LCD_SetClipRectMax  STemWin_CM7_OS_wc16_ot_ARGB.a(LCD.o)
    0x00204ce8   0x00204ce8   0x0000000c   Code   RO         6583    .text.LCD_SetColor  STemWin_CM7_OS_wc16_ot_ARGB.a(LCD.o)
    0x00204cf4   0x00204cf4   0x00000018   Code   RO         6580    .text.LCD_SetColorIndex  STemWin_CM7_OS_wc16_ot_ARGB.a(LCD.o)
    0x00204d0c   0x00204d0c   0x0000000c   Code   RO         6352    .text.LCD_SetDisplaySize  STemWin_CM7_OS_wc16_ot_ARGB.a(LCD_GetEx.o)
    0x00204d18   0x00204d18   0x0000000c   Code   RO         6569    .text.LCD_SetDrawMode  STemWin_CM7_OS_wc16_ot_ARGB.a(LCD.o)
    0x00204d24   0x00204d24   0x00000034   Code   RO         6370    .text.LCD_SetLUTEntryEx  STemWin_CM7_OS_wc16_ot_ARGB.a(LCD_Set.o)
    0x00204d58   0x00204d58   0x00000034   Code   RO         6372    .text.LCD_SetSizeEx  STemWin_CM7_OS_wc16_ot_ARGB.a(LCD_Set.o)
    0x00204d8c   0x00204d8c   0x00000030   Code   RO         6374    .text.LCD_SetVRAMAddrEx  STemWin_CM7_OS_wc16_ot_ARGB.a(LCD_Set.o)
    0x00204dbc   0x00204dbc   0x00000034   Code   RO         6375    .text.LCD_SetVSizeEx  STemWin_CM7_OS_wc16_ot_ARGB.a(LCD_Set.o)
    0x00204df0   0x00204df0   0x00000024   Code   RO         6639    .text.LCD_UpdateColorIndices  STemWin_CM7_OS_wc16_ot_ARGB.a(LCD_UpdateColorIndices.o)
    0x00204e14   0x00204e14   0x0000021c   Code   RO         6574    .text.LCD__DrawBitmap_1bpp  STemWin_CM7_OS_wc16_ot_ARGB.a(LCD.o)
    0x00205030   0x00205030   0x00000068   Code   RO         6356    .text.LCD__GetBPPDevice  STemWin_CM7_OS_wc16_ot_ARGB.a(LCD_GetEx.o)
    0x00205098   0x00205098   0x00000010   Code   RO         6717    .text.WM_Activate   STemWin_CM7_OS_wc16_ot_ARGB.a(WM.o)
    0x002050a8   0x002050a8   0x000000a8   Code   RO         6745    .text.WM_BringToBottom  STemWin_CM7_OS_wc16_ot_ARGB.a(WM_Lib.o)
    0x00205150   0x00205150   0x000001d8   Code   RO         6702    .text.WM_CreateWindowAsChild  STemWin_CM7_OS_wc16_ot_ARGB.a(WM.o)
    0x00205328   0x00205328   0x00000020   Code   RO         6718    .text.WM_Deactivate  STemWin_CM7_OS_wc16_ot_ARGB.a(WM.o)
    0x00205348   0x00205348   0x00000060   Code   RO         6719    .text.WM_DefaultProc  STemWin_CM7_OS_wc16_ot_ARGB.a(WM.o)
    0x002053a8   0x002053a8   0x00000244   Code   RO         6692    .text.WM_DeleteWindow.part.3  STemWin_CM7_OS_wc16_ot_ARGB.a(WM.o)
    0x002055ec   0x002055ec   0x00000298   Code   RO         6716    .text.WM_Exec       STemWin_CM7_OS_wc16_ot_ARGB.a(WM.o)
    0x00205884   0x00205884   0x00000018   Code   RO         6741    .text.WM_GetDesktopWindow  STemWin_CM7_OS_wc16_ot_ARGB.a(WM_Lib.o)
    0x0020589c   0x0020589c   0x0000001c   Code   RO         6750    .text.WM_GetFirstChild  STemWin_CM7_OS_wc16_ot_ARGB.a(WM_Lib.o)
    0x002058b8   0x002058b8   0x0000001c   Code   RO         6763    .text.WM_GetParent  STemWin_CM7_OS_wc16_ot_ARGB.a(WM_Lib.o)
    0x002058d4   0x002058d4   0x0000001c   Code   RO         6759    .text.WM_GetWindowOrgX  STemWin_CM7_OS_wc16_ot_ARGB.a(WM_Lib.o)
    0x002058f0   0x002058f0   0x0000015c   Code   RO         6720    .text.WM_Init       STemWin_CM7_OS_wc16_ot_ARGB.a(WM.o)
    0x00205a4c   0x00205a4c   0x000000dc   Code   RO         6690    .text.WM_InvalidateRect.part.2  STemWin_CM7_OS_wc16_ot_ARGB.a(WM.o)
    0x00205b28   0x00205b28   0x00000364   Code   RO         6687    .text.WM_InvalidateWindowAndDescsEx  STemWin_CM7_OS_wc16_ot_ARGB.a(WM.o)
    0x00205e8c   0x00205e8c   0x000000b8   Code   RO         6936    .text.WM_MoveWindow  STemWin_CM7_OS_wc16_ot_ARGB.a(WM_Move.o)
    0x00205f44   0x00205f44   0x00000040   Code   RO         6779    .text.WM_NotifyParent  STemWin_CM7_OS_wc16_ot_ARGB.a(WM_Lib.o)
    0x00205f84   0x00205f84   0x0000004c   Code   RO         6780    .text.WM_OnKey      STemWin_CM7_OS_wc16_ot_ARGB.a(WM_Lib.o)
    0x00205fd0   0x00205fd0   0x00000018   Code   RO         6783    .text.WM_ResizeWindow  STemWin_CM7_OS_wc16_ot_ARGB.a(WM_Lib.o)
    0x00205fe8   0x00205fe8   0x00000100   Code   RO         6725    .text.WM_ResizeWindow.part.11  STemWin_CM7_OS_wc16_ot_ARGB.a(WM_Lib.o)
    0x002060e8   0x002060e8   0x0000001c   Code   RO         6784    .text.WM_SendMessageNoPara  STemWin_CM7_OS_wc16_ot_ARGB.a(WM_Lib.o)
    0x00206104   0x00206104   0x00000040   Code   RO         6785    .text.WM_SendToParent  STemWin_CM7_OS_wc16_ot_ARGB.a(WM_Lib.o)
    0x00206144   0x00206144   0x00000064   Code   RO         6796    .text.WM_SetSize    STemWin_CM7_OS_wc16_ot_ARGB.a(WM_Lib.o)
    0x002061a8   0x002061a8   0x00000128   Code   RO         6681    .text.WM__ActivateClipRect  STemWin_CM7_OS_wc16_ot_ARGB.a(WM.o)
    0x002062d0   0x002062d0   0x00000010   Code   RO         6979    .text.WM__AddCriticalHandle  STemWin_CM7_OS_wc16_ot_ARGB.a(WM__Private.o)
    0x002062e0   0x002062e0   0x00000080   Code   RO         6942    .text.WM__DeleteAssocTimer  STemWin_CM7_OS_wc16_ot_ARGB.a(WM_Timer.o)
    0x00206360   0x00206360   0x00000028   Code   RO         6981    .text.WM__GetClientRectEx  STemWin_CM7_OS_wc16_ot_ARGB.a(WM__Private.o)
    0x00206388   0x00206388   0x0000001c   Code   RO         6699    .text.WM__GetClientRectWin  STemWin_CM7_OS_wc16_ot_ARGB.a(WM.o)
    0x002063a4   0x002063a4   0x00000254   Code   RO         6709    .text.WM__GetNextIVR  STemWin_CM7_OS_wc16_ot_ARGB.a(WM.o)
    0x002065f8   0x002065f8   0x00000034   Code   RO         6968    .text.WM__GetPrevSibling  STemWin_CM7_OS_wc16_ot_ARGB.a(WM__Private.o)
    0x0020662c   0x0020662c   0x00000198   Code   RO         6710    .text.WM__InitIVRSearch  STemWin_CM7_OS_wc16_ot_ARGB.a(WM.o)
    0x002067c4   0x002067c4   0x000000d4   Code   RO         6682    .text.WM__InsertWindowIntoList  STemWin_CM7_OS_wc16_ot_ARGB.a(WM.o)
    0x00206898   0x00206898   0x000002a4   Code   RO         6686    .text.WM__InvalidateDrawAndDescs  STemWin_CM7_OS_wc16_ot_ARGB.a(WM.o)
    0x00206b3c   0x00206b3c   0x000000e8   Code   RO         6694    .text.WM__InvalidateParent  STemWin_CM7_OS_wc16_ot_ARGB.a(WM.o)
    0x00206c24   0x00206c24   0x000000d8   Code   RO         6688    .text.WM__InvalidateRect  STemWin_CM7_OS_wc16_ot_ARGB.a(WM.o)
    0x00206cfc   0x00206cfc   0x000000c4   Code   RO         6695    .text.WM__InvalidateRectEx  STemWin_CM7_OS_wc16_ot_ARGB.a(WM.o)
    0x00206dc0   0x00206dc0   0x000000b8   Code   RO         6711    .text.WM__Paint1    STemWin_CM7_OS_wc16_ot_ARGB.a(WM.o)
    0x00206e78   0x00206e78   0x000000a0   Code   RO         6676    .text.WM__PaintWinAndOverlays  STemWin_CM7_OS_wc16_ot_ARGB.a(WM.o)
    0x00206f18   0x00206f18   0x0000003c   Code   RO         6975    .text.WM__SendMessage  STemWin_CM7_OS_wc16_ot_ARGB.a(WM__Private.o)
    0x00206f54   0x00206f54   0x00000028   Code   RO         6977    .text.WM__SendMessageNoPara  STemWin_CM7_OS_wc16_ot_ARGB.a(WM__Private.o)
    0x00206f7c   0x00206f7c   0x00000018   Code   RO         6698    .text.WM__SendMsgNoData  STemWin_CM7_OS_wc16_ot_ARGB.a(WM.o)
    0x00206f94   0x00206f94   0x00000124   Code   RO         6978    .text.WM__UpdateChildPositions  STemWin_CM7_OS_wc16_ot_ARGB.a(WM__Private.o)
    0x002070b8   0x002070b8   0x0000035c   Code   RO         6096    .text._AddFreeMemory  STemWin_CM7_OS_wc16_ot_ARGB.a(GUI_Alloc.o)
    0x00207414   0x00207414   0x00000374   Code   RO         6099    .text._Alloc        STemWin_CM7_OS_wc16_ot_ARGB.a(GUI_Alloc.o)
    0x00207788   0x00207788   0x00000004   Code   RO         6506    .text._CalcSizeOfChar  STemWin_CM7_OS_wc16_ot_ARGB.a(GUI_UC_EncodeNone.o)
    0x0020778c   0x0020778c   0x0000005c   Code   RO         6089    .text._Color2IndexBulk  STemWin_CM7_OS_wc16_ot_ARGB.a(GUICC_M565.o)
    0x002077e8   0x002077e8   0x00000014   Code   RO         6987    .text._Color2IndexBulk_M8888I  STemWin_CM7_OS_wc16_ot_ARGB.a(GUICC_M8888I.o)
    0x002077fc   0x002077fc   0x00000054   Code   RO         6811    .text._Color2Index_0  STemWin_CM7_OS_wc16_ot_ARGB.a(GUICC_0.o)
    0x00207850   0x00207850   0x0000002c   Code   RO         6087    .text._Color2Index_M565  STemWin_CM7_OS_wc16_ot_ARGB.a(GUICC_M565.o)
    0x0020787c   0x0020787c   0x00000004   Code   RO         6985    .text._Color2Index_M8888I  STemWin_CM7_OS_wc16_ot_ARGB.a(GUICC_M8888I.o)
    0x00207880   0x00207880   0x00000084   Code   RO         6423    .text._CopyBuffer   STemWin_CM7_OS_wc16_ot_ARGB.a(GUIDRV_Lin_16.o)
    0x00207904   0x00207904   0x0000009c   Code   RO         6443    .text._DispLine     STemWin_CM7_OS_wc16_ot_ARGB.a(GUI_CharLine.o)
    0x002079a0   0x002079a0   0x00000724   Code   RO         6412    .text._DrawBitmap   STemWin_CM7_OS_wc16_ot_ARGB.a(GUIDRV_Lin_16.o)
    0x002080c4   0x002080c4   0x00000a38   Code   RO         6655    .text._DrawBitmap   STemWin_CM7_OS_wc16_ot_ARGB.a(GUIDEV_16.o)
    0x00208afc   0x00208afc   0x000009c0   Code   RO         7083    .text._DrawBitmap   STemWin_CM7_OS_wc16_ot_ARGB.a(GUIDEV_32.o)
    0x002094bc   0x002094bc   0x00000010   Code   RO         6410    .text._DrawHLine    STemWin_CM7_OS_wc16_ot_ARGB.a(GUIDRV_Lin_16.o)
    0x002094cc   0x002094cc   0x00000010   Code   RO         6661    .text._DrawHLine    STemWin_CM7_OS_wc16_ot_ARGB.a(GUIDEV_16.o)
    0x002094dc   0x002094dc   0x00000010   Code   RO         7088    .text._DrawHLine    STemWin_CM7_OS_wc16_ot_ARGB.a(GUIDEV_32.o)
    0x002094ec   0x002094ec   0x00000014   Code   RO         6411    .text._DrawVLine    STemWin_CM7_OS_wc16_ot_ARGB.a(GUIDRV_Lin_16.o)
    0x00209500   0x00209500   0x000000e8   Code   RO         6662    .text._DrawVLine    STemWin_CM7_OS_wc16_ot_ARGB.a(GUIDEV_16.o)
    0x002095e8   0x002095e8   0x000000e4   Code   RO         7089    .text._DrawVLine    STemWin_CM7_OS_wc16_ot_ARGB.a(GUIDEV_32.o)
    0x002096cc   0x002096cc   0x00000008   Code   RO         6507    .text._Encode       STemWin_CM7_OS_wc16_ot_ARGB.a(GUI_UC_EncodeNone.o)
    0x002096d4   0x002096d4   0x000000e0   Code   RO         6098    .text._EnlargeBlocks  STemWin_CM7_OS_wc16_ot_ARGB.a(GUI_Alloc.o)
    0x002097b4   0x002097b4   0x00000094   Code   RO         6693    .text._Exec1Input   STemWin_CM7_OS_wc16_ot_ARGB.a(WM.o)
    0x00209848   0x00209848   0x0000027c   Code   RO         6409    .text._FillRect     STemWin_CM7_OS_wc16_ot_ARGB.a(GUIDRV_Lin_16.o)
    0x00209ac4   0x00209ac4   0x00000174   Code   RO         6660    .text._FillRect     STemWin_CM7_OS_wc16_ot_ARGB.a(GUIDEV_16.o)
    0x00209c38   0x00209c38   0x000000ec   Code   RO         7087    .text._FillRect     STemWin_CM7_OS_wc16_ot_ARGB.a(GUIDEV_32.o)
    0x00209d24   0x00209d24   0x000000a4   Code   RO         6670    .text._Findx0       STemWin_CM7_OS_wc16_ot_ARGB.a(WM.o)
    0x00209dc8   0x00209dc8   0x0000008c   Code   RO         6674    .text._Findx0.constprop.10  STemWin_CM7_OS_wc16_ot_ARGB.a(WM.o)
    0x00209e54   0x00209e54   0x00000090   Code   RO         6671    .text._Findx1       STemWin_CM7_OS_wc16_ot_ARGB.a(WM.o)
    0x00209ee4   0x00209ee4   0x000000d0   Code   RO         6669    .text._Findy1       STemWin_CM7_OS_wc16_ot_ARGB.a(WM.o)
    0x00209fb4   0x00209fb4   0x000000a8   Code   RO         6675    .text._Findy1.constprop.11  STemWin_CM7_OS_wc16_ot_ARGB.a(WM.o)
    0x0020a05c   0x0020a05c   0x00000004   Code   RO         7130    .text._GUI_USAGE_BM_Delete  STemWin_CM7_OS_wc16_ot_ARGB.a(GUIDEV_UsageBM.o)
    0x0020a060   0x0020a060   0x00000004   Code   RO         6504    .text._GetCharCode  STemWin_CM7_OS_wc16_ot_ARGB.a(GUI_UC_EncodeNone.o)
    0x0020a064   0x0020a064   0x00000004   Code   RO         6505    .text._GetCharSize  STemWin_CM7_OS_wc16_ot_ARGB.a(GUI_UC_EncodeNone.o)
    0x0020a068   0x0020a068   0x00000010   Code   RO         6400    .text._GetDevData   STemWin_CM7_OS_wc16_ot_ARGB.a(GUIDRV_Lin_16.o)
    0x0020a078   0x0020a078   0x00000010   Code   RO         6651    .text._GetDevData   STemWin_CM7_OS_wc16_ot_ARGB.a(GUIDEV_16.o)
    0x0020a088   0x0020a088   0x00000010   Code   RO         7078    .text._GetDevData   STemWin_CM7_OS_wc16_ot_ARGB.a(GUIDEV_32.o)
    0x0020a098   0x0020a098   0x000000e8   Code   RO         6402    .text._GetDevFunc   STemWin_CM7_OS_wc16_ot_ARGB.a(GUIDRV_Lin_16.o)
    0x0020a180   0x0020a180   0x00000010   Code   RO         6652    .text._GetDevFunc   STemWin_CM7_OS_wc16_ot_ARGB.a(GUIDEV_16.o)
    0x0020a190   0x0020a190   0x00000010   Code   RO         7079    .text._GetDevFunc   STemWin_CM7_OS_wc16_ot_ARGB.a(GUIDEV_32.o)
    0x0020a1a0   0x0020a1a0   0x0000003c   Code   RO         6399    .text._GetDevProp   STemWin_CM7_OS_wc16_ot_ARGB.a(GUIDRV_Lin_16.o)
    0x0020a1dc   0x0020a1dc   0x00000018   Code   RO         6656    .text._GetDevProp   STemWin_CM7_OS_wc16_ot_ARGB.a(GUIDEV_16.o)
    0x0020a1f4   0x0020a1f4   0x0000000c   Code   RO         7080    .text._GetDevProp   STemWin_CM7_OS_wc16_ot_ARGB.a(GUIDEV_32.o)
    0x0020a200   0x0020a200   0x0000004c   Code   RO         6809    .text._GetIndexMask_0  STemWin_CM7_OS_wc16_ot_ARGB.a(GUICC_0.o)
    0x0020a24c   0x0020a24c   0x00000008   Code   RO         6088    .text._GetIndexMask_M565  STemWin_CM7_OS_wc16_ot_ARGB.a(GUICC_M565.o)
    0x0020a254   0x0020a254   0x00000008   Code   RO         6986    .text._GetIndexMask_M8888I  STemWin_CM7_OS_wc16_ot_ARGB.a(GUICC_M8888I.o)
    0x0020a25c   0x0020a25c   0x00000010   Code   RO         6397    .text._GetPixelIndex  STemWin_CM7_OS_wc16_ot_ARGB.a(GUIDRV_Lin_16.o)
    0x0020a26c   0x0020a26c   0x00000040   Code   RO         6657    .text._GetPixelIndex  STemWin_CM7_OS_wc16_ot_ARGB.a(GUIDEV_16.o)
    0x0020a2ac   0x0020a2ac   0x00000040   Code   RO         7084    .text._GetPixelIndex  STemWin_CM7_OS_wc16_ot_ARGB.a(GUIDEV_32.o)
    0x0020a2ec   0x0020a2ec   0x00000030   Code   RO         6415    .text._GetPos       STemWin_CM7_OS_wc16_ot_ARGB.a(GUIDRV_Lin_16.o)
    0x0020a31c   0x0020a31c   0x00000018   Code   RO         6395    .text._GetRect      STemWin_CM7_OS_wc16_ot_ARGB.a(GUIDRV_Lin_16.o)
    0x0020a334   0x0020a334   0x00000038   Code   RO         6654    .text._GetRect      STemWin_CM7_OS_wc16_ot_ARGB.a(GUIDEV_16.o)
    0x0020a36c   0x0020a36c   0x00000038   Code   RO         7082    .text._GetRect      STemWin_CM7_OS_wc16_ot_ARGB.a(GUIDEV_32.o)
    0x0020a3a4   0x0020a3a4   0x00000070   Code   RO         6090    .text._Index2ColorBulk  STemWin_CM7_OS_wc16_ot_ARGB.a(GUICC_M565.o)
    0x0020a414   0x0020a414   0x00000014   Code   RO         6988    .text._Index2ColorBulk_M8888I  STemWin_CM7_OS_wc16_ot_ARGB.a(GUICC_M8888I.o)
    0x0020a428   0x0020a428   0x00000020   Code   RO         6810    .text._Index2Color_0  STemWin_CM7_OS_wc16_ot_ARGB.a(GUICC_0.o)
    0x0020a448   0x0020a448   0x00000030   Code   RO         6413    .text._Init         STemWin_CM7_OS_wc16_ot_ARGB.a(GUIDRV_Lin_16.o)
    0x0020a478   0x0020a478   0x00000080   Code   RO         6221    .text._InitContext  STemWin_CM7_OS_wc16_ot_ARGB.a(GUI_Core.o)
    0x0020a4f8   0x0020a4f8   0x000000e4   Code   RO         6678    .text._Invalidate1Abs  STemWin_CM7_OS_wc16_ot_ARGB.a(WM.o)
    0x0020a5dc   0x0020a5dc   0x00000004   Code   RO         6442    .text._Log2VisBuffered  STemWin_CM7_OS_wc16_ot_ARGB.a(GUI_CharLine.o)
    0x0020a5e0   0x0020a5e0   0x00000258   Code   RO         6933    .text._MoveDescendents  STemWin_CM7_OS_wc16_ot_ARGB.a(WM_Move.o)
    0x0020a838   0x0020a838   0x0000000c   Code   RO         6406    .text._Off          STemWin_CM7_OS_wc16_ot_ARGB.a(GUIDRV_Lin_16.o)
    0x0020a844   0x0020a844   0x0000000c   Code   RO         6407    .text._On           STemWin_CM7_OS_wc16_ot_ARGB.a(GUIDRV_Lin_16.o)
    0x0020a850   0x0020a850   0x00000044   Code   RO         6222    .text._OnExit       STemWin_CM7_OS_wc16_ot_ARGB.a(GUI_Core.o)
    0x0020a894   0x0020a894   0x00000014   Code   RO         6482    .text._OnExit       STemWin_CM7_OS_wc16_ot_ARGB.a(GUI_Task.o)
    0x0020a8a8   0x0020a8a8   0x0000001c   Code   RO         6589    .text._OnExit       STemWin_CM7_OS_wc16_ot_ARGB.a(LCD_Color.o)
    0x0020a8c4   0x0020a8c4   0x000000a0   Code   RO         6668    .text._OnExit       STemWin_CM7_OS_wc16_ot_ARGB.a(WM.o)
    0x0020a964   0x0020a964   0x00000028   Code   RO         6846    .text._OnExit       STemWin_CM7_OS_wc16_ot_ARGB.a(GUI__Alpha.o)
    0x0020a98c   0x0020a98c   0x000000c0   Code   RO         6672    .text._Paint1Trans  STemWin_CM7_OS_wc16_ot_ARGB.a(WM.o)
    0x0020aa4c   0x0020aa4c   0x000000d8   Code   RO         6673    .text._PaintTransChildren  STemWin_CM7_OS_wc16_ot_ARGB.a(WM.o)
    0x0020ab24   0x0020ab24   0x000000c8   Code   RO         6401    .text._ReadRect     STemWin_CM7_OS_wc16_ot_ARGB.a(GUIDRV_Lin_16.o)
    0x0020abec   0x0020abec   0x000001b0   Code   RO         6097    .text._RemoveHoles  STemWin_CM7_OS_wc16_ot_ARGB.a(GUI_Alloc.o)
    0x0020ad9c   0x0020ad9c   0x00000040   Code   RO         6417    .text._SetAlpha     STemWin_CM7_OS_wc16_ot_ARGB.a(GUIDRV_Lin_16.o)
    0x0020addc   0x0020addc   0x00000018   Code   RO         6405    .text._SetAlphaMode  STemWin_CM7_OS_wc16_ot_ARGB.a(GUIDRV_Lin_16.o)
    0x0020adf4   0x0020adf4   0x00000038   Code   RO         6566    .text._SetBkColor   STemWin_CM7_OS_wc16_ot_ARGB.a(LCD.o)
    0x0020ae2c   0x0020ae2c   0x00000018   Code   RO         6403    .text._SetChroma    STemWin_CM7_OS_wc16_ot_ARGB.a(GUIDRV_Lin_16.o)
    0x0020ae44   0x0020ae44   0x00000018   Code   RO         6404    .text._SetChromaMode  STemWin_CM7_OS_wc16_ot_ARGB.a(GUIDRV_Lin_16.o)
    0x0020ae5c   0x0020ae5c   0x00000038   Code   RO         6567    .text._SetColor     STemWin_CM7_OS_wc16_ot_ARGB.a(LCD.o)
    0x0020ae94   0x0020ae94   0x00000070   Code   RO         6422    .text._SetDevFunc   STemWin_CM7_OS_wc16_ot_ARGB.a(GUIDRV_Lin_16.o)
    0x0020af04   0x0020af04   0x00000030   Code   RO         6568    .text._SetDrawMode  STemWin_CM7_OS_wc16_ot_ARGB.a(LCD.o)
    0x0020af34   0x0020af34   0x000000d0   Code   RO         6408    .text._SetOrg       STemWin_CM7_OS_wc16_ot_ARGB.a(GUIDRV_Lin_16.o)
    0x0020b004   0x0020b004   0x0000000c   Code   RO         6653    .text._SetOrg       STemWin_CM7_OS_wc16_ot_ARGB.a(GUIDEV_16.o)
    0x0020b010   0x0020b010   0x00000008   Code   RO         7081    .text._SetOrg       STemWin_CM7_OS_wc16_ot_ARGB.a(GUIDEV_32.o)
    0x0020b018   0x0020b018   0x00000018   Code   RO         6396    .text._SetPixelIndex  STemWin_CM7_OS_wc16_ot_ARGB.a(GUIDRV_Lin_16.o)
    0x0020b030   0x0020b030   0x00000078   Code   RO         6658    .text._SetPixelIndex  STemWin_CM7_OS_wc16_ot_ARGB.a(GUIDEV_16.o)
    0x0020b0a8   0x0020b0a8   0x00000078   Code   RO         7085    .text._SetPixelIndex  STemWin_CM7_OS_wc16_ot_ARGB.a(GUIDEV_32.o)
    0x0020b120   0x0020b120   0x00000178   Code   RO         6424    .text._SetPos       STemWin_CM7_OS_wc16_ot_ARGB.a(GUIDRV_Lin_16.o)
    0x0020b298   0x0020b298   0x0000005c   Code   RO         6421    .text._SetSize      STemWin_CM7_OS_wc16_ot_ARGB.a(GUIDRV_Lin_16.o)
    0x0020b2f4   0x0020b2f4   0x00000040   Code   RO         6419    .text._SetVRAMAddr  STemWin_CM7_OS_wc16_ot_ARGB.a(GUIDRV_Lin_16.o)
    0x0020b334   0x0020b334   0x0000002c   Code   RO         6414    .text._SetVRAM_BufferPTR  STemWin_CM7_OS_wc16_ot_ARGB.a(GUIDRV_Lin_16.o)
    0x0020b360   0x0020b360   0x00000038   Code   RO         6420    .text._SetVSize     STemWin_CM7_OS_wc16_ot_ARGB.a(GUIDRV_Lin_16.o)
    0x0020b398   0x0020b398   0x00000040   Code   RO         6418    .text._SetVis       STemWin_CM7_OS_wc16_ot_ARGB.a(GUIDRV_Lin_16.o)
    0x0020b3d8   0x0020b3d8   0x0000003c   Code   RO         6416    .text._ShowBuffer   STemWin_CM7_OS_wc16_ot_ARGB.a(GUIDRV_Lin_16.o)
    0x0020b414   0x0020b414   0x00000198   Code   RO         7217    .text._WriteToActiveAlpha  STemWin_CM7_OS_wc16_ot_ARGB.a(GUIDEV_WriteToActiveAlpha.o)
    0x0020b5ac   0x0020b5ac   0x00000030   Code   RO         6398    .text._XorPixel     STemWin_CM7_OS_wc16_ot_ARGB.a(GUIDRV_Lin_16.o)
    0x0020b5dc   0x0020b5dc   0x00000084   Code   RO         6659    .text._XorPixel     STemWin_CM7_OS_wc16_ot_ARGB.a(GUIDEV_16.o)
    0x0020b660   0x0020b660   0x00000084   Code   RO         7086    .text._XorPixel     STemWin_CM7_OS_wc16_ot_ARGB.a(GUIDEV_32.o)
    0x0020b6e4   0x0020b6e4   0x000000b0   Code   RO         6691    .text._cbBackWin    STemWin_CM7_OS_wc16_ot_ARGB.a(WM.o)
    0x0020b794   0x0020b794   0x00000070   Code   RO         6677    .text._cbPaintMemDev  STemWin_CM7_OS_wc16_ot_ARGB.a(WM.o)
    0x0020b804   0x0020b804   0x00000110   Code   RO         6577    .text.emWin_LCD_Init  STemWin_CM7_OS_wc16_ot_ARGB.a(LCD.o)
    0x0020b914   0x0020b914   0x0000000c   Code   RO          495    i.BSP_SD_GetCardInfo  bsp_driver_sd.o
    0x0020b920   0x0020b920   0x00000018   Code   RO          496    i.BSP_SD_GetCardState  bsp_driver_sd.o
    0x0020b938   0x0020b938   0x00000034   Code   RO          498    i.BSP_SD_Init       bsp_driver_sd.o
    0x0020b96c   0x0020b96c   0x0000001c   Code   RO          501    i.BSP_SD_ReadBlocks_DMA  bsp_driver_sd.o
    0x0020b988   0x0020b988   0x00000014   Code   RO          607    i.BSP_SD_ReadCpltCallback  sd_diskio.o
    0x0020b99c   0x0020b99c   0x0000001c   Code   RO          504    i.BSP_SD_WriteBlocks_DMA  bsp_driver_sd.o
    0x0020b9b8   0x0020b9b8   0x00000002   Code   RO          330    i.BusFault_Handler  stm32f7xx_it.o
    0x0020b9ba   0x0020b9ba   0x00000028   Code   RO         3107    i.DMA_SetConfig     stm32f7xx_hal_dma.o
    0x0020b9e2   0x0020b9e2   0x00000002   Code   RO          331    i.DebugMon_Handler  stm32f7xx_it.o
    0x0020b9e4   0x0020b9e4   0x00000006   Code   RO          332    i.EXTI0_IRQHandler  stm32f7xx_it.o
    0x0020b9ea   0x0020b9ea   0x00000008   Code   RO          333    i.EXTI15_10_IRQHandler  stm32f7xx_it.o
    0x0020b9f2   0x0020b9f2   0x00000006   Code   RO          334    i.EXTI2_IRQHandler  stm32f7xx_it.o
    0x0020b9f8   0x0020b9f8   0x00000006   Code   RO          335    i.EXTI3_IRQHandler  stm32f7xx_it.o
    0x0020b9fe   0x0020b9fe   0x00000006   Code   RO          336    i.EXTI9_5_IRQHandler  stm32f7xx_it.o
    0x0020ba04   0x0020ba04   0x00000002   Code   RO           13    i.Error_Handler     main.o
    0x0020ba06   0x0020ba06   0x00000006   Code   RO         4684    i.FATFS_LinkDriver  ff_gen_drv.o
    0x0020ba0c   0x0020ba0c   0x00000040   Code   RO         4685    i.FATFS_LinkDriverEx  ff_gen_drv.o
    0x0020ba4c   0x0020ba4c   0x0000005e   Code   RO          949    i.FMC_SDRAM_Init    stm32f7xx_ll_fmc.o
    0x0020baaa   0x0020baaa   0x0000000c   Code   RO          950    i.FMC_SDRAM_ProgramRefreshRate  stm32f7xx_ll_fmc.o
    0x0020bab6   0x0020bab6   0x00000020   Code   RO          951    i.FMC_SDRAM_SendCommand  stm32f7xx_ll_fmc.o
    0x0020bad6   0x0020bad6   0x00000002   PAD
    0x0020bad8   0x0020bad8   0x0000008c   Code   RO          953    i.FMC_SDRAM_Timing_Init  stm32f7xx_ll_fmc.o
    0x0020bb64   0x0020bb64   0x00000012   Code   RO          859    i.GRAPHICS_HW_Init  stemwin_wrapper.o
    0x0020bb76   0x0020bb76   0x00000004   Code   RO          860    i.GRAPHICS_Init     stemwin_wrapper.o
    0x0020bb7a   0x0020bb7a   0x00000002   PAD
    0x0020bb7c   0x0020bb7c   0x00000050   Code   RO          749    i.GRAPHICS_MainTask  gui_app.o
    0x0020bbcc   0x0020bbcc   0x00000010   Code   RO          773    i.GUI_X_Config      guiconf.o
    0x0020bbdc   0x0020bbdc   0x00000004   Code   RO         5997    i.GUI_X_Delay       gui_x_os.o
    0x0020bbe0   0x0020bbe0   0x00000004   Code   RO         6000    i.GUI_X_GetTaskId   gui_x_os.o
    0x0020bbe4   0x0020bbe4   0x00000004   Code   RO         6001    i.GUI_X_GetTime     gui_x_os.o
    0x0020bbe8   0x0020bbe8   0x00000002   Code   RO         6002    i.GUI_X_Init        gui_x_os.o
    0x0020bbea   0x0020bbea   0x00000002   PAD
    0x0020bbec   0x0020bbec   0x00000024   Code   RO         6003    i.GUI_X_InitOS      gui_x_os.o
    0x0020bc10   0x0020bc10   0x00000010   Code   RO         6004    i.GUI_X_Lock        gui_x_os.o
    0x0020bc20   0x0020bc20   0x0000000c   Code   RO         6007    i.GUI_X_Unlock      gui_x_os.o
    0x0020bc2c   0x0020bc2c   0x0000004e   Code   RO         1740    i.HAL_CRCEx_Polynomial_Set  stm32f7xx_hal_crc_ex.o
    0x0020bc7a   0x0020bc7a   0x00000002   PAD
    0x0020bc7c   0x0020bc7c   0x00000078   Code   RO         1674    i.HAL_CRC_Init      stm32f7xx_hal_crc.o
    0x0020bcf4   0x0020bcf4   0x00000028   Code   RO          434    i.HAL_CRC_MspInit   stm32f7xx_hal_msp.o
    0x0020bd1c   0x0020bd1c   0x00000024   Code   RO         3109    i.HAL_DMA_Abort_IT  stm32f7xx_hal_dma.o
    0x0020bd40   0x0020bd40   0x00000004   Code   RO         3111    i.HAL_DMA_GetError  stm32f7xx_hal_dma.o
    0x0020bd44   0x0020bd44   0x0000007a   Code   RO         3118    i.HAL_DMA_Start_IT  stm32f7xx_hal_dma.o
    0x0020bdbe   0x0020bdbe   0x00000002   PAD
    0x0020bdc0   0x0020bdc0   0x00000024   Code   RO         3475    i.HAL_Delay         stm32f7xx_hal.o
    0x0020bde4   0x0020bde4   0x000000a0   Code   RO          790    i.HAL_FMC_MspInit   hw_init.o
    0x0020be84   0x0020be84   0x00000184   Code   RO         3039    i.HAL_GPIO_DeInit   stm32f7xx_hal_gpio.o
    0x0020c008   0x0020c008   0x00000002   Code   RO         3040    i.HAL_GPIO_EXTI_Callback  stm32f7xx_hal_gpio.o
    0x0020c00a   0x0020c00a   0x00000002   PAD
    0x0020c00c   0x0020c00c   0x00000018   Code   RO         3041    i.HAL_GPIO_EXTI_IRQHandler  stm32f7xx_hal_gpio.o
    0x0020c024   0x0020c024   0x000001d8   Code   RO         3042    i.HAL_GPIO_Init     stm32f7xx_hal_gpio.o
    0x0020c1fc   0x0020c1fc   0x0000000a   Code   RO         3046    i.HAL_GPIO_WritePin  stm32f7xx_hal_gpio.o
    0x0020c206   0x0020c206   0x00000002   PAD
    0x0020c208   0x0020c208   0x0000000c   Code   RO         3485    i.HAL_GetTick       stm32f7xx_hal.o
    0x0020c214   0x0020c214   0x00000010   Code   RO         3491    i.HAL_IncTick       stm32f7xx_hal.o
    0x0020c224   0x0020c224   0x0000002c   Code   RO         3492    i.HAL_Init          stm32f7xx_hal.o
    0x0020c250   0x0020c250   0x00000040   Code   RO         3493    i.HAL_InitTick      stm32f7xx_hal.o
    0x0020c290   0x0020c290   0x0000008c   Code   RO         1240    i.HAL_LTDC_ConfigCLUT  stm32f7xx_hal_ltdc.o
    0x0020c31c   0x0020c31c   0x00000040   Code   RO         1241    i.HAL_LTDC_ConfigColorKeying  stm32f7xx_hal_ltdc.o
    0x0020c35c   0x0020c35c   0x00000052   Code   RO         1243    i.HAL_LTDC_ConfigLayer  stm32f7xx_hal_ltdc.o
    0x0020c3ae   0x0020c3ae   0x00000018   Code   RO         1245    i.HAL_LTDC_DeInit   stm32f7xx_hal_ltdc.o
    0x0020c3c6   0x0020c3c6   0x0000003c   Code   RO         1248    i.HAL_LTDC_DisableColorKeying  stm32f7xx_hal_ltdc.o
    0x0020c402   0x0020c402   0x0000003c   Code   RO         1253    i.HAL_LTDC_EnableColorKeying  stm32f7xx_hal_ltdc.o
    0x0020c43e   0x0020c43e   0x00000002   PAD
    0x0020c440   0x0020c440   0x000000f8   Code   RO         1260    i.HAL_LTDC_Init     stm32f7xx_hal_ltdc.o
    0x0020c538   0x0020c538   0x0000005c   Code   RO          791    i.HAL_LTDC_MspDeInit  hw_init.o
    0x0020c594   0x0020c594   0x000000d0   Code   RO          792    i.HAL_LTDC_MspInit  hw_init.o
    0x0020c664   0x0020c664   0x00000044   Code   RO         1267    i.HAL_LTDC_SetAddress  stm32f7xx_hal_ltdc.o
    0x0020c6a8   0x0020c6a8   0x00000044   Code   RO         1269    i.HAL_LTDC_SetAlpha  stm32f7xx_hal_ltdc.o
    0x0020c6ec   0x0020c6ec   0x00000054   Code   RO         1275    i.HAL_LTDC_SetWindowPosition  stm32f7xx_hal_ltdc.o
    0x0020c740   0x0020c740   0x0000005c   Code   RO         1533    i.HAL_MPU_ConfigRegion  stm32f7xx_hal_cortex.o
    0x0020c79c   0x0020c79c   0x0000001c   Code   RO         1534    i.HAL_MPU_Disable   stm32f7xx_hal_cortex.o
    0x0020c7b8   0x0020c7b8   0x00000024   Code   RO         1535    i.HAL_MPU_Enable    stm32f7xx_hal_cortex.o
    0x0020c7dc   0x0020c7dc   0x00000038   Code   RO          435    i.HAL_MspInit       stm32f7xx_hal_msp.o
    0x0020c814   0x0020c814   0x0000001a   Code   RO         1538    i.HAL_NVIC_EnableIRQ  stm32f7xx_hal_cortex.o
    0x0020c82e   0x0020c82e   0x00000002   PAD
    0x0020c830   0x0020c830   0x00000040   Code   RO         1544    i.HAL_NVIC_SetPriority  stm32f7xx_hal_cortex.o
    0x0020c870   0x0020c870   0x00000024   Code   RO         1545    i.HAL_NVIC_SetPriorityGrouping  stm32f7xx_hal_cortex.o
    0x0020c894   0x0020c894   0x0000006c   Code   RO         3382    i.HAL_PWREx_EnableOverDrive  stm32f7xx_hal_pwr_ex.o
    0x0020c900   0x0020c900   0x0000053c   Code   RO         2803    i.HAL_RCCEx_PeriphCLKConfig  stm32f7xx_hal_rcc_ex.o
    0x0020ce3c   0x0020ce3c   0x0000012c   Code   RO         2696    i.HAL_RCC_ClockConfig  stm32f7xx_hal_rcc.o
    0x0020cf68   0x0020cf68   0x00000010   Code   RO         2699    i.HAL_RCC_EnableCSS  stm32f7xx_hal_rcc.o
    0x0020cf78   0x0020cf78   0x00000020   Code   RO         2703    i.HAL_RCC_GetPCLK1Freq  stm32f7xx_hal_rcc.o
    0x0020cf98   0x0020cf98   0x00000020   Code   RO         2704    i.HAL_RCC_GetPCLK2Freq  stm32f7xx_hal_rcc.o
    0x0020cfb8   0x0020cfb8   0x00000064   Code   RO         2705    i.HAL_RCC_GetSysClockFreq  stm32f7xx_hal_rcc.o
    0x0020d01c   0x0020d01c   0x0000033c   Code   RO         2708    i.HAL_RCC_OscConfig  stm32f7xx_hal_rcc.o
    0x0020d358   0x0020d358   0x00000042   Code   RO         1090    i.HAL_SDRAM_Init    stm32f7xx_hal_sdram.o
    0x0020d39a   0x0020d39a   0x00000004   Code   RO          794    i.HAL_SDRAM_MspInit  hw_init.o
    0x0020d39e   0x0020d39e   0x00000022   Code   RO         1093    i.HAL_SDRAM_ProgramRefreshRate  stm32f7xx_hal_sdram.o
    0x0020d3c0   0x0020d3c0   0x00000030   Code   RO         1099    i.HAL_SDRAM_SendCommand  stm32f7xx_hal_sdram.o
    0x0020d3f0   0x0020d3f0   0x00000078   Code   RO         2041    i.HAL_SD_ConfigWideBusOperation  stm32f7xx_hal_sd.o
    0x0020d468   0x0020d468   0x00000002   Code   RO         2044    i.HAL_SD_ErrorCallback  stm32f7xx_hal_sd.o
    0x0020d46a   0x0020d46a   0x000001fa   Code   RO         2046    i.HAL_SD_GetCardCSD  stm32f7xx_hal_sd.o
    0x0020d664   0x0020d664   0x00000024   Code   RO         2047    i.HAL_SD_GetCardInfo  stm32f7xx_hal_sd.o
    0x0020d688   0x0020d688   0x0000002c   Code   RO         2048    i.HAL_SD_GetCardState  stm32f7xx_hal_sd.o
    0x0020d6b4   0x0020d6b4   0x00000036   Code   RO         2053    i.HAL_SD_Init       stm32f7xx_hal_sd.o
    0x0020d6ea   0x0020d6ea   0x0000005c   Code   RO         2054    i.HAL_SD_InitCard   stm32f7xx_hal_sd.o
    0x0020d746   0x0020d746   0x00000002   PAD
    0x0020d748   0x0020d748   0x00000088   Code   RO          437    i.HAL_SD_MspInit    stm32f7xx_hal_msp.o
    0x0020d7d0   0x0020d7d0   0x000000f4   Code   RO         2058    i.HAL_SD_ReadBlocks_DMA  stm32f7xx_hal_sd.o
    0x0020d8c4   0x0020d8c4   0x00000008   Code   RO          507    i.HAL_SD_RxCpltCallback  bsp_driver_sd.o
    0x0020d8cc   0x0020d8cc   0x000000f8   Code   RO         2063    i.HAL_SD_WriteBlocks_DMA  stm32f7xx_hal_sd.o
    0x0020d9c4   0x0020d9c4   0x00000026   Code   RO         1549    i.HAL_SYSTICK_Config  stm32f7xx_hal_cortex.o
    0x0020d9ea   0x0020d9ea   0x00000002   Code   RO         2331    i.HAL_UART_ErrorCallback  stm32f7xx_hal_uart.o
    0x0020d9ec   0x0020d9ec   0x00000128   Code   RO         2334    i.HAL_UART_IRQHandler  stm32f7xx_hal_uart.o
    0x0020db14   0x0020db14   0x00000066   Code   RO         2335    i.HAL_UART_Init     stm32f7xx_hal_uart.o
    0x0020db7a   0x0020db7a   0x00000002   PAD
    0x0020db7c   0x0020db7c   0x00000074   Code   RO          439    i.HAL_UART_MspInit  stm32f7xx_hal_msp.o
    0x0020dbf0   0x0020dbf0   0x00000002   Code   RO         2346    i.HAL_UART_TxCpltCallback  stm32f7xx_hal_uart.o
    0x0020dbf2   0x0020dbf2   0x00000002   Code   RO          337    i.HardFault_Handler  stm32f7xx_it.o
    0x0020dbf4   0x0020dbf4   0x000000d8   Code   RO          862    i.LCD_X_Config      stemwin_wrapper.o
    0x0020dccc   0x0020dccc   0x00000110   Code   RO          863    i.LCD_X_DisplayDriver  stemwin_wrapper.o
    0x0020dddc   0x0020dddc   0x000001d0   Code   RO         1279    i.LTDC_SetConfig    stm32f7xx_hal_ltdc.o
    0x0020dfac   0x0020dfac   0x0000001c   Code   RO          708    i.MX_FATFS_Init     fatfs.o
    0x0020dfc8   0x0020dfc8   0x00000068   Code   RO          795    i.MX_FMC_Init       hw_init.o
    0x0020e030   0x0020e030   0x00000184   Code   RO           14    i.MX_GPIO_Init      main.o
    0x0020e1b4   0x0020e1b4   0x000000e4   Code   RO          796    i.MX_LCD_Init       hw_init.o
    0x0020e298   0x0020e298   0x0000008c   Code   RO          797    i.MX_SDRAM_InitEx   hw_init.o
    0x0020e324   0x0020e324   0x00000030   Code   RO           15    i.MX_USART1_UART_Init  main.o
    0x0020e354   0x0020e354   0x00000002   Code   RO          338    i.MemManage_Handler  stm32f7xx_it.o
    0x0020e356   0x0020e356   0x00000002   Code   RO          339    i.NMI_Handler       stm32f7xx_it.o
    0x0020e358   0x0020e358   0x00000032   Code   RO         1774    i.SDMMC_CmdAppCommand  stm32f7xx_ll_sdmmc.o
    0x0020e38a   0x0020e38a   0x00000002   PAD
    0x0020e38c   0x0020e38c   0x00000034   Code   RO         1775    i.SDMMC_CmdAppOperCommand  stm32f7xx_ll_sdmmc.o
    0x0020e3c0   0x0020e3c0   0x00000032   Code   RO         1776    i.SDMMC_CmdBlockLength  stm32f7xx_ll_sdmmc.o
    0x0020e3f2   0x0020e3f2   0x00000032   Code   RO         1777    i.SDMMC_CmdBusWidth  stm32f7xx_ll_sdmmc.o
    0x0020e424   0x0020e424   0x00000050   Code   RO         1781    i.SDMMC_CmdGoIdleState  stm32f7xx_ll_sdmmc.o
    0x0020e474   0x0020e474   0x00000064   Code   RO         1783    i.SDMMC_CmdOperCond  stm32f7xx_ll_sdmmc.o
    0x0020e4d8   0x0020e4d8   0x00000032   Code   RO         1784    i.SDMMC_CmdReadMultiBlock  stm32f7xx_ll_sdmmc.o
    0x0020e50a   0x0020e50a   0x00000032   Code   RO         1785    i.SDMMC_CmdReadSingleBlock  stm32f7xx_ll_sdmmc.o
    0x0020e53c   0x0020e53c   0x00000030   Code   RO         1788    i.SDMMC_CmdSelDesel  stm32f7xx_ll_sdmmc.o
    0x0020e56c   0x0020e56c   0x0000002a   Code   RO         1789    i.SDMMC_CmdSendCID  stm32f7xx_ll_sdmmc.o
    0x0020e596   0x0020e596   0x0000002e   Code   RO         1790    i.SDMMC_CmdSendCSD  stm32f7xx_ll_sdmmc.o
    0x0020e5c4   0x0020e5c4   0x00000030   Code   RO         1791    i.SDMMC_CmdSendSCR  stm32f7xx_ll_sdmmc.o
    0x0020e5f4   0x0020e5f4   0x00000032   Code   RO         1792    i.SDMMC_CmdSendStatus  stm32f7xx_ll_sdmmc.o
    0x0020e626   0x0020e626   0x00000030   Code   RO         1793    i.SDMMC_CmdSetRelAdd  stm32f7xx_ll_sdmmc.o
    0x0020e656   0x0020e656   0x00000002   PAD
    0x0020e658   0x0020e658   0x00000034   Code   RO         1795    i.SDMMC_CmdStopTransfer  stm32f7xx_ll_sdmmc.o
    0x0020e68c   0x0020e68c   0x00000032   Code   RO         1797    i.SDMMC_CmdWriteMultiBlock  stm32f7xx_ll_sdmmc.o
    0x0020e6be   0x0020e6be   0x00000032   Code   RO         1798    i.SDMMC_CmdWriteSingleBlock  stm32f7xx_ll_sdmmc.o
    0x0020e6f0   0x0020e6f0   0x00000026   Code   RO         1799    i.SDMMC_ConfigData  stm32f7xx_ll_sdmmc.o
    0x0020e716   0x0020e716   0x00000002   PAD
    0x0020e718   0x0020e718   0x0000011c   Code   RO         1800    i.SDMMC_GetCmdResp1  stm32f7xx_ll_sdmmc.o
    0x0020e834   0x0020e834   0x00000050   Code   RO         1801    i.SDMMC_GetCmdResp2  stm32f7xx_ll_sdmmc.o
    0x0020e884   0x0020e884   0x00000040   Code   RO         1802    i.SDMMC_GetCmdResp3  stm32f7xx_ll_sdmmc.o
    0x0020e8c4   0x0020e8c4   0x00000084   Code   RO         1803    i.SDMMC_GetCmdResp6  stm32f7xx_ll_sdmmc.o
    0x0020e948   0x0020e948   0x00000008   Code   RO         1807    i.SDMMC_GetPowerState  stm32f7xx_ll_sdmmc.o
    0x0020e950   0x0020e950   0x0000000c   Code   RO         1808    i.SDMMC_GetResponse  stm32f7xx_ll_sdmmc.o
    0x0020e95c   0x0020e95c   0x00000022   Code   RO         1809    i.SDMMC_Init        stm32f7xx_ll_sdmmc.o
    0x0020e97e   0x0020e97e   0x00000008   Code   RO         1811    i.SDMMC_PowerState_ON  stm32f7xx_ll_sdmmc.o
    0x0020e986   0x0020e986   0x00000006   Code   RO         1812    i.SDMMC_ReadFIFO    stm32f7xx_ll_sdmmc.o
    0x0020e98c   0x0020e98c   0x00000022   Code   RO         1813    i.SDMMC_SendCommand  stm32f7xx_ll_sdmmc.o
    0x0020e9ae   0x0020e9ae   0x00000002   PAD
    0x0020e9b0   0x0020e9b0   0x00000020   Code   RO          609    i.SD_CheckStatus    sd_diskio.o
    0x0020e9d0   0x0020e9d0   0x00000024   Code   RO          610    i.SD_CheckStatusWithTimeout  sd_diskio.o
    0x0020e9f4   0x0020e9f4   0x0000005e   Code   RO         2065    i.SD_DMAError       stm32f7xx_hal_sd.o
    0x0020ea52   0x0020ea52   0x0000003e   Code   RO         2066    i.SD_DMAReceiveCplt  stm32f7xx_hal_sd.o
    0x0020ea90   0x0020ea90   0x0000000e   Code   RO         2068    i.SD_DMATransmitCplt  stm32f7xx_hal_sd.o
    0x0020ea9e   0x0020ea9e   0x000000d6   Code   RO         2070    i.SD_FindSCR        stm32f7xx_hal_sd.o
    0x0020eb74   0x0020eb74   0x000000e6   Code   RO         2071    i.SD_InitCard       stm32f7xx_hal_sd.o
    0x0020ec5a   0x0020ec5a   0x000000a6   Code   RO         2072    i.SD_PowerON        stm32f7xx_hal_sd.o
    0x0020ed00   0x0020ed00   0x0000004e   Code   RO         2074    i.SD_WideBus_Disable  stm32f7xx_hal_sd.o
    0x0020ed4e   0x0020ed4e   0x0000004e   Code   RO         2075    i.SD_WideBus_Enable  stm32f7xx_hal_sd.o
    0x0020ed9c   0x0020ed9c   0x00000048   Code   RO          611    i.SD_initialize     sd_diskio.o
    0x0020ede4   0x0020ede4   0x00000058   Code   RO          612    i.SD_ioctl          sd_diskio.o
    0x0020ee3c   0x0020ee3c   0x000000a0   Code   RO          613    i.SD_read           sd_diskio.o
    0x0020eedc   0x0020eedc   0x00000004   Code   RO          614    i.SD_status         sd_diskio.o
    0x0020eee0   0x0020eee0   0x000000bc   Code   RO          615    i.SD_write          sd_diskio.o
    0x0020ef9c   0x0020ef9c   0x00000010   Code   RO           16    i.StartDefaultTask  main.o
    0x0020efac   0x0020efac   0x0000000e   Code   RO          340    i.SysTick_Handler   stm32f7xx_it.o
    0x0020efba   0x0020efba   0x00000002   PAD
    0x0020efbc   0x0020efbc   0x000000c0   Code   RO           17    i.SystemClock_Config  main.o
    0x0020f07c   0x0020f07c   0x00000054   Code   RO         4250    i.SystemInit        system_stm32f7xx.o
    0x0020f0d0   0x0020f0d0   0x000000c8   Code   RO         2348    i.UART_AdvFeatureConfig  stm32f7xx_hal_uart.o
    0x0020f198   0x0020f198   0x0000003c   Code   RO         2349    i.UART_CheckIdleState  stm32f7xx_hal_uart.o
    0x0020f1d4   0x0020f1d4   0x00000014   Code   RO         2350    i.UART_DMAAbortOnError  stm32f7xx_hal_uart.o
    0x0020f1e8   0x0020f1e8   0x00000020   Code   RO         2360    i.UART_EndRxTransfer  stm32f7xx_hal_uart.o
    0x0020f208   0x0020f208   0x00000254   Code   RO         2364    i.UART_SetConfig    stm32f7xx_hal_uart.o
    0x0020f45c   0x0020f45c   0x00000060   Code   RO         2367    i.UART_WaitOnFlagUntilTimeout  stm32f7xx_hal_uart.o
    0x0020f4bc   0x0020f4bc   0x0000000c   Code   RO          341    i.USART1_IRQHandler  stm32f7xx_it.o
    0x0020f4c8   0x0020f4c8   0x00000002   Code   RO          342    i.UsageFault_Handler  stm32f7xx_it.o
    0x0020f4ca   0x0020f4ca   0x00000022   Code   RO         1551    i.__NVIC_SetPriority  stm32f7xx_hal_cortex.o
    0x0020f4ec   0x0020f4ec   0x0000000e   Code   RO         7315    i.__scatterload_copy  mc_w.l(handlers.o)
    0x0020f4fa   0x0020f4fa   0x00000002   Code   RO         7316    i.__scatterload_null  mc_w.l(handlers.o)
    0x0020f4fc   0x0020f4fc   0x0000000e   Code   RO         7317    i.__scatterload_zeroinit  mc_w.l(handlers.o)
    0x0020f50a   0x0020f50a   0x0000000c   Code   RO         5490    i.inHandlerMode     cmsis_os.o
    0x0020f516   0x0020f516   0x00000002   PAD
    0x0020f518   0x0020f518   0x00000138   Code   RO           18    i.main              main.o
    0x0020f650   0x0020f650   0x0000000e   Code   RO         5492    i.makeFreeRtosPriority  cmsis_os.o
    0x0020f65e   0x0020f65e   0x0000000e   Code   RO         5494    i.osDelay           cmsis_os.o
    0x0020f66c   0x0020f66c   0x00000012   Code   RO         5496    i.osKernelRunning   cmsis_os.o
    0x0020f67e   0x0020f67e   0x0000000a   Code   RO         5497    i.osKernelStart     cmsis_os.o
    0x0020f688   0x0020f688   0x00000018   Code   RO         5498    i.osKernelSysTick   cmsis_os.o
    0x0020f6a0   0x0020f6a0   0x0000000a   Code   RO         5506    i.osMessageCreate   cmsis_os.o
    0x0020f6aa   0x0020f6aa   0x00000002   PAD
    0x0020f6ac   0x0020f6ac   0x00000094   Code   RO         5508    i.osMessageGet      cmsis_os.o
    0x0020f740   0x0020f740   0x0000005c   Code   RO         5510    i.osMessagePut      cmsis_os.o
    0x0020f79c   0x0020f79c   0x00000006   Code   RO         5512    i.osMutexCreate     cmsis_os.o
    0x0020f7a2   0x0020f7a2   0x00000002   PAD
    0x0020f7a4   0x0020f7a4   0x00000050   Code   RO         5514    i.osMutexRelease    cmsis_os.o
    0x0020f7f4   0x0020f7f4   0x00000068   Code   RO         5515    i.osMutexWait       cmsis_os.o
    0x0020f85c   0x0020f85c   0x00000026   Code   RO         5523    i.osSemaphoreCreate  cmsis_os.o
    0x0020f882   0x0020f882   0x00000014   Code   RO         5530    i.osSystickHandler  cmsis_os.o
    0x0020f896   0x0020f896   0x0000002e   Code   RO         5531    i.osThreadCreate    cmsis_os.o
    0x0020f8c4   0x0020f8c4   0x00000004   Code   RO         5532    i.osThreadGetId     cmsis_os.o
    0x0020f8c8   0x0020f8c8   0x00000070   Code   RO         5195    i.prvAddCurrentTaskToDelayedList  tasks.o
    0x0020f938   0x0020f938   0x000000d0   Code   RO         5196    i.prvAddNewTaskToReadyList  tasks.o
    0x0020fa08   0x0020fa08   0x00000026   Code   RO         4917    i.prvCopyDataFromQueue  queue.o
    0x0020fa2e   0x0020fa2e   0x0000006c   Code   RO         4918    i.prvCopyDataToQueue  queue.o
    0x0020fa9a   0x0020fa9a   0x00000014   Code   RO         5197    i.prvDeleteTCB      tasks.o
    0x0020faae   0x0020faae   0x00000002   PAD
    0x0020fab0   0x0020fab0   0x00000050   Code   RO         5859    i.prvHeapInit       heap_4.o
    0x0020fb00   0x0020fb00   0x00000060   Code   RO         5198    i.prvIdleTask       tasks.o
    0x0020fb60   0x0020fb60   0x00000092   Code   RO         5199    i.prvInitialiseNewTask  tasks.o
    0x0020fbf2   0x0020fbf2   0x00000002   PAD
    0x0020fbf4   0x0020fbf4   0x0000004c   Code   RO         5860    i.prvInsertBlockIntoFreeList  heap_4.o
    0x0020fc40   0x0020fc40   0x0000001c   Code   RO         4919    i.prvIsQueueEmpty   queue.o
    0x0020fc5c   0x0020fc5c   0x00000020   Code   RO         5200    i.prvResetNextTaskUnblockTime  tasks.o
    0x0020fc7c   0x0020fc7c   0x00000030   Code   RO         5921    i.prvTaskExitError  port.o
    0x0020fcac   0x0020fcac   0x0000006a   Code   RO         4920    i.prvUnlockQueue    queue.o
    0x0020fd16   0x0020fd16   0x00000002   PAD
    0x0020fd18   0x0020fd18   0x000000e4   Code   RO         5861    i.pvPortMalloc      heap_4.o
    0x0020fdfc   0x0020fdfc   0x00000018   Code   RO         5202    i.pvTaskIncrementMutexHeldCount  tasks.o
    0x0020fe14   0x0020fe14   0x00000030   Code   RO         5922    i.pxPortInitialiseStack  port.o
    0x0020fe44   0x0020fe44   0x00000026   Code   RO         4877    i.uxListRemove      list.o
    0x0020fe6a   0x0020fe6a   0x00000016   Code   RO         4878    i.vListInitialise   list.o
    0x0020fe80   0x0020fe80   0x00000006   Code   RO         4879    i.vListInitialiseItem  list.o
    0x0020fe86   0x0020fe86   0x00000030   Code   RO         4880    i.vListInsert       list.o
    0x0020feb6   0x0020feb6   0x00000018   Code   RO         4881    i.vListInsertEnd    list.o
    0x0020fece   0x0020fece   0x00000002   PAD
    0x0020fed0   0x0020fed0   0x00000048   Code   RO         5924    i.vPortEnterCritical  port.o
    0x0020ff18   0x0020ff18   0x0000002c   Code   RO         5925    i.vPortExitCritical  port.o
    0x0020ff44   0x0020ff44   0x00000064   Code   RO         5862    i.vPortFree         heap_4.o
    0x0020ffa8   0x0020ffa8   0x00000024   Code   RO         5926    i.vPortSetupTimerInterrupt  port.o
    0x0020ffcc   0x0020ffcc   0x0000005c   Code   RO         5927    i.vPortValidateInterruptPriority  port.o
    0x00210028   0x00210028   0x00000050   Code   RO         5208    i.vTaskDelay        tasks.o
    0x00210078   0x00210078   0x00000010   Code   RO         5211    i.vTaskInternalSetTimeOutState  tasks.o
    0x00210088   0x00210088   0x0000000c   Code   RO         5212    i.vTaskMissedYield  tasks.o
    0x00210094   0x00210094   0x00000034   Code   RO         5214    i.vTaskPlaceOnEventList  tasks.o
    0x002100c8   0x002100c8   0x000000b8   Code   RO         5216    i.vTaskPriorityDisinheritAfterTimeout  tasks.o
    0x00210180   0x00210180   0x00000070   Code   RO         5221    i.vTaskStartScheduler  tasks.o
    0x002101f0   0x002101f0   0x00000010   Code   RO         5223    i.vTaskSuspendAll   tasks.o
    0x00210200   0x00210200   0x00000060   Code   RO         5224    i.vTaskSwitchContext  tasks.o
    0x00210260   0x00210260   0x000000c0   Code   RO         5928    i.xPortStartScheduler  port.o
    0x00210320   0x00210320   0x00000030   Code   RO         5929    i.xPortSysTickHandler  port.o
    0x00210350   0x00210350   0x00000024   Code   RO         4927    i.xQueueCreateMutex  queue.o
    0x00210374   0x00210374   0x0000004c   Code   RO         4928    i.xQueueGenericCreate  queue.o
    0x002103c0   0x002103c0   0x00000098   Code   RO         4929    i.xQueueGenericReset  queue.o
    0x00210458   0x00210458   0x00000170   Code   RO         4930    i.xQueueGenericSend  queue.o
    0x002105c8   0x002105c8   0x000000cc   Code   RO         4931    i.xQueueGenericSendFromISR  queue.o
    0x00210694   0x00210694   0x000000ac   Code   RO         4932    i.xQueueGiveFromISR  queue.o
    0x00210740   0x00210740   0x00000148   Code   RO         4937    i.xQueueReceive     queue.o
    0x00210888   0x00210888   0x000000a8   Code   RO         4938    i.xQueueReceiveFromISR  queue.o
    0x00210930   0x00210930   0x0000018c   Code   RO         4939    i.xQueueSemaphoreTake  queue.o
    0x00210abc   0x00210abc   0x00000080   Code   RO         5225    i.xTaskCheckForTimeOut  tasks.o
    0x00210b3c   0x00210b3c   0x00000056   Code   RO         5226    i.xTaskCreate       tasks.o
    0x00210b92   0x00210b92   0x00000002   PAD
    0x00210b94   0x00210b94   0x0000000c   Code   RO         5229    i.xTaskGetCurrentTaskHandle  tasks.o
    0x00210ba0   0x00210ba0   0x0000001c   Code   RO         5230    i.xTaskGetSchedulerState  tasks.o
    0x00210bbc   0x00210bbc   0x0000000c   Code   RO         5231    i.xTaskGetTickCount  tasks.o
    0x00210bc8   0x00210bc8   0x00000010   Code   RO         5232    i.xTaskGetTickCountFromISR  tasks.o
    0x00210bd8   0x00210bd8   0x000000cc   Code   RO         5233    i.xTaskIncrementTick  tasks.o
    0x00210ca4   0x00210ca4   0x000000a8   Code   RO         5236    i.xTaskPriorityDisinherit  tasks.o
    0x00210d4c   0x00210d4c   0x00000098   Code   RO         5237    i.xTaskPriorityInherit  tasks.o
    0x00210de4   0x00210de4   0x00000078   Code   RO         5238    i.xTaskRemoveFromEventList  tasks.o
    0x00210e5c   0x00210e5c   0x000000c8   Code   RO         5239    i.xTaskResumeAll    tasks.o
    0x00210f24   0x00210f24   0x00000014   Data   RO           20    .constdata          main.o
    0x00210f38   0x00210f38   0x00000014   Data   RO          617    .constdata          sd_diskio.o
    0x00210f4c   0x00210f4c   0x00000008   Data   RO          618    .constdata          sd_diskio.o
    0x00210f54   0x00210f54   0x00000010   Data   RO         4251    .constdata          system_stm32f7xx.o
    0x00210f64   0x00210f64   0x00000008   Data   RO         4252    .constdata          system_stm32f7xx.o
    0x00210f6c   0x00210f6c   0x0000000c   Data   RO           21    .conststring        main.o
    0x00210f78   0x00210f78   0x00000018   Data   RO         6092    .rodata             STemWin_CM7_OS_wc16_ot_ARGB.a(GUICC_M565.o)
    0x00210f90   0x00210f90   0x00000017   Data   RO         6246    .rodata             STemWin_CM7_OS_wc16_ot_ARGB.a(GUI_Core.o)
    0x00210fa7   0x00210fa7   0x00000001   PAD
    0x00210fa8   0x00210fa8   0x00000034   Data   RO         6425    .rodata             STemWin_CM7_OS_wc16_ot_ARGB.a(GUIDRV_Lin_16.o)
    0x00210fdc   0x00210fdc   0x00001e30   Data   RO         6429    .rodata             STemWin_CM7_OS_wc16_ot_ARGB.a(F32_1.o)
    0x00212e0c   0x00212e0c   0x00000010   Data   RO         6509    .rodata             STemWin_CM7_OS_wc16_ot_ARGB.a(GUI_UC_EncodeNone.o)
    0x00212e1c   0x00212e1c   0x00000370   Data   RO         6521    .rodata             STemWin_CM7_OS_wc16_ot_ARGB.a(GUI__DivTbl.o)
    0x0021318c   0x0021318c   0x0000000c   Data   RO         6585    .rodata             STemWin_CM7_OS_wc16_ot_ARGB.a(LCD.o)
    0x00213198   0x00213198   0x00000100   Data   RO         6611    .rodata             STemWin_CM7_OS_wc16_ot_ARGB.a(LCD_Mirror.o)
    0x00213298   0x00213298   0x00001c48   Data   RO         6643    .rodata             STemWin_CM7_OS_wc16_ot_ARGB.a(F32_ASCII.o)
    0x00214ee0   0x00214ee0   0x0000073c   Data   RO         6647    .rodata             STemWin_CM7_OS_wc16_ot_ARGB.a(F6x8.o)
    0x0021561c   0x0021561c   0x00000074   Data   RO         6664    .rodata             STemWin_CM7_OS_wc16_ot_ARGB.a(GUIDEV_16.o)
    0x00215690   0x00215690   0x00000018   Data   RO         6814    .rodata             STemWin_CM7_OS_wc16_ot_ARGB.a(GUICC_0.o)
    0x002156a8   0x002156a8   0x00000018   Data   RO         6990    .rodata             STemWin_CM7_OS_wc16_ot_ARGB.a(GUICC_M8888I.o)
    0x002156c0   0x002156c0   0x00000074   Data   RO         7090    .rodata             STemWin_CM7_OS_wc16_ot_ARGB.a(GUIDEV_32.o)
    0x00215734   0x00215734   0x00000018   Data   RO         7134    .rodata             STemWin_CM7_OS_wc16_ot_ARGB.a(GUIDEV_UsageBM.o)
    0x0021574c   0x0021574c   0x00000020   Data   RO         7313    Region$$Table       anon$$obj.o


    Execution Region RW_IRAM1 (Exec base: 0x20000000, Load base: 0x0021576c, Size: 0x000049b0, Max: 0x00080000, ABSOLUTE)

    Exec Addr    Load Addr    Size         Type   Attr      Idx    E Section Name        Object

    0x20000000   0x0021576c   0x00000004   Data   RW           22    .data               main.o
    0x20000004   0x00215770   0x00000008   Data   RW          619    .data               sd_diskio.o
    0x2000000c   0x00215778   0x00000005   Data   RW          712    .data               fatfs.o
    0x20000011   0x0021577d   0x00000003   PAD
    0x20000014   0x00215780   0x00000008   Data   RW          799    .data               hw_init.o
    0x2000001c   0x00215788   0x00000008   Data   RW          866    .data               stemwin_wrapper.o
    0x20000024   0x00215790   0x0000000c   Data   RW         3499    .data               stm32f7xx_hal.o
    0x20000030   0x0021579c   0x00000004   Data   RW         4253    .data               system_stm32f7xx.o
    0x20000034   0x002157a0   0x0000003c   Data   RW         5242    .data               tasks.o
    0x20000070   0x002157dc   0x00000018   Data   RW         5867    .data               heap_4.o
    0x20000088   0x002157f4   0x0000000c   Data   RW         5930    .data               port.o
    0x20000094   0x00215800   0x00000008   Data   RW         6010    .data               gui_x_os.o
    0x2000009c   0x00215808   0x00000007   Data   RW         6130    .data               STemWin_CM7_OS_wc16_ot_ARGB.a(GUI_Common.o)
    0x200000a3   0x0021580f   0x00000001   PAD
    0x200000a4   0x00215810   0x00000014   Data   RW         6219    .data               STemWin_CM7_OS_wc16_ot_ARGB.a(GUI_Core.o)
    0x200000b8   0x00215824   0x00000004   Data   RW         6308    .data               STemWin_CM7_OS_wc16_ot_ARGB.a(GUI_Time.o)
    0x200000bc   0x00215828   0x00000004   Data   RW         6440    .data               STemWin_CM7_OS_wc16_ot_ARGB.a(GUI_CharLine.o)
    0x200000c0   0x0021582c   0x00000008   Data   RW         6469    .data               STemWin_CM7_OS_wc16_ot_ARGB.a(GUI_OnKey.o)
    0x200000c8   0x00215834   0x00000008   Data   RW         6480    .data               STemWin_CM7_OS_wc16_ot_ARGB.a(GUI_Task.o)
    0x200000d0   0x0021583c   0x00000008   Data   RW         6523    .data               STemWin_CM7_OS_wc16_ot_ARGB.a(GUI__Private.o)
    0x200000d8   0x00215844   0x00000004   Data   RW         6564    .data               STemWin_CM7_OS_wc16_ot_ARGB.a(LCD.o)
    0x200000dc   0x00215848   0x00000004   Data   RW         6587    .data               STemWin_CM7_OS_wc16_ot_ARGB.a(LCD_Color.o)
    0x200000e0   0x0021584c   0x00000008   Data   RW         6842    .data               STemWin_CM7_OS_wc16_ot_ARGB.a(GUI__Alpha.o)
    0x200000e8   0x00215854   0x00000018   Data   RW         6864    .data               STemWin_CM7_OS_wc16_ot_ARGB.a(LCD_AA.o)
    0x20000100        -       0x00000128   Zero   RW           19    .bss                main.o
    0x20000228        -       0x00000200   Zero   RW          616    .bss                sd_diskio.o
    0x20000428        -       0x000000ec   Zero   RW          798    .bss                hw_init.o
    0x20000514        -       0x00000038   Zero   RW          864    .bss                stemwin_wrapper.o
    0x2000054c        -       0x0000000c   Zero   RW         4688    .bss                ff_gen_drv.o
    0x20000558        -       0x000000f0   Zero   RW         5241    .bss                tasks.o
    0x20000648        -       0x00003c00   Zero   RW         5866    .bss                heap_4.o
    0x20004248        -       0x00000008   Zero   RW         6085    .bss                STemWin_CM7_OS_wc16_ot_ARGB.a(GUICC_M565.o)
    0x20004250        -       0x0000000c   Zero   RW         6095    .bss                STemWin_CM7_OS_wc16_ot_ARGB.a(GUI_Alloc.o)
    0x2000425c        -       0x000000a4   Zero   RW         6220    .bss                STemWin_CM7_OS_wc16_ot_ARGB.a(GUI_Core.o)
    0x20004300        -       0x00000008   Zero   RW         6316    .bss                STemWin_CM7_OS_wc16_ot_ARGB.a(LCD_GetEx.o)
    0x20004308        -       0x00000060   Zero   RW         6470    .bss                STemWin_CM7_OS_wc16_ot_ARGB.a(GUI_OnKey.o)
    0x20004368        -       0x00000014   Zero   RW         6481    .bss                STemWin_CM7_OS_wc16_ot_ARGB.a(GUI_Task.o)
    0x2000437c        -       0x00000008   Zero   RW         6512    .bss                STemWin_CM7_OS_wc16_ot_ARGB.a(GUI_WaitEvent.o)
    0x20004384        -       0x0000000c   Zero   RW         6588    .bss                STemWin_CM7_OS_wc16_ot_ARGB.a(LCD_Color.o)
    0x20004390        -       0x00000004   Zero   RW         6650    .bss                STemWin_CM7_OS_wc16_ot_ARGB.a(GUIDEV_16.o)
    0x20004394        -       0x00000030   Zero   RW         6667    .bss                STemWin_CM7_OS_wc16_ot_ARGB.a(WM.o)
    0x200043c4        -       0x00000014   Zero   RW         6824    .bss                STemWin_CM7_OS_wc16_ot_ARGB.a(GUI_Timer.o)
    0x200043d8        -       0x00000020   Zero   RW         6843    .bss                STemWin_CM7_OS_wc16_ot_ARGB.a(GUI__Alpha.o)
    0x200043f8        -       0x00000018   Zero   RW         6857    .bss                STemWin_CM7_OS_wc16_ot_ARGB.a(GUI__ManageCache.o)
    0x20004410        -       0x00000004   Zero   RW         6906    .bss                STemWin_CM7_OS_wc16_ot_ARGB.a(GUIDEV_Banding.o)
    0x20004414        -       0x00000001   Zero   RW         6911    .bss                STemWin_CM7_OS_wc16_ot_ARGB.a(GUIDEV_StaticDevices.o)
    0x20004415   0x0021586c   0x00000003   PAD
    0x20004418        -       0x00000004   Zero   RW         6960    .bss                STemWin_CM7_OS_wc16_ot_ARGB.a(WM__Private.o)
    0x2000441c        -       0x00000004   Zero   RW         7276    GUI_AA__ClipX0      anon$$obj.o
    0x20004420        -       0x000000c0   Zero   RW         7262    GUI_ALLOC__Context  anon$$obj.o
    0x200044e0        -       0x00000004   Zero   RW         7283    GUI_DCACHE__pfClearCacheHook  anon$$obj.o
    0x200044e4        -       0x00000001   Zero   RW         7263    GUI_DecChar         anon$$obj.o
    0x200044e5   0x0021586c   0x00000001   PAD
    0x200044e6        -       0x00000002   Zero   RW         7264    GUI_OrgX            anon$$obj.o
    0x200044e8        -       0x00000002   Zero   RW         7265    GUI_OrgY            anon$$obj.o
    0x200044ea   0x0021586c   0x00000002   PAD
    0x200044ec        -       0x00000004   Zero   RW         7275    GUI__BufferSize     anon$$obj.o
    0x200044f0        -       0x00000001   Zero   RW         7279    GUI__IsInitialized  anon$$obj.o
    0x200044f1        -       0x00000001   Zero   RW         7280    GUI__NumLayersInUse  anon$$obj.o
    0x200044f2        -       0x00000001   Zero   RW         7278    GUI__PreserveTrans  anon$$obj.o
    0x200044f3   0x0021586c   0x00000001   PAD
    0x200044f4        -       0x00000002   Zero   RW         7277    GUI__aNumBuffers    anon$$obj.o
    0x200044f6   0x0021586c   0x00000002   PAD
    0x200044f8        -       0x00000008   Zero   RW         7269    GUI__apDevice       anon$$obj.o
    0x20004500        -       0x00000004   Zero   RW         7311    GUI__pfDrawAlphaBitmapFunc  anon$$obj.o
    0x20004504        -       0x00000004   Zero   RW         7312    GUI__pfDrawAlphaMemdevFunc  anon$$obj.o
    0x20004508        -       0x00000004   Zero   RW         7282    GUI_pLCD_APIList    anon$$obj.o
    0x2000450c        -       0x00000004   Zero   RW         7273    GUI_pUC_API         anon$$obj.o
    0x20004510        -       0x00000004   Zero   RW         7271    GUI_pfDispCharLine  anon$$obj.o
    0x20004514        -       0x00000004   Zero   RW         7270    GUI_pfDispCharStyle  anon$$obj.o
    0x20004518        -       0x00000004   Zero   RW         7268    GUI_pfExecAnimations  anon$$obj.o
    0x2000451c        -       0x00000004   Zero   RW         7266    GUI_pfTimerExec     anon$$obj.o
    0x20004520        -       0x00000004   Zero   RW         7267    GUI_pfUpdateSoftLayer  anon$$obj.o
    0x20004524        -       0x00000004   Zero   RW         7289    LCD__aConvTable     anon$$obj.o
    0x20004528        -       0x00000400   Zero   RW            1    STACK               startup_stm32f767xx.o
    0x20004928        -       0x00000004   Zero   RW         7294    WM_MULTIBUF__pAPI   anon$$obj.o
    0x2000492c        -       0x00000004   Zero   RW         7293    WM__CreateFlags     anon$$obj.o
    0x20004930        -       0x00000004   Zero   RW         7304    WM__FirstWin        anon$$obj.o
    0x20004934        -       0x00000004   Zero   RW         7303    WM__InvalidLayerMask  anon$$obj.o
    0x20004938        -       0x00000002   Zero   RW         7302    WM__NumInvalidWindows  anon$$obj.o
    0x2000493a        -       0x00000002   Zero   RW         7307    WM__NumWindows      anon$$obj.o
    0x2000493c        -       0x00000001   Zero   RW         7309    WM__PaintCallbackCnt  anon$$obj.o
    0x2000493d   0x0021586c   0x00000003   PAD
    0x20004940        -       0x00000004   Zero   RW         7287    WM__TouchedLayer    anon$$obj.o
    0x20004944        -       0x00000004   Zero   RW         7291    WM__TransWindowCnt  anon$$obj.o
    0x20004948        -       0x00000008   Zero   RW         7306    WM__aBkColor        anon$$obj.o
    0x20004950        -       0x00000010   Zero   RW         7300    WM__aCHWinLast      anon$$obj.o
    0x20004960        -       0x00000010   Zero   RW         7299    WM__aCHWinModal     anon$$obj.o
    0x20004970        -       0x00000010   Zero   RW         7301    WM__aCHWinMouseOver  anon$$obj.o
    0x20004980        -       0x00000008   Zero   RW         7296    WM__ahCapture       anon$$obj.o
    0x20004988        -       0x00000008   Zero   RW         7297    WM__ahDesktopWin    anon$$obj.o
    0x20004990        -       0x00000008   Zero   RW         7295    WM__ahWinFocus      anon$$obj.o
    0x20004998        -       0x00000004   Zero   RW         7292    WM__hATransWindow   anon$$obj.o
    0x2000499c        -       0x00000004   Zero   RW         7305    WM__hCreateStatic   anon$$obj.o
    0x200049a0        -       0x00000004   Zero   RW         7298    WM__pExecGestures   anon$$obj.o
    0x200049a4        -       0x00000004   Zero   RW         7290    WM__pFirstCriticalHandle  anon$$obj.o
    0x200049a8        -       0x00000004   Zero   RW         7274    WM_pfHandlePID      anon$$obj.o
    0x200049ac        -       0x00000004   Zero   RW         7308    WM_pfPollPID        anon$$obj.o



  Load Region LR$$.ARM.__AT_0xC007F800 (Base: 0xc007f800, Size: 0x00000000, Max: 0x00040000, ABSOLUTE)

    Execution Region ER$$.ARM.__AT_0xC007F800 (Exec base: 0xc007f800, Load base: 0xc007f800, Size: 0x00040000, Max: 0x00040000, ABSOLUTE, UNINIT)

    Exec Addr    Load Addr    Size         Type   Attr      Idx    E Section Name        Object

    0xc007f800        -       0x00040000   Zero   RW          774    .ARM.__AT_0xC007F800  guiconf.o


==============================================================================

Image component sizes


      Code (inc. data)   RO Data    RW Data    ZI Data      Debug   Object Name

       152         20          0          0          0       4019   bsp_driver_sd.o
       640         20          0          0          0      25947   cmsis_os.o
         0          0          0          0          0       9452   event_groups.o
        28         10          0          5          0       3230   fatfs.o
        70          6          0          0         12       1623   ff_gen_drv.o
        80         22          0          0          0        472   gui_app.o
        78         14          0          8          0       4076   gui_x_os.o
        16          6          0          0     262144        927   guiconf.o
       484         24          0         24      15360       7259   heap_4.o
       936        110          0          8        236       5754   hw_init.o
       138          0          0          0          0       3438   list.o
       958         80         32          4        296     985304   main.o
       774         80          0         12          0      11705   port.o
      2180         20          0          0          0      17671   queue.o
       600         42         28          8        512       6426   sd_diskio.o
        36          8        504          0       1024        816   startup_stm32f767xx.o
       510         42          0          8         56       4405   stemwin_wrapper.o
       172         28          0         12          0       9045   stm32f7xx_hal.o
       354         28          0          0          0      40961   stm32f7xx_hal_cortex.o
       120          6          0          0          0       1123   stm32f7xx_hal_crc.o
        78          0          0          0          0       1235   stm32f7xx_hal_crc_ex.o
       202          0          0          0          0       3401   stm32f7xx_hal_dma.o
       896        108          0          0          0       4606   stm32f7xx_hal_gpio.o
      1362          6          0          0          0       9458   stm32f7xx_hal_ltdc.o
       348         44          0          0          0       2840   stm32f7xx_hal_msp.o
       108          8          0          0          0       1228   stm32f7xx_hal_pwr_ex.o
      1308         72          0          0          0       5500   stm32f7xx_hal_rcc.o
      1340         22          0          0          0       2284   stm32f7xx_hal_rcc_ex.o
      2282         16          0          0          0      14231   stm32f7xx_hal_sd.o
       148          0          0          0          0       2640   stm32f7xx_hal_sdram.o
      1406         74          0          0          0       8306   stm32f7xx_hal_uart.o
        70          6          0          0          0       9300   stm32f7xx_it.o
       278          6          0          0          0       3288   stm32f7xx_ll_fmc.o
      1616         42          0          0          0      21698   stm32f7xx_ll_sdmmc.o
        84         16         24          4          0       1191   system_stm32f7xx.o
      2332        188          0         60        240      24634   tasks.o

    ----------------------------------------------------------------------
     22234       1174        620        156     280284    1259493   Object Totals
         0          0         32          0        395          0   (incl. Generated)
        50          0          0          3          9          0   (incl. Padding)

    ----------------------------------------------------------------------

      Code (inc. data)   RO Data    RW Data    ZI Data      Debug   Library Member Name

         0          0       7728          0          0          0   F32_1.o
         0          0       7240          0          0          0   F32_ASCII.o
         0          0       1852          0          0          0   F6x8.o
       192          0         24          0          0          0   GUICC_0.o
       308         40         24          0          8          0   GUICC_M565.o
        52          0         24          0          0          0   GUICC_M8888I.o
         4          0          0          0          0          0   GUICC_M8888I_Index2Color.o
         8          0          0          0          0          0   GUICC_M888_Index2Color.o
      1028         36          0          0          0          0   GUIDEV.o
      3676         60        116          0          4          0   GUIDEV_16.o
      3400         64        116          0          0          0   GUIDEV_32.o
       380         12          0          0          4          0   GUIDEV_Banding.o
        88          4          0          0          0          0   GUIDEV_Clear.o
        48          0          0          0          0          0   GUIDEV_GetDataPtr.o
        68          4          0          0          0          0   GUIDEV_GetYSize.o
        64          4          0          0          0          0   GUIDEV_ReduceYSize.o
       120          4          0          0          0          0   GUIDEV_SetOrg.o
       404         24          0          0          1          0   GUIDEV_StaticDevices.o
        88          0          0          0          0          0   GUIDEV_Usage.o
       472          4         24          0          0          0   GUIDEV_UsageBM.o
       100          0          0          0          0          0   GUIDEV_Write.o
       812         32          0          0          0          0   GUIDEV_WriteToActiveAlpha.o
      2496          8          0          0          0          0   GUIDEV_WriteToActiveOpaque.o
      4584        236         52          0          0          0   GUIDRV_Lin_16.o
      3740         88          0          0         12          0   GUI_Alloc.o
       176         16          0          0          0          0   GUI_Char.o
       564         36          0          4          0          0   GUI_CharLine.o
       468          8          0          0          0          0   GUI_CharM.o
       356          8          0          0          0          0   GUI_CharP.o
       896         72          0          7          0          0   GUI_Common.o
       884        128         23         20        164          0   GUI_Core.o
       844         40          0          0          0          0   GUI_Device.o
       348          8          0          0          0          0   GUI_DispString.o
        84         12          0          8         96          0   GUI_OnKey.o
       104          8          0          0          0          0   GUI_SelectLayer.o
        44          4          0          0          0          0   GUI_SetAlpha.o
       476         48          0          8         20          0   GUI_Task.o
       128          8          0          4          0          0   GUI_Time.o
       384          8          0          0         20          0   GUI_Timer.o
        80          8          0          0          0          0   GUI_UC.o
        20          0         16          0          0          0   GUI_UC_EncodeNone.o
        16          4          0          0          8          0   GUI_WaitEvent.o
      1068         60          0          8         32          0   GUI__Alpha.o
       820          8          0          0          0          0   GUI__CompactPixelIndices.o
         0          0        880          0          0          0   GUI__DivTbl.o
       392          8          0          0          0          0   GUI__ExpandPixelIndices.o
       244          8          0          0         24          0   GUI__ManageCache.o
       380          0          0          8          0          0   GUI__Private.o
      2196        256         12          4          0          0   LCD.o
        88         12          0         24          0          0   LCD_AA.o
       336         48          0          4         12          0   LCD_Color.o
        32          8          0          0          0          0   LCD_GetColorIndex.o
       800         56          0          0          8          0   LCD_GetEx.o
        32          0          0          0          0          0   LCD_GetNumDisplays.o
         0          0        256          0          0          0   LCD_Mirror.o
       640         16          0          0          0          0   LCD_ReadRect.o
        68          8          0          0          0          0   LCD_SelectLCD.o
       256          0          0          0          0          0   LCD_Set.o
        52          8          0          0          0          0   LCD_SetClipRectEx.o
        36          4          0          0          0          0   LCD_UpdateColorIndices.o
      8580        428          0          0         48          0   WM.o
       888         16          0          0          0          0   WM_Lib.o
       784          0          0          0          0          0   WM_Move.o
       128          0          0          0          0          0   WM_Timer.o
       500          8          0          0          4          0   WM__Private.o
         0          0          0          0          0          0   entry.o
         0          0          0          0          0          0   entry10a.o
         0          0          0          0          0          0   entry11a.o
         8          4          0          0          0          0   entry2.o
         4          0          0          0          0          0   entry5.o
         0          0          0          0          0          0   entry7b.o
         0          0          0          0          0          0   entry8b.o
         8          4          0          0          0          0   entry9a.o
        30          0          0          0          0          0   handlers.o
        36          8          0          0          0         68   init.o
        30          0          0          0          0         68   llshl.o
        32          0          0          0          0         68   llushr.o
        66          0          0          0          0         76   memmove.o
        36          0          0          0          0        108   memseta.o
        98          0          0          0          0         92   uldiv.o

    ----------------------------------------------------------------------
     46674       2004      18388        100        468        480   Library Totals
         2          0          1          1          3          0   (incl. Padding)

    ----------------------------------------------------------------------

      Code (inc. data)   RO Data    RW Data    ZI Data      Debug   Library Name

     46324       1988      18387         99        465          0   STemWin_CM7_OS_wc16_ot_ARGB.a
       348         16          0          0          0        480   mc_w.l

    ----------------------------------------------------------------------
     46674       2004      18388        100        468        480   Library Totals

    ----------------------------------------------------------------------

==============================================================================


      Code (inc. data)   RO Data    RW Data    ZI Data      Debug   

     68908       3178      19008        256     280752    1236921   Grand Totals
     68908       3178      19008        256     280752    1236921   ELF Image Totals
     68908       3178      19008        256          0          0   ROM Totals

==============================================================================

    Total RO  Size (Code + RO Data)                87916 (  85.86kB)
    Total RW  Size (RW Data + ZI Data)            281008 ( 274.42kB)
    Total ROM Size (Code + RO Data + RW Data)      88172 (  86.11kB)

==============================================================================

