Component: ARM Compiler 5.06 update 6 (build 750) Tool: armlink [4d35ed]

==============================================================================

Section Cross References

    startup_stm32f767xx.o(RESET) refers to startup_stm32f767xx.o(STACK) for __initial_sp
    startup_stm32f767xx.o(RESET) refers to startup_stm32f767xx.o(.text) for Reset_Handler
    startup_stm32f767xx.o(RESET) refers to stm32f7xx_it.o(i.NMI_Handler) for NMI_Handler
    startup_stm32f767xx.o(RESET) refers to stm32f7xx_it.o(i.HardFault_Handler) for HardFault_Handler
    startup_stm32f767xx.o(RESET) refers to stm32f7xx_it.o(i.MemManage_Handler) for MemManage_Handler
    startup_stm32f767xx.o(RESET) refers to stm32f7xx_it.o(i.BusFault_Handler) for BusFault_Handler
    startup_stm32f767xx.o(RESET) refers to stm32f7xx_it.o(i.UsageFault_Handler) for UsageFault_Handler
    startup_stm32f767xx.o(RESET) refers to port.o(.emb_text) for SVC_Handler
    startup_stm32f767xx.o(RESET) refers to stm32f7xx_it.o(i.DebugMon_Handler) for DebugMon_Handler
    startup_stm32f767xx.o(RESET) refers to stm32f7xx_it.o(i.SysTick_Handler) for SysTick_Handler
    startup_stm32f767xx.o(RESET) refers to stm32f7xx_it.o(i.EXTI9_5_IRQHandler) for EXTI9_5_IRQHandler
    startup_stm32f767xx.o(RESET) refers to stm32f7xx_it.o(i.USART1_IRQHandler) for USART1_IRQHandler
    startup_stm32f767xx.o(.text) refers to system_stm32f7xx.o(i.SystemInit) for SystemInit
    startup_stm32f767xx.o(.text) refers to entry.o(.ARM.Collect$$$$00000000) for __main
    gt9147_iic_driver.o(i.CT_Delay) refers to utility.o(i.delay_us) for delay_us
    gt9147_iic_driver.o(i.CT_IIC_Ack) refers to stm32f7xx_hal_gpio.o(i.HAL_GPIO_WritePin) for HAL_GPIO_WritePin
    gt9147_iic_driver.o(i.CT_IIC_Ack) refers to gt9147_iic_driver.o(i.CT_Delay) for CT_Delay
    gt9147_iic_driver.o(i.CT_IIC_Init) refers to stm32f7xx_hal_gpio.o(i.HAL_GPIO_Init) for HAL_GPIO_Init
    gt9147_iic_driver.o(i.CT_IIC_NAck) refers to stm32f7xx_hal_gpio.o(i.HAL_GPIO_WritePin) for HAL_GPIO_WritePin
    gt9147_iic_driver.o(i.CT_IIC_NAck) refers to gt9147_iic_driver.o(i.CT_Delay) for CT_Delay
    gt9147_iic_driver.o(i.CT_IIC_Read_Byte) refers to gt9147_iic_driver.o(i.CT_Delay) for CT_Delay
    gt9147_iic_driver.o(i.CT_IIC_Read_Byte) refers to stm32f7xx_hal_gpio.o(i.HAL_GPIO_WritePin) for HAL_GPIO_WritePin
    gt9147_iic_driver.o(i.CT_IIC_Read_Byte) refers to stm32f7xx_hal_gpio.o(i.HAL_GPIO_ReadPin) for HAL_GPIO_ReadPin
    gt9147_iic_driver.o(i.CT_IIC_Read_Byte) refers to gt9147_iic_driver.o(i.CT_IIC_NAck) for CT_IIC_NAck
    gt9147_iic_driver.o(i.CT_IIC_Read_Byte) refers to gt9147_iic_driver.o(i.CT_IIC_Ack) for CT_IIC_Ack
    gt9147_iic_driver.o(i.CT_IIC_Send_Byte) refers to stm32f7xx_hal_gpio.o(i.HAL_GPIO_WritePin) for HAL_GPIO_WritePin
    gt9147_iic_driver.o(i.CT_IIC_Send_Byte) refers to gt9147_iic_driver.o(i.CT_Delay) for CT_Delay
    gt9147_iic_driver.o(i.CT_IIC_Start) refers to stm32f7xx_hal_gpio.o(i.HAL_GPIO_WritePin) for HAL_GPIO_WritePin
    gt9147_iic_driver.o(i.CT_IIC_Start) refers to gt9147_iic_driver.o(i.CT_Delay) for CT_Delay
    gt9147_iic_driver.o(i.CT_IIC_Stop) refers to stm32f7xx_hal_gpio.o(i.HAL_GPIO_WritePin) for HAL_GPIO_WritePin
    gt9147_iic_driver.o(i.CT_IIC_Stop) refers to gt9147_iic_driver.o(i.CT_Delay) for CT_Delay
    gt9147_iic_driver.o(i.CT_IIC_Wait_Ack) refers to stm32f7xx_hal_gpio.o(i.HAL_GPIO_WritePin) for HAL_GPIO_WritePin
    gt9147_iic_driver.o(i.CT_IIC_Wait_Ack) refers to gt9147_iic_driver.o(i.CT_IIC_Stop) for CT_IIC_Stop
    gt9147_iic_driver.o(i.CT_IIC_Wait_Ack) refers to gt9147_iic_driver.o(i.CT_Delay) for CT_Delay
    gt9147_iic_driver.o(i.CT_IIC_Wait_Ack) refers to stm32f7xx_hal_gpio.o(i.HAL_GPIO_ReadPin) for HAL_GPIO_ReadPin
    gt9147_iic_driver.o(i.GT9147_Init) refers to stm32f7xx_hal_gpio.o(i.HAL_GPIO_Init) for HAL_GPIO_Init
    gt9147_iic_driver.o(i.GT9147_Init) refers to gt9147_iic_driver.o(i.CT_IIC_Init) for CT_IIC_Init
    gt9147_iic_driver.o(i.GT9147_Init) refers to stm32f7xx_hal_gpio.o(i.HAL_GPIO_WritePin) for HAL_GPIO_WritePin
    gt9147_iic_driver.o(i.GT9147_Init) refers to utility.o(i.delay_ms) for delay_ms
    gt9147_iic_driver.o(i.GT9147_Init) refers to gt9147_iic_driver.o(i.GT9147_RD_Reg) for GT9147_RD_Reg
    gt9147_iic_driver.o(i.GT9147_Init) refers to printf2.o(i.__0printf$2) for __2printf
    gt9147_iic_driver.o(i.GT9147_Init) refers to gt9147_iic_driver.o(i.GT9147_Send_Cfg) for GT9147_Send_Cfg
    gt9147_iic_driver.o(i.GT9147_RD_Reg) refers to gt9147_iic_driver.o(i.CT_IIC_Start) for CT_IIC_Start
    gt9147_iic_driver.o(i.GT9147_RD_Reg) refers to gt9147_iic_driver.o(i.CT_IIC_Send_Byte) for CT_IIC_Send_Byte
    gt9147_iic_driver.o(i.GT9147_RD_Reg) refers to gt9147_iic_driver.o(i.CT_IIC_Wait_Ack) for CT_IIC_Wait_Ack
    gt9147_iic_driver.o(i.GT9147_RD_Reg) refers to gt9147_iic_driver.o(i.CT_IIC_Read_Byte) for CT_IIC_Read_Byte
    gt9147_iic_driver.o(i.GT9147_RD_Reg) refers to gt9147_iic_driver.o(i.CT_IIC_Stop) for CT_IIC_Stop
[...]
    0x00201138   0x00201138   0x000000ac   Code   RO         6664    .text.GUI_DEVICE_LinkDevices  STemWin_CM7_OS_wc16_ot_ARGB.a(GUI_Device.o)
    0x002011e4   0x002011e4   0x00000044   Code   RO         6660    .text.GUI_DEVICE_Unlink  STemWin_CM7_OS_wc16_ot_ARGB.a(GUI_Device.o)
    0x00201228   0x00201228   0x00000004   Code   RO         6663    .text.GUI_DEVICE_UnlinkTaskDevices  STemWin_CM7_OS_wc16_ot_ARGB.a(GUI_Device.o)
    0x0020122c   0x0020122c   0x0000002c   Code   RO         6657    .text.GUI_DEVICE__GetpDriver  STemWin_CM7_OS_wc16_ot_ARGB.a(GUI_Device.o)
    0x00201258   0x00201258   0x00000080   Code   RO         6719    .text.GUI_Delay     STemWin_CM7_OS_wc16_ot_ARGB.a(GUI_Time.o)
    0x002012d8   0x002012d8   0x00000134   Code   RO         6668    .text.GUI_DispString.part.0  STemWin_CM7_OS_wc16_ot_ARGB.a(GUI_DispString.o)
    0x0020140c   0x0020140c   0x00000028   Code   RO         6671    .text.GUI_DispStringAt  STemWin_CM7_OS_wc16_ot_ARGB.a(GUI_DispString.o)
    0x00201434   0x00201434   0x0000005c   Code   RO         6582    .text.GUI_Exec      STemWin_CM7_OS_wc16_ot_ARGB.a(GUI_Common.o)
    0x00201490   0x00201490   0x00000014   Code   RO         6745    .text.GUI_GetBitsPerPixelEx  STemWin_CM7_OS_wc16_ot_ARGB.a(LCD_GetEx.o)
    0x002014a4   0x002014a4   0x00000018   Code   RO         6560    .text.GUI_GetBkColor  STemWin_CM7_OS_wc16_ot_ARGB.a(GUI_Common.o)
    0x002014bc   0x002014bc   0x00000024   Code   RO         6843    .text.GUI_GetCharDistX  STemWin_CM7_OS_wc16_ot_ARGB.a(GUI_Char.o)
    0x002014e0   0x002014e0   0x00000028   Code   RO         6844    .text.GUI_GetCharDistXEx  STemWin_CM7_OS_wc16_ot_ARGB.a(GUI_Char.o)
    0x00201508   0x00201508   0x00000018   Code   RO         6562    .text.GUI_GetColor  STemWin_CM7_OS_wc16_ot_ARGB.a(GUI_Common.o)
    0x00201520   0x00201520   0x0000001c   Code   RO         6842    .text.GUI_GetFontDistY  STemWin_CM7_OS_wc16_ot_ARGB.a(GUI_Char.o)
    0x0020153c   0x0020153c   0x00000028   Code   RO         6706    .text.GUI_GetLayerPosEx  STemWin_CM7_OS_wc16_ot_ARGB.a(GUI_SelectLayer.o)
    0x00201564   0x00201564   0x0000002c   Code   RO         6571    .text.GUI_GetOrg    STemWin_CM7_OS_wc16_ot_ARGB.a(GUI_Common.o)
    0x00201590   0x00201590   0x00000018   Code   RO         6575    .text.GUI_GetVersionString  STemWin_CM7_OS_wc16_ot_ARGB.a(GUI_Common.o)
    0x002015a8   0x002015a8   0x00000048   Code   RO         6841    .text.GUI_GetYAdjust  STemWin_CM7_OS_wc16_ot_ARGB.a(GUI_Char.o)
    0x002015f0   0x002015f0   0x00000010   Code   RO         6752    .text.GUI_GetpfColor2IndexEx  STemWin_CM7_OS_wc16_ot_ARGB.a(LCD_GetEx.o)
    0x00201600   0x00201600   0x00000010   Code   RO         6750    .text.GUI_GetpfIndex2ColorEx  STemWin_CM7_OS_wc16_ot_ARGB.a(LCD_GetEx.o)
    0x00201610   0x00201610   0x00000020   Code   RO         6588    .text.GUI_GotoXY    STemWin_CM7_OS_wc16_ot_ARGB.a(GUI_Common.o)
    0x00201630   0x00201630   0x0000018c   Code   RO         6640    .text.GUI_Init      STemWin_CM7_OS_wc16_ot_ARGB.a(GUI_Core.o)
    0x002017bc   0x002017bc   0x0000009c   Code   RO         6890    .text.GUI_Lock      STemWin_CM7_OS_wc16_ot_ARGB.a(GUI_Task.o)
    0x00201858   0x00201858   0x00000058   Code   RO         7500    .text.GUI_MEMDEV_Clear  STemWin_CM7_OS_wc16_ot_ARGB.a(GUIDEV_Clear.o)
    0x002018b0   0x002018b0   0x00000010   Code   RO         7308    .text.GUI_MEMDEV_CopyToLCD  STemWin_CM7_OS_wc16_ot_ARGB.a(GUIDEV.o)
    0x002018c0   0x002018c0   0x00000104   Code   RO         7299    .text.GUI_MEMDEV_CopyToLCDAt.part.0  STemWin_CM7_OS_wc16_ot_ARGB.a(GUIDEV.o)
    0x002019c4   0x002019c4   0x00000090   Code   RO         7304    .text.GUI_MEMDEV_CreateEx  STemWin_CM7_OS_wc16_ot_ARGB.a(GUIDEV.o)
    0x00201a54   0x00201a54   0x00000054   Code   RO         7303    .text.GUI_MEMDEV_Delete  STemWin_CM7_OS_wc16_ot_ARGB.a(GUIDEV.o)
    0x00201aa8   0x00201aa8   0x0000017c   Code   RO         7314    .text.GUI_MEMDEV_Draw  STemWin_CM7_OS_wc16_ot_ARGB.a(GUIDEV_Banding.o)
    0x00201c24   0x00201c24   0x00000038   Code   RO         7302    .text.GUI_MEMDEV_GetBitsPerPixel  STemWin_CM7_OS_wc16_ot_ARGB.a(GUIDEV.o)
    0x00201c5c   0x00201c5c   0x00000030   Code   RO         7509    .text.GUI_MEMDEV_GetDataPtr  STemWin_CM7_OS_wc16_ot_ARGB.a(GUIDEV_GetDataPtr.o)
    0x00201c8c   0x00201c8c   0x00000044   Code   RO         7522    .text.GUI_MEMDEV_GetYSize  STemWin_CM7_OS_wc16_ot_ARGB.a(GUIDEV_GetYSize.o)
    0x00201cd0   0x00201cd0   0x00000194   Code   RO         7320    .text.GUI_MEMDEV_Paint1Static  STemWin_CM7_OS_wc16_ot_ARGB.a(GUIDEV_StaticDevices.o)
    0x00201e64   0x00201e64   0x00000040   Code   RO         7526    .text.GUI_MEMDEV_ReduceYSize  STemWin_CM7_OS_wc16_ot_ARGB.a(GUIDEV_ReduceYSize.o)
    0x00201ea4   0x00201ea4   0x00000060   Code   RO         7306    .text.GUI_MEMDEV_Select  STemWin_CM7_OS_wc16_ot_ARGB.a(GUIDEV.o)
    0x00201f04   0x00201f04   0x00000078   Code   RO         7530    .text.GUI_MEMDEV_SetOrg  STemWin_CM7_OS_wc16_ot_ARGB.a(GUIDEV_SetOrg.o)
    0x00201f7c   0x00201f7c   0x00000064   Code   RO         7545    .text.GUI_MEMDEV_Write  STemWin_CM7_OS_wc16_ot_ARGB.a(GUIDEV_Write.o)
    0x00201fe0   0x00201fe0   0x00000138   Code   RO         7301    .text.GUI_MEMDEV__CreateFixed  STemWin_CM7_OS_wc16_ot_ARGB.a(GUIDEV.o)
    0x00202118   0x00202118   0x00000194   Code   RO         7624    .text.GUI_MEMDEV__WriteToActiveAlpha  STemWin_CM7_OS_wc16_ot_ARGB.a(GUIDEV_WriteToActiveAlpha.o)
    0x002022ac   0x002022ac   0x0000003c   Code   RO         7300    .text.GUI_MEMDEV__WriteToActiveAt  STemWin_CM7_OS_wc16_ot_ARGB.a(GUIDEV.o)
    0x002022e8   0x002022e8   0x000009c0   Code   RO         7335    .text.GUI_MEMDEV__WriteToActiveOpaque  STemWin_CM7_OS_wc16_ot_ARGB.a(GUIDEV_WriteToActiveOpaque.o)
    0x00202ca8   0x00202ca8   0x0000005c   Code   RO         6579    .text.GUI_MergeRect  STemWin_CM7_OS_wc16_ot_ARGB.a(GUI_Common.o)
    0x00202d04   0x00202d04   0x00000024   Code   RO         6580    .text.GUI_MoveRect  STemWin_CM7_OS_wc16_ot_ARGB.a(GUI_Common.o)
    0x00202d28   0x00202d28   0x00000044   Code   RO         6881    .text.GUI_PollKeyMsg  STemWin_CM7_OS_wc16_ot_ARGB.a(GUI_OnKey.o)
    0x00202d6c   0x00202d6c   0x00000060   Code   RO         7477    .text.GUI_ReadRectEx  STemWin_CM7_OS_wc16_ot_ARGB.a(LCD_ReadRect.o)
    0x00202dcc   0x00202dcc   0x0000003c   Code   RO         6596    .text.GUI_RectsIntersect  STemWin_CM7_OS_wc16_ot_ARGB.a(GUI_Common.o)
    0x00202e08   0x00202e08   0x00000014   Code   RO         6598    .text.GUI_RestoreContext  STemWin_CM7_OS_wc16_ot_ARGB.a(GUI_Common.o)
    0x00202e1c   0x00202e1c   0x00000014   Code   RO         6597    .text.GUI_SaveContext_W  STemWin_CM7_OS_wc16_ot_ARGB.a(GUI_Common.o)
    0x00202e30   0x00202e30   0x0000001c   Code   RO         6603    .text.GUI_SelectLCD  STemWin_CM7_OS_wc16_ot_ARGB.a(GUI_Common.o)
    0x00202e4c   0x00202e4c   0x00000040   Code   RO         6708    .text.GUI_SelectLayer  STemWin_CM7_OS_wc16_ot_ARGB.a(GUI_SelectLayer.o)
    0x00202e8c   0x00202e8c   0x00000018   Code   RO         6605    .text.GUI_SetBkColor  STemWin_CM7_OS_wc16_ot_ARGB.a(GUI_Common.o)
    0x00202ea4   0x00202ea4   0x00000018   Code   RO         6606    .text.GUI_SetColor  STemWin_CM7_OS_wc16_ot_ARGB.a(GUI_Common.o)
    0x00202ebc   0x00202ebc   0x00000018   Code   RO         6613    .text.GUI_SetDrawMode  STemWin_CM7_OS_wc16_ot_ARGB.a(GUI_Common.o)
    0x00202ed4   0x00202ed4   0x00000020   Code   RO         6614    .text.GUI_SetFont   STemWin_CM7_OS_wc16_ot_ARGB.a(GUI_Common.o)
    0x00202ef4   0x00202ef4   0x00000040   Code   RO         6617    .text.GUI_SetOrg    STemWin_CM7_OS_wc16_ot_ARGB.a(GUI_Common.o)
    0x00202f34   0x00202f34   0x00000010   Code   RO         6922    .text.GUI_SignalEvent  STemWin_CM7_OS_wc16_ot_ARGB.a(GUI_WaitEvent.o)
    0x00202f44   0x00202f44   0x00000010   Code   RO         6878    .text.GUI_StoreKey  STemWin_CM7_OS_wc16_ot_ARGB.a(GUI_OnKey.o)
    0x00202f54   0x00202f54   0x000000d4   Code   RO         7240    .text.GUI_TIMER_Delete  STemWin_CM7_OS_wc16_ot_ARGB.a(GUI_Timer.o)
    0x00203028   0x00203028   0x0000003c   Code   RO         7246    .text.GUI_TIMER_GetFlag  STemWin_CM7_OS_wc16_ot_ARGB.a(GUI_Timer.o)
    0x00203064   0x00203064   0x00000030   Code   RO         7237    .text.GUI_TIMER__GetFirstTimer  STemWin_CM7_OS_wc16_ot_ARGB.a(GUI_Timer.o)
    0x00203094   0x00203094   0x00000040   Code   RO         7238    .text.GUI_TIMER__GetNextTimerLin  STemWin_CM7_OS_wc16_ot_ARGB.a(GUI_Timer.o)
    0x002030d4   0x002030d4   0x00000028   Code   RO         6903    .text.GUI_UC__GetCharCodeInc  STemWin_CM7_OS_wc16_ot_ARGB.a(GUI_UC.o)
    0x002030fc   0x002030fc   0x00000028   Code   RO         6904    .text.GUI_UC__NumChars2NumBytes  STemWin_CM7_OS_wc16_ot_ARGB.a(GUI_UC.o)
    0x00203124   0x00203124   0x00000024   Code   RO         7331    .text.GUI_USAGE_AddRect  STemWin_CM7_OS_wc16_ot_ARGB.a(GUIDEV_Usage.o)
    0x00203148   0x00203148   0x00000074   Code   RO         7538    .text.GUI_USAGE_BM_AddHLine  STemWin_CM7_OS_wc16_ot_ARGB.a(GUIDEV_UsageBM.o)
    0x002031bc   0x002031bc   0x0000002c   Code   RO         7534    .text.GUI_USAGE_BM_AddPixel  STemWin_CM7_OS_wc16_ot_ARGB.a(GUIDEV_UsageBM.o)
    0x002031e8   0x002031e8   0x00000014   Code   RO         7537    .text.GUI_USAGE_BM_Clear  STemWin_CM7_OS_wc16_ot_ARGB.a(GUIDEV_UsageBM.o)
    0x002031fc   0x002031fc   0x00000060   Code   RO         7539    .text.GUI_USAGE_BM_Create  STemWin_CM7_OS_wc16_ot_ARGB.a(GUIDEV_UsageBM.o)
    0x0020325c   0x0020325c   0x000000c0   Code   RO         7535    .text.GUI_USAGE_BM_GetNextDirty  STemWin_CM7_OS_wc16_ot_ARGB.a(GUIDEV_UsageBM.o)
    0x0020331c   0x0020331c   0x00000034   Code   RO         7330    .text.GUI_USAGE_DecUseCnt  STemWin_CM7_OS_wc16_ot_ARGB.a(GUIDEV_Usage.o)
    0x00203350   0x00203350   0x00000014   Code   RO         6889    .text.GUI_Unlock    STemWin_CM7_OS_wc16_ot_ARGB.a(GUI_Task.o)
    0x00203364   0x00203364   0x0000009c   Code   RO         7255    .text.GUI__AllocAlphaBuffer  STemWin_CM7_OS_wc16_ot_ARGB.a(GUI__Alpha.o)
    0x00203400   0x00203400   0x0000002c   Code   RO         7460    .text.GUI__AlphaPreserveTrans  STemWin_CM7_OS_wc16_ot_ARGB.a(GUI_SetAlpha.o)
    0x0020342c   0x0020342c   0x000001a8   Code   RO         7465    .text.GUI__CompactPixelIndices  STemWin_CM7_OS_wc16_ot_ARGB.a(GUI__CompactPixelIndices.o)
    0x002035d4   0x002035d4   0x0000018c   Code   RO         7467    .text.GUI__CompactPixelIndicesEx  STemWin_CM7_OS_wc16_ot_ARGB.a(GUI__CompactPixelIndices.o)
    0x00203760   0x00203760   0x00000084   Code   RO         6639    .text.GUI__Config   STemWin_CM7_OS_wc16_ot_ARGB.a(GUI_Core.o)
    0x002037e4   0x002037e4   0x000000c4   Code   RO         6853    .text.GUI__DispLine  STemWin_CM7_OS_wc16_ot_ARGB.a(GUI_CharLine.o)
    0x002038a8   0x002038a8   0x0000027c   Code   RO         7253    .text.GUI__DoAlphaBlending  STemWin_CM7_OS_wc16_ot_ARGB.a(GUI__Alpha.o)
    0x00203b24   0x00203b24   0x00000188   Code   RO         7472    .text.GUI__ExpandPixelIndicesEx  STemWin_CM7_OS_wc16_ot_ARGB.a(GUI__ExpandPixelIndices.o)
    0x00203cac   0x00203cac   0x00000080   Code   RO         6852    .text.GUI__GetLineDistX  STemWin_CM7_OS_wc16_ot_ARGB.a(GUI_CharLine.o)
    0x00203d2c   0x00203d2c   0x00000050   Code   RO         6850    .text.GUI__GetLineNumChars  STemWin_CM7_OS_wc16_ot_ARGB.a(GUI_CharLine.o)
    0x00203d7c   0x00203d7c   0x0000003c   Code   RO         6936    .text.GUI__IntersectRect  STemWin_CM7_OS_wc16_ot_ARGB.a(GUI__Private.o)
    0x00203db8   0x00203db8   0x00000058   Code   RO         6937    .text.GUI__IntersectRects  STemWin_CM7_OS_wc16_ot_ARGB.a(GUI__Private.o)
    0x00203e10   0x00203e10   0x000000f4   Code   RO         7266    .text.GUI__ManageCache  STemWin_CM7_OS_wc16_ot_ARGB.a(GUI__ManageCache.o)
    0x00203f04   0x00203f04   0x00000058   Code   RO         7251    .text.GUI__MixColors  STemWin_CM7_OS_wc16_ot_ARGB.a(GUI__Alpha.o)
    0x00203f5c   0x00203f5c   0x00000094   Code   RO         7250    .text.GUI__MixColorsBulk  STemWin_CM7_OS_wc16_ot_ARGB.a(GUI__Alpha.o)
    0x00203ff0   0x00203ff0   0x00000028   Code   RO         6642    .text.GUI__RegisterExit  STemWin_CM7_OS_wc16_ot_ARGB.a(GUI_Core.o)
    0x00204018   0x00204018   0x00000080   Code   RO         6939    .text.GUI__memset   STemWin_CM7_OS_wc16_ot_ARGB.a(GUI__Private.o)
    0x00204098   0x00204098   0x00000068   Code   RO         6940    .text.GUI__memset16  STemWin_CM7_OS_wc16_ot_ARGB.a(GUI__Private.o)
    0x00204100   0x00204100   0x00000048   Code   RO         7275    .text.LCD_AA_MixColors16  STemWin_CM7_OS_wc16_ot_ARGB.a(LCD_AA.o)
    0x00204148   0x00204148   0x00000010   Code   RO         7278    .text.LCD_AA_SetOrMask  STemWin_CM7_OS_wc16_ot_ARGB.a(LCD_AA.o)
    0x00204158   0x00204158   0x0000001c   Code   RO         6984    .text.LCD_Color2Index  STemWin_CM7_OS_wc16_ot_ARGB.a(LCD.o)
    0x00204174   0x00204174   0x0000030c   Code   RO         6981    .text.LCD_DrawBitmap  STemWin_CM7_OS_wc16_ot_ARGB.a(LCD.o)
    0x00204480   0x00204480   0x00000050   Code   RO         6977    .text.LCD_DrawHLine  STemWin_CM7_OS_wc16_ot_ARGB.a(LCD.o)
    0x002044d0   0x002044d0   0x00000064   Code   RO         6976    .text.LCD_DrawPixel  STemWin_CM7_OS_wc16_ot_ARGB.a(LCD.o)
    0x00204534   0x00204534   0x00000060   Code   RO         6979    .text.LCD_FillRect  STemWin_CM7_OS_wc16_ot_ARGB.a(LCD.o)
    0x00204594   0x00204594   0x00000020   Code   RO         6727    .text.LCD_GetBitsPerPixelEx  STemWin_CM7_OS_wc16_ot_ARGB.a(LCD_GetEx.o)
    0x002045b4   0x002045b4   0x00000010   Code   RO         7007    .text.LCD_GetBkColorIndex  STemWin_CM7_OS_wc16_ot_ARGB.a(LCD_GetColorIndex.o)
    0x002045c4   0x002045c4   0x00000010   Code   RO         7008    .text.LCD_GetColorIndex  STemWin_CM7_OS_wc16_ot_ARGB.a(LCD_GetColorIndex.o)
    0x002045d4   0x002045d4   0x00000020   Code   RO         6731    .text.LCD_GetMirrorXEx  STemWin_CM7_OS_wc16_ot_ARGB.a(LCD_GetEx.o)
    0x002045f4   0x002045f4   0x00000020   Code   RO         6732    .text.LCD_GetMirrorYEx  STemWin_CM7_OS_wc16_ot_ARGB.a(LCD_GetEx.o)
    0x00204614   0x00204614   0x0000002c   Code   RO         6739    .text.LCD_GetNumColors  STemWin_CM7_OS_wc16_ot_ARGB.a(LCD_GetEx.o)
    0x00204640   0x00204640   0x00000020   Code   RO         6728    .text.LCD_GetNumColorsEx  STemWin_CM7_OS_wc16_ot_ARGB.a(LCD_GetEx.o)
    0x00204660   0x00204660   0x00000020   Code   RO         7287    .text.LCD_GetNumLayers  STemWin_CM7_OS_wc16_ot_ARGB.a(LCD_GetNumDisplays.o)
    0x00204680   0x00204680   0x00000020   Code   RO         6748    .text.LCD_GetPalette  STemWin_CM7_OS_wc16_ot_ARGB.a(LCD_GetEx.o)
    0x002046a0   0x002046a0   0x00000034   Code   RO         6766    .text.LCD_GetPosEx  STemWin_CM7_OS_wc16_ot_ARGB.a(LCD_Set.o)
    0x002046d4   0x002046d4   0x00000020   Code   RO         6733    .text.LCD_GetSwapXYEx  STemWin_CM7_OS_wc16_ot_ARGB.a(LCD_GetEx.o)
    0x002046f4   0x002046f4   0x00000020   Code   RO         6725    .text.LCD_GetVXSizeEx  STemWin_CM7_OS_wc16_ot_ARGB.a(LCD_GetEx.o)
    0x00204714   0x00204714   0x00000034   Code   RO         6755    .text.LCD_GetVXSizeMax  STemWin_CM7_OS_wc16_ot_ARGB.a(LCD_GetEx.o)
    0x00204748   0x00204748   0x00000020   Code   RO         6726    .text.LCD_GetVYSizeEx  STemWin_CM7_OS_wc16_ot_ARGB.a(LCD_GetEx.o)
    0x00204768   0x00204768   0x0000002c   Code   RO         6734    .text.LCD_GetXSize  STemWin_CM7_OS_wc16_ot_ARGB.a(LCD_GetEx.o)
    0x00204794   0x00204794   0x0000000c   Code   RO         6759    .text.LCD_GetXSizeDisplay  STemWin_CM7_OS_wc16_ot_ARGB.a(LCD_GetEx.o)
    0x002047a0   0x002047a0   0x00000020   Code   RO         6723    .text.LCD_GetXSizeEx  STemWin_CM7_OS_wc16_ot_ARGB.a(LCD_GetEx.o)
    0x002047c0   0x002047c0   0x00000034   Code   RO         6753    .text.LCD_GetXSizeMax  STemWin_CM7_OS_wc16_ot_ARGB.a(LCD_GetEx.o)
    0x002047f4   0x002047f4   0x0000002c   Code   RO         6735    .text.LCD_GetYSize  STemWin_CM7_OS_wc16_ot_ARGB.a(LCD_GetEx.o)
    0x00204820   0x00204820   0x0000000c   Code   RO         6760    .text.LCD_GetYSizeDisplay  STemWin_CM7_OS_wc16_ot_ARGB.a(LCD_GetEx.o)
    0x0020482c   0x0020482c   0x00000020   Code   RO         6724    .text.LCD_GetYSizeEx  STemWin_CM7_OS_wc16_ot_ARGB.a(LCD_GetEx.o)
    0x0020484c   0x0020484c   0x00000034   Code   RO         6754    .text.LCD_GetYSizeMax  STemWin_CM7_OS_wc16_ot_ARGB.a(LCD_GetEx.o)
    0x00204880   0x00204880   0x00000074   Code   RO         7000    .text.LCD_GetpPalConvTableBM  STemWin_CM7_OS_wc16_ot_ARGB.a(LCD_Color.o)
    0x002048f4   0x002048f4   0x0000001c   Code   RO         6985    .text.LCD_Index2Color  STemWin_CM7_OS_wc16_ot_ARGB.a(LCD.o)
    0x00204910   0x00204910   0x00000034   Code   RO         6492    .text.LCD_Index2Color_M565  STemWin_CM7_OS_wc16_ot_ARGB.a(GUICC_M565.o)
    0x00204944   0x00204944   0x00000008   Code   RO         7404    .text.LCD_Index2Color_M888  STemWin_CM7_OS_wc16_ot_ARGB.a(GUICC_M888_Index2Color.o)
    0x0020494c   0x0020494c   0x00000004   Code   RO         7400    .text.LCD_Index2Color_M8888I  STemWin_CM7_OS_wc16_ot_ARGB.a(GUICC_M8888I_Index2Color.o)
    0x00204950   0x00204950   0x00000040   Code   RO         6997    .text.LCD_InitColors  STemWin_CM7_OS_wc16_ot_ARGB.a(LCD_Color.o)
    0x00204990   0x00204990   0x00000080   Code   RO         7001    .text.LCD_InitLUT   STemWin_CM7_OS_wc16_ot_ARGB.a(LCD_Color.o)
    0x00204a10   0x00204a10   0x00000220   Code   RO         7476    .text.LCD_ReadRectEx  STemWin_CM7_OS_wc16_ot_ARGB.a(LCD_ReadRect.o)
    0x00204c30   0x00204c30   0x00000044   Code   RO         7041    .text.LCD_SelectLCD  STemWin_CM7_OS_wc16_ot_ARGB.a(LCD_SelectLCD.o)
    0x00204c74   0x00204c74   0x0000000c   Code   RO         6988    .text.LCD_SetBkColor  STemWin_CM7_OS_wc16_ot_ARGB.a(LCD.o)
    0x00204c80   0x00204c80   0x00000018   Code   RO         6987    .text.LCD_SetBkColorIndex  STemWin_CM7_OS_wc16_ot_ARGB.a(LCD.o)
    0x00204c98   0x00204c98   0x00000034   Code   RO         7295    .text.LCD_SetClipRectEx  STemWin_CM7_OS_wc16_ot_ARGB.a(LCD_SetClipRectEx.o)
    0x00204ccc   0x00204ccc   0x0000001c   Code   RO         6982    .text.LCD_SetClipRectMax  STemWin_CM7_OS_wc16_ot_ARGB.a(LCD.o)
    0x00204ce8   0x00204ce8   0x0000000c   Code   RO         6989    .text.LCD_SetColor  STemWin_CM7_OS_wc16_ot_ARGB.a(LCD.o)
    0x00204cf4   0x00204cf4   0x00000018   Code   RO         6986    .text.LCD_SetColorIndex  STemWin_CM7_OS_wc16_ot_ARGB.a(LCD.o)
    0x00204d0c   0x00204d0c   0x0000000c   Code   RO         6758    .text.LCD_SetDisplaySize  STemWin_CM7_OS_wc16_ot_ARGB.a(LCD_GetEx.o)
    0x00204d18   0x00204d18   0x0000000c   Code   RO         6975    .text.LCD_SetDrawMode  STemWin_CM7_OS_wc16_ot_ARGB.a(LCD.o)
    0x00204d24   0x00204d24   0x00000034   Code   RO         6776    .text.LCD_SetLUTEntryEx  STemWin_CM7_OS_wc16_ot_ARGB.a(LCD_Set.o)
    0x00204d58   0x00204d58   0x00000034   Code   RO         6778    .text.LCD_SetSizeEx  STemWin_CM7_OS_wc16_ot_ARGB.a(LCD_Set.o)
    0x00204d8c   0x00204d8c   0x00000030   Code   RO         6780    .text.LCD_SetVRAMAddrEx  STemWin_CM7_OS_wc16_ot_ARGB.a(LCD_Set.o)
    0x00204dbc   0x00204dbc   0x00000034   Code   RO         6781    .text.LCD_SetVSizeEx  STemWin_CM7_OS_wc16_ot_ARGB.a(LCD_Set.o)
    0x00204df0   0x00204df0   0x00000024   Code   RO         7045    .text.LCD_UpdateColorIndices  STemWin_CM7_OS_wc16_ot_ARGB.a(LCD_UpdateColorIndices.o)
    0x00204e14   0x00204e14   0x0000021c   Code   RO         6980    .text.LCD__DrawBitmap_1bpp  STemWin_CM7_OS_wc16_ot_ARGB.a(LCD.o)
    0x00205030   0x00205030   0x00000068   Code   RO         6762    .text.LCD__GetBPPDevice  STemWin_CM7_OS_wc16_ot_ARGB.a(LCD_GetEx.o)
    0x00205098   0x00205098   0x00000010   Code   RO         7123    .text.WM_Activate   STemWin_CM7_OS_wc16_ot_ARGB.a(WM.o)
    0x002050a8   0x002050a8   0x000000a8   Code   RO         7151    .text.WM_BringToBottom  STemWin_CM7_OS_wc16_ot_ARGB.a(WM_Lib.o)
    0x00205150   0x00205150   0x000001d8   Code   RO         7108    .text.WM_CreateWindowAsChild  STemWin_CM7_OS_wc16_ot_ARGB.a(WM.o)
    0x00205328   0x00205328   0x00000020   Code   RO         7124    .text.WM_Deactivate  STemWin_CM7_OS_wc16_ot_ARGB.a(WM.o)
    0x00205348   0x00205348   0x00000060   Code   RO         7125    .text.WM_DefaultProc  STemWin_CM7_OS_wc16_ot_ARGB.a(WM.o)
    0x002053a8   0x002053a8   0x00000244   Code   RO         7098    .text.WM_DeleteWindow.part.3  STemWin_CM7_OS_wc16_ot_ARGB.a(WM.o)
    0x002055ec   0x002055ec   0x00000298   Code   RO         7122    .text.WM_Exec       STemWin_CM7_OS_wc16_ot_ARGB.a(WM.o)
    0x00205884   0x00205884   0x00000018   Code   RO         7147    .text.WM_GetDesktopWindow  STemWin_CM7_OS_wc16_ot_ARGB.a(WM_Lib.o)
    0x0020589c   0x0020589c   0x0000001c   Code   RO         7156    .text.WM_GetFirstChild  STemWin_CM7_OS_wc16_ot_ARGB.a(WM_Lib.o)
    0x002058b8   0x002058b8   0x0000001c   Code   RO         7169    .text.WM_GetParent  STemWin_CM7_OS_wc16_ot_ARGB.a(WM_Lib.o)
    0x002058d4   0x002058d4   0x0000001c   Code   RO         7165    .text.WM_GetWindowOrgX  STemWin_CM7_OS_wc16_ot_ARGB.a(WM_Lib.o)
    0x002058f0   0x002058f0   0x0000015c   Code   RO         7126    .text.WM_Init       STemWin_CM7_OS_wc16_ot_ARGB.a(WM.o)
    0x00205a4c   0x00205a4c   0x000000dc   Code   RO         7096    .text.WM_InvalidateRect.part.2  STemWin_CM7_OS_wc16_ot_ARGB.a(WM.o)
    0x00205b28   0x00205b28   0x00000364   Code   RO         7093    .text.WM_InvalidateWindowAndDescsEx  STemWin_CM7_OS_wc16_ot_ARGB.a(WM.o)
    0x00205e8c   0x00205e8c   0x000000b8   Code   RO         7342    .text.WM_MoveWindow  STemWin_CM7_OS_wc16_ot_ARGB.a(WM_Move.o)
    0x00205f44   0x00205f44   0x00000040   Code   RO         7185    .text.WM_NotifyParent  STemWin_CM7_OS_wc16_ot_ARGB.a(WM_Lib.o)
    0x00205f84   0x00205f84   0x0000004c   Code   RO         7186    .text.WM_OnKey      STemWin_CM7_OS_wc16_ot_ARGB.a(WM_Lib.o)
    0x00205fd0   0x00205fd0   0x00000018   Code   RO         7189    .text.WM_ResizeWindow  STemWin_CM7_OS_wc16_ot_ARGB.a(WM_Lib.o)
    0x00205fe8   0x00205fe8   0x00000100   Code   RO         7131    .text.WM_ResizeWindow.part.11  STemWin_CM7_OS_wc16_ot_ARGB.a(WM_Lib.o)
    0x002060e8   0x002060e8   0x0000001c   Code   RO         7190    .text.WM_SendMessageNoPara  STemWin_CM7_OS_wc16_ot_ARGB.a(WM_Lib.o)
    0x00206104   0x00206104   0x00000040   Code   RO         7191    .text.WM_SendToParent  STemWin_CM7_OS_wc16_ot_ARGB.a(WM_Lib.o)
    0x00206144   0x00206144   0x00000064   Code   RO         7202    .text.WM_SetSize    STemWin_CM7_OS_wc16_ot_ARGB.a(WM_Lib.o)
    0x002061a8   0x002061a8   0x00000128   Code   RO         7087    .text.WM__ActivateClipRect  STemWin_CM7_OS_wc16_ot_ARGB.a(WM.o)
    0x002062d0   0x002062d0   0x00000010   Code   RO         7385    .text.WM__AddCriticalHandle  STemWin_CM7_OS_wc16_ot_ARGB.a(WM__Private.o)
    0x002062e0   0x002062e0   0x00000080   Code   RO         7348    .text.WM__DeleteAssocTimer  STemWin_CM7_OS_wc16_ot_ARGB.a(WM_Timer.o)
    0x00206360   0x00206360   0x00000028   Code   RO         7387    .text.WM__GetClientRectEx  STemWin_CM7_OS_wc16_ot_ARGB.a(WM__Private.o)
    0x00206388   0x00206388   0x0000001c   Code   RO         7105    .text.WM__GetClientRectWin  STemWin_CM7_OS_wc16_ot_ARGB.a(WM.o)
    0x002063a4   0x002063a4   0x00000254   Code   RO         7115    .text.WM__GetNextIVR  STemWin_CM7_OS_wc16_ot_ARGB.a(WM.o)
    0x002065f8   0x002065f8   0x00000034   Code   RO         7374    .text.WM__GetPrevSibling  STemWin_CM7_OS_wc16_ot_ARGB.a(WM__Private.o)
    0x0020662c   0x0020662c   0x00000198   Code   RO         7116    .text.WM__InitIVRSearch  STemWin_CM7_OS_wc16_ot_ARGB.a(WM.o)
    0x002067c4   0x002067c4   0x000000d4   Code   RO         7088    .text.WM__InsertWindowIntoList  STemWin_CM7_OS_wc16_ot_ARGB.a(WM.o)
    0x00206898   0x00206898   0x000002a4   Code   RO         7092    .text.WM__InvalidateDrawAndDescs  STemWin_CM7_OS_wc16_ot_ARGB.a(WM.o)
    0x00206b3c   0x00206b3c   0x000000e8   Code   RO         7100    .text.WM__InvalidateParent  STemWin_CM7_OS_wc16_ot_ARGB.a(WM.o)
    0x00206c24   0x00206c24   0x000000d8   Code   RO         7094    .text.WM__InvalidateRect  STemWin_CM7_OS_wc16_ot_ARGB.a(WM.o)
    0x00206cfc   0x00206cfc   0x000000c4   Code   RO         7101    .text.WM__InvalidateRectEx  STemWin_CM7_OS_wc16_ot_ARGB.a(WM.o)
    0x00206dc0   0x00206dc0   0x000000b8   Code   RO         7117    .text.WM__Paint1    STemWin_CM7_OS_wc16_ot_ARGB.a(WM.o)
    0x00206e78   0x00206e78   0x000000a0   Code   RO         7082    .text.WM__PaintWinAndOverlays  STemWin_CM7_OS_wc16_ot_ARGB.a(WM.o)
    0x00206f18   0x00206f18   0x0000003c   Code   RO         7381    .text.WM__SendMessage  STemWin_CM7_OS_wc16_ot_ARGB.a(WM__Private.o)
    0x00206f54   0x00206f54   0x00000028   Code   RO         7383    .text.WM__SendMessageNoPara  STemWin_CM7_OS_wc16_ot_ARGB.a(WM__Private.o)
    0x00206f7c   0x00206f7c   0x00000018   Code   RO         7104    .text.WM__SendMsgNoData  STemWin_CM7_OS_wc16_ot_ARGB.a(WM.o)
    0x00206f94   0x00206f94   0x00000124   Code   RO         7384    .text.WM__UpdateChildPositions  STemWin_CM7_OS_wc16_ot_ARGB.a(WM__Private.o)
    0x002070b8   0x002070b8   0x0000035c   Code   RO         6502    .text._AddFreeMemory  STemWin_CM7_OS_wc16_ot_ARGB.a(GUI_Alloc.o)
    0x00207414   0x00207414   0x00000374   Code   RO         6505    .text._Alloc        STemWin_CM7_OS_wc16_ot_ARGB.a(GUI_Alloc.o)
    0x00207788   0x00207788   0x00000004   Code   RO         6912    .text._CalcSizeOfChar  STemWin_CM7_OS_wc16_ot_ARGB.a(GUI_UC_EncodeNone.o)
    0x0020778c   0x0020778c   0x0000005c   Code   RO         6495    .text._Color2IndexBulk  STemWin_CM7_OS_wc16_ot_ARGB.a(GUICC_M565.o)
    0x002077e8   0x002077e8   0x00000014   Code   RO         7393    .text._Color2IndexBulk_M8888I  STemWin_CM7_OS_wc16_ot_ARGB.a(GUICC_M8888I.o)
    0x002077fc   0x002077fc   0x00000054   Code   RO         7217    .text._Color2Index_0  STemWin_CM7_OS_wc16_ot_ARGB.a(GUICC_0.o)
    0x00207850   0x00207850   0x0000002c   Code   RO         6493    .text._Color2Index_M565  STemWin_CM7_OS_wc16_ot_ARGB.a(GUICC_M565.o)
    0x0020787c   0x0020787c   0x00000004   Code   RO         7391    .text._Color2Index_M8888I  STemWin_CM7_OS_wc16_ot_ARGB.a(GUICC_M8888I.o)
    0x00207880   0x00207880   0x00000084   Code   RO         6829    .text._CopyBuffer   STemWin_CM7_OS_wc16_ot_ARGB.a(GUIDRV_Lin_16.o)
    0x00207904   0x00207904   0x0000009c   Code   RO         6849    .text._DispLine     STemWin_CM7_OS_wc16_ot_ARGB.a(GUI_CharLine.o)
    0x002079a0   0x002079a0   0x00000724   Code   RO         6818    .text._DrawBitmap   STemWin_CM7_OS_wc16_ot_ARGB.a(GUIDRV_Lin_16.o)
    0x002080c4   0x002080c4   0x00000a38   Code   RO         7061    .text._DrawBitmap   STemWin_CM7_OS_wc16_ot_ARGB.a(GUIDEV_16.o)
    0x00208afc   0x00208afc   0x000009c0   Code   RO         7489    .text._DrawBitmap   STemWin_CM7_OS_wc16_ot_ARGB.a(GUIDEV_32.o)
    0x002094bc   0x002094bc   0x00000010   Code   RO         6816    .text._DrawHLine    STemWin_CM7_OS_wc16_ot_ARGB.a(GUIDRV_Lin_16.o)
    0x002094cc   0x002094cc   0x00000010   Code   RO         7067    .text._DrawHLine    STemWin_CM7_OS_wc16_ot_ARGB.a(GUIDEV_16.o)
    0x002094dc   0x002094dc   0x00000010   Code   RO         7494    .text._DrawHLine    STemWin_CM7_OS_wc16_ot_ARGB.a(GUIDEV_32.o)
    0x002094ec   0x002094ec   0x00000014   Code   RO         6817    .text._DrawVLine    STemWin_CM7_OS_wc16_ot_ARGB.a(GUIDRV_Lin_16.o)
    0x00209500   0x00209500   0x000000e8   Code   RO         7068    .text._DrawVLine    STemWin_CM7_OS_wc16_ot_ARGB.a(GUIDEV_16.o)
    0x002095e8   0x002095e8   0x000000e4   Code   RO         7495    .text._DrawVLine    STemWin_CM7_OS_wc16_ot_ARGB.a(GUIDEV_32.o)
    0x002096cc   0x002096cc   0x00000008   Code   RO         6913    .text._Encode       STemWin_CM7_OS_wc16_ot_ARGB.a(GUI_UC_EncodeNone.o)
    0x002096d4   0x002096d4   0x000000e0   Code   RO         6504    .text._EnlargeBlocks  STemWin_CM7_OS_wc16_ot_ARGB.a(GUI_Alloc.o)
    0x002097b4   0x002097b4   0x00000094   Code   RO         7099    .text._Exec1Input   STemWin_CM7_OS_wc16_ot_ARGB.a(WM.o)
    0x00209848   0x00209848   0x0000027c   Code   RO         6815    .text._FillRect     STemWin_CM7_OS_wc16_ot_ARGB.a(GUIDRV_Lin_16.o)
    0x00209ac4   0x00209ac4   0x00000174   Code   RO         7066    .text._FillRect     STemWin_CM7_OS_wc16_ot_ARGB.a(GUIDEV_16.o)
    0x00209c38   0x00209c38   0x000000ec   Code   RO         7493    .text._FillRect     STemWin_CM7_OS_wc16_ot_ARGB.a(GUIDEV_32.o)
    0x00209d24   0x00209d24   0x000000a4   Code   RO         7076    .text._Findx0       STemWin_CM7_OS_wc16_ot_ARGB.a(WM.o)
    0x00209dc8   0x00209dc8   0x0000008c   Code   RO         7080    .text._Findx0.constprop.10  STemWin_CM7_OS_wc16_ot_ARGB.a(WM.o)
    0x00209e54   0x00209e54   0x00000090   Code   RO         7077    .text._Findx1       STemWin_CM7_OS_wc16_ot_ARGB.a(WM.o)
    0x00209ee4   0x00209ee4   0x000000d0   Code   RO         7075    .text._Findy1       STemWin_CM7_OS_wc16_ot_ARGB.a(WM.o)
    0x00209fb4   0x00209fb4   0x000000a8   Code   RO         7081    .text._Findy1.constprop.11  STemWin_CM7_OS_wc16_ot_ARGB.a(WM.o)
    0x0020a05c   0x0020a05c   0x00000004   Code   RO         7536    .text._GUI_USAGE_BM_Delete  STemWin_CM7_OS_wc16_ot_ARGB.a(GUIDEV_UsageBM.o)
    0x0020a060   0x0020a060   0x00000004   Code   RO         6910    .text._GetCharCode  STemWin_CM7_OS_wc16_ot_ARGB.a(GUI_UC_EncodeNone.o)
    0x0020a064   0x0020a064   0x00000004   Code   RO         6911    .text._GetCharSize  STemWin_CM7_OS_wc16_ot_ARGB.a(GUI_UC_EncodeNone.o)
    0x0020a068   0x0020a068   0x00000010   Code   RO         6806    .text._GetDevData   STemWin_CM7_OS_wc16_ot_ARGB.a(GUIDRV_Lin_16.o)
    0x0020a078   0x0020a078   0x00000010   Code   RO         7057    .text._GetDevData   STemWin_CM7_OS_wc16_ot_ARGB.a(GUIDEV_16.o)
    0x0020a088   0x0020a088   0x00000010   Code   RO         7484    .text._GetDevData   STemWin_CM7_OS_wc16_ot_ARGB.a(GUIDEV_32.o)
    0x0020a098   0x0020a098   0x000000e8   Code   RO         6808    .text._GetDevFunc   STemWin_CM7_OS_wc16_ot_ARGB.a(GUIDRV_Lin_16.o)
    0x0020a180   0x0020a180   0x00000010   Code   RO         7058    .text._GetDevFunc   STemWin_CM7_OS_wc16_ot_ARGB.a(GUIDEV_16.o)
    0x0020a190   0x0020a190   0x00000010   Code   RO         7485    .text._GetDevFunc   STemWin_CM7_OS_wc16_ot_ARGB.a(GUIDEV_32.o)
    0x0020a1a0   0x0020a1a0   0x0000003c   Code   RO         6805    .text._GetDevProp   STemWin_CM7_OS_wc16_ot_ARGB.a(GUIDRV_Lin_16.o)
    0x0020a1dc   0x0020a1dc   0x00000018   Code   RO         7062    .text._GetDevProp   STemWin_CM7_OS_wc16_ot_ARGB.a(GUIDEV_16.o)
    0x0020a1f4   0x0020a1f4   0x0000000c   Code   RO         7486    .text._GetDevProp   STemWin_CM7_OS_wc16_ot_ARGB.a(GUIDEV_32.o)
    0x0020a200   0x0020a200   0x0000004c   Code   RO         7215    .text._GetIndexMask_0  STemWin_CM7_OS_wc16_ot_ARGB.a(GUICC_0.o)
    0x0020a24c   0x0020a24c   0x00000008   Code   RO         6494    .text._GetIndexMask_M565  STemWin_CM7_OS_wc16_ot_ARGB.a(GUICC_M565.o)
    0x0020a254   0x0020a254   0x00000008   Code   RO         7392    .text._GetIndexMask_M8888I  STemWin_CM7_OS_wc16_ot_ARGB.a(GUICC_M8888I.o)
    0x0020a25c   0x0020a25c   0x00000010   Code   RO         6803    .text._GetPixelIndex  STemWin_CM7_OS_wc16_ot_ARGB.a(GUIDRV_Lin_16.o)
    0x0020a26c   0x0020a26c   0x00000040   Code   RO         7063    .text._GetPixelIndex  STemWin_CM7_OS_wc16_ot_ARGB.a(GUIDEV_16.o)
    0x0020a2ac   0x0020a2ac   0x00000040   Code   RO         7490    .text._GetPixelIndex  STemWin_CM7_OS_wc16_ot_ARGB.a(GUIDEV_32.o)
    0x0020a2ec   0x0020a2ec   0x00000030   Code   RO         6821    .text._GetPos       STemWin_CM7_OS_wc16_ot_ARGB.a(GUIDRV_Lin_16.o)
    0x0020a31c   0x0020a31c   0x00000018   Code   RO         6801    .text._GetRect      STemWin_CM7_OS_wc16_ot_ARGB.a(GUIDRV_Lin_16.o)
    0x0020a334   0x0020a334   0x00000038   Code   RO         7060    .text._GetRect      STemWin_CM7_OS_wc16_ot_ARGB.a(GUIDEV_16.o)
    0x0020a36c   0x0020a36c   0x00000038   Code   RO         7488    .text._GetRect      STemWin_CM7_OS_wc16_ot_ARGB.a(GUIDEV_32.o)
    0x0020a3a4   0x0020a3a4   0x00000070   Code   RO         6496    .text._Index2ColorBulk  STemWin_CM7_OS_wc16_ot_ARGB.a(GUICC_M565.o)
    0x0020a414   0x0020a414   0x00000014   Code   RO         7394    .text._Index2ColorBulk_M8888I  STemWin_CM7_OS_wc16_ot_ARGB.a(GUICC_M8888I.o)
    0x0020a428   0x0020a428   0x00000020   Code   RO         7216    .text._Index2Color_0  STemWin_CM7_OS_wc16_ot_ARGB.a(GUICC_0.o)
    0x0020a448   0x0020a448   0x00000030   Code   RO         6819    .text._Init         STemWin_CM7_OS_wc16_ot_ARGB.a(GUIDRV_Lin_16.o)
    0x0020a478   0x0020a478   0x00000080   Code   RO         6627    .text._InitContext  STemWin_CM7_OS_wc16_ot_ARGB.a(GUI_Core.o)
    0x0020a4f8   0x0020a4f8   0x000000e4   Code   RO         7084    .text._Invalidate1Abs  STemWin_CM7_OS_wc16_ot_ARGB.a(WM.o)
    0x0020a5dc   0x0020a5dc   0x00000004   Code   RO         6848    .text._Log2VisBuffered  STemWin_CM7_OS_wc16_ot_ARGB.a(GUI_CharLine.o)
    0x0020a5e0   0x0020a5e0   0x00000258   Code   RO         7339    .text._MoveDescendents  STemWin_CM7_OS_wc16_ot_ARGB.a(WM_Move.o)
    0x0020a838   0x0020a838   0x0000000c   Code   RO         6812    .text._Off          STemWin_CM7_OS_wc16_ot_ARGB.a(GUIDRV_Lin_16.o)
    0x0020a844   0x0020a844   0x0000000c   Code   RO         6813    .text._On           STemWin_CM7_OS_wc16_ot_ARGB.a(GUIDRV_Lin_16.o)
    0x0020a850   0x0020a850   0x00000044   Code   RO         6628    .text._OnExit       STemWin_CM7_OS_wc16_ot_ARGB.a(GUI_Core.o)
    0x0020a894   0x0020a894   0x00000014   Code   RO         6888    .text._OnExit       STemWin_CM7_OS_wc16_ot_ARGB.a(GUI_Task.o)
    0x0020a8a8   0x0020a8a8   0x0000001c   Code   RO         6995    .text._OnExit       STemWin_CM7_OS_wc16_ot_ARGB.a(LCD_Color.o)
    0x0020a8c4   0x0020a8c4   0x000000a0   Code   RO         7074    .text._OnExit       STemWin_CM7_OS_wc16_ot_ARGB.a(WM.o)
    0x0020a964   0x0020a964   0x00000028   Code   RO         7252    .text._OnExit       STemWin_CM7_OS_wc16_ot_ARGB.a(GUI__Alpha.o)
    0x0020a98c   0x0020a98c   0x000000c0   Code   RO         7078    .text._Paint1Trans  STemWin_CM7_OS_wc16_ot_ARGB.a(WM.o)
    0x0020aa4c   0x0020aa4c   0x000000d8   Code   RO         7079    .text._PaintTransChildren  STemWin_CM7_OS_wc16_ot_ARGB.a(WM.o)
    0x0020ab24   0x0020ab24   0x000000c8   Code   RO         6807    .text._ReadRect     STemWin_CM7_OS_wc16_ot_ARGB.a(GUIDRV_Lin_16.o)
    0x0020abec   0x0020abec   0x000001b0   Code   RO         6503    .text._RemoveHoles  STemWin_CM7_OS_wc16_ot_ARGB.a(GUI_Alloc.o)
    0x0020ad9c   0x0020ad9c   0x00000040   Code   RO         6823    .text._SetAlpha     STemWin_CM7_OS_wc16_ot_ARGB.a(GUIDRV_Lin_16.o)
    0x0020addc   0x0020addc   0x00000018   Code   RO         6811    .text._SetAlphaMode  STemWin_CM7_OS_wc16_ot_ARGB.a(GUIDRV_Lin_16.o)
    0x0020adf4   0x0020adf4   0x00000038   Code   RO         6972    .text._SetBkColor   STemWin_CM7_OS_wc16_ot_ARGB.a(LCD.o)
    0x0020ae2c   0x0020ae2c   0x00000018   Code   RO         6809    .text._SetChroma    STemWin_CM7_OS_wc16_ot_ARGB.a(GUIDRV_Lin_16.o)
    0x0020ae44   0x0020ae44   0x00000018   Code   RO         6810    .text._SetChromaMode  STemWin_CM7_OS_wc16_ot_ARGB.a(GUIDRV_Lin_16.o)
    0x0020ae5c   0x0020ae5c   0x00000038   Code   RO         6973    .text._SetColor     STemWin_CM7_OS_wc16_ot_ARGB.a(LCD.o)
    0x0020ae94   0x0020ae94   0x00000070   Code   RO         6828    .text._SetDevFunc   STemWin_CM7_OS_wc16_ot_ARGB.a(GUIDRV_Lin_16.o)
    0x0020af04   0x0020af04   0x00000030   Code   RO         6974    .text._SetDrawMode  STemWin_CM7_OS_wc16_ot_ARGB.a(LCD.o)
    0x0020af34   0x0020af34   0x000000d0   Code   RO         6814    .text._SetOrg       STemWin_CM7_OS_wc16_ot_ARGB.a(GUIDRV_Lin_16.o)
    0x0020b004   0x0020b004   0x0000000c   Code   RO         7059    .text._SetOrg       STemWin_CM7_OS_wc16_ot_ARGB.a(GUIDEV_16.o)
    0x0020b010   0x0020b010   0x00000008   Code   RO         7487    .text._SetOrg       STemWin_CM7_OS_wc16_ot_ARGB.a(GUIDEV_32.o)
    0x0020b018   0x0020b018   0x00000018   Code   RO         6802    .text._SetPixelIndex  STemWin_CM7_OS_wc16_ot_ARGB.a(GUIDRV_Lin_16.o)
    0x0020b030   0x0020b030   0x00000078   Code   RO         7064    .text._SetPixelIndex  STemWin_CM7_OS_wc16_ot_ARGB.a(GUIDEV_16.o)
    0x0020b0a8   0x0020b0a8   0x00000078   Code   RO         7491    .text._SetPixelIndex  STemWin_CM7_OS_wc16_ot_ARGB.a(GUIDEV_32.o)
    0x0020b120   0x0020b120   0x00000178   Code   RO         6830    .text._SetPos       STemWin_CM7_OS_wc16_ot_ARGB.a(GUIDRV_Lin_16.o)
    0x0020b298   0x0020b298   0x0000005c   Code   RO         6827    .text._SetSize      STemWin_CM7_OS_wc16_ot_ARGB.a(GUIDRV_Lin_16.o)
    0x0020b2f4   0x0020b2f4   0x00000040   Code   RO         6825    .text._SetVRAMAddr  STemWin_CM7_OS_wc16_ot_ARGB.a(GUIDRV_Lin_16.o)
    0x0020b334   0x0020b334   0x0000002c   Code   RO         6820    .text._SetVRAM_BufferPTR  STemWin_CM7_OS_wc16_ot_ARGB.a(GUIDRV_Lin_16.o)
    0x0020b360   0x0020b360   0x00000038   Code   RO         6826    .text._SetVSize     STemWin_CM7_OS_wc16_ot_ARGB.a(GUIDRV_Lin_16.o)
    0x0020b398   0x0020b398   0x00000040   Code   RO         6824    .text._SetVis       STemWin_CM7_OS_wc16_ot_ARGB.a(GUIDRV_Lin_16.o)
    0x0020b3d8   0x0020b3d8   0x0000003c   Code   RO         6822    .text._ShowBuffer   STemWin_CM7_OS_wc16_ot_ARGB.a(GUIDRV_Lin_16.o)
    0x0020b414   0x0020b414   0x00000198   Code   RO         7623    .text._WriteToActiveAlpha  STemWin_CM7_OS_wc16_ot_ARGB.a(GUIDEV_WriteToActiveAlpha.o)
    0x0020b5ac   0x0020b5ac   0x00000030   Code   RO         6804    .text._XorPixel     STemWin_CM7_OS_wc16_ot_ARGB.a(GUIDRV_Lin_16.o)
    0x0020b5dc   0x0020b5dc   0x00000084   Code   RO         7065    .text._XorPixel     STemWin_CM7_OS_wc16_ot_ARGB.a(GUIDEV_16.o)
    0x0020b660   0x0020b660   0x00000084   Code   RO         7492    .text._XorPixel     STemWin_CM7_OS_wc16_ot_ARGB.a(GUIDEV_32.o)
    0x0020b6e4   0x0020b6e4   0x000000b0   Code   RO         7097    .text._cbBackWin    STemWin_CM7_OS_wc16_ot_ARGB.a(WM.o)
    0x0020b794   0x0020b794   0x00000070   Code   RO         7083    .text._cbPaintMemDev  STemWin_CM7_OS_wc16_ot_ARGB.a(WM.o)
    0x0020b804   0x0020b804   0x00000110   Code   RO         6983    .text.emWin_LCD_Init  STemWin_CM7_OS_wc16_ot_ARGB.a(LCD.o)
    0x0020b914   0x0020b914   0x00000014   Code   RO          534    i.BSP_SD_GetCardInfo  bsp_driver_sd.o
    0x0020b928   0x0020b928   0x00000018   Code   RO          535    i.BSP_SD_GetCardState  bsp_driver_sd.o
    0x0020b940   0x0020b940   0x00000030   Code   RO          537    i.BSP_SD_Init       bsp_driver_sd.o
    0x0020b970   0x0020b970   0x0000000c   Code   RO          538    i.BSP_SD_IsDetected  bsp_driver_sd.o
    0x0020b97c   0x0020b97c   0x00000028   Code   RO          540    i.BSP_SD_ReadBlocks_DMA  bsp_driver_sd.o
    0x0020b9a4   0x0020b9a4   0x00000018   Code   RO          647    i.BSP_SD_ReadCpltCallback  sd_diskio.o
    0x0020b9bc   0x0020b9bc   0x00000028   Code   RO          543    i.BSP_SD_WriteBlocks_DMA  bsp_driver_sd.o
    0x0020b9e4   0x0020b9e4   0x00000004   Code   RO         1005    i.BusFault_Handler  stm32f7xx_it.o
    0x0020b9e8   0x0020b9e8   0x0000000a   Code   RO           13    i.CT_Delay          gt9147_iic_driver.o
    0x0020b9f2   0x0020b9f2   0x00000002   PAD
    0x0020b9f4   0x0020b9f4   0x00000054   Code   RO           14    i.CT_IIC_Ack        gt9147_iic_driver.o
    0x0020ba48   0x0020ba48   0x0000006c   Code   RO           15    i.CT_IIC_Init       gt9147_iic_driver.o
    0x0020bab4   0x0020bab4   0x00000054   Code   RO           16    i.CT_IIC_NAck       gt9147_iic_driver.o
    0x0020bb08   0x0020bb08   0x0000006c   Code   RO           17    i.CT_IIC_Read_Byte  gt9147_iic_driver.o
    0x0020bb74   0x0020bb74   0x00000078   Code   RO           18    i.CT_IIC_Send_Byte  gt9147_iic_driver.o
    0x0020bbec   0x0020bbec   0x00000044   Code   RO           19    i.CT_IIC_Start      gt9147_iic_driver.o
    0x0020bc30   0x0020bc30   0x00000048   Code   RO           20    i.CT_IIC_Stop       gt9147_iic_driver.o
    0x0020bc78   0x0020bc78   0x00000064   Code   RO           21    i.CT_IIC_Wait_Ack   gt9147_iic_driver.o
    0x0020bcdc   0x0020bcdc   0x0000002c   Code   RO         3401    i.DMA_SetConfig     stm32f7xx_hal_dma.o
    0x0020bd08   0x0020bd08   0x00000002   Code   RO         1006    i.DebugMon_Handler  stm32f7xx_it.o
    0x0020bd0a   0x0020bd0a   0x0000000a   Code   RO         1007    i.EXTI9_5_IRQHandler  stm32f7xx_it.o
    0x0020bd14   0x0020bd14   0x00000002   Code   RO          423    i.Error_Handler     main.o
    0x0020bd16   0x0020bd16   0x00000012   Code   RO         6362    i.FATFS_LinkDriver  ff_gen_drv.o
    0x0020bd28   0x0020bd28   0x00000054   Code   RO         6363    i.FATFS_LinkDriverEx  ff_gen_drv.o
    0x0020bd7c   0x0020bd7c   0x00000074   Code   RO         1156    i.FMC_SDRAM_Init    stm32f7xx_ll_fmc.o
    0x0020bdf0   0x0020bdf0   0x0000000e   Code   RO         1157    i.FMC_SDRAM_ProgramRefreshRate  stm32f7xx_ll_fmc.o
    0x0020bdfe   0x0020bdfe   0x00000026   Code   RO         1158    i.FMC_SDRAM_SendCommand  stm32f7xx_ll_fmc.o
    0x0020be24   0x0020be24   0x0000009c   Code   RO         1160    i.FMC_SDRAM_Timing_Init  stm32f7xx_ll_fmc.o
    0x0020bec0   0x0020bec0   0x00000010   Code   RO          931    i.GRAPHICS_HW_Init  stemwin_wrapper.o
    0x0020bed0   0x0020bed0   0x00000008   Code   RO          932    i.GRAPHICS_Init     stemwin_wrapper.o
    0x0020bed8   0x0020bed8   0x0000005c   Code   RO          904    i.GRAPHICS_MainTask  gui_app.o
    0x0020bf34   0x0020bf34   0x000000b0   Code   RO           22    i.GT9147_Init       gt9147_iic_driver.o
    0x0020bfe4   0x0020bfe4   0x00000062   Code   RO           23    i.GT9147_RD_Reg     gt9147_iic_driver.o
    0x0020c046   0x0020c046   0x00000002   PAD
    0x0020c048   0x0020c048   0x0000005c   Code   RO           24    i.GT9147_Send_Cfg   gt9147_iic_driver.o
    0x0020c0a4   0x0020c0a4   0x0000005c   Code   RO           25    i.GT9147_WR_Reg     gt9147_iic_driver.o
    0x0020c100   0x0020c100   0x00000014   Code   RO          813    i.GUI_X_Config      guiconf.o
    0x0020c114   0x0020c114   0x0000000c   Code   RO         5826    i.GUI_X_Delay       gui_x_os.o
    0x0020c120   0x0020c120   0x00000008   Code   RO         5829    i.GUI_X_GetTaskId   gui_x_os.o
    0x0020c128   0x0020c128   0x00000008   Code   RO         5830    i.GUI_X_GetTime     gui_x_os.o
    0x0020c130   0x0020c130   0x00000002   Code   RO         5831    i.GUI_X_Init        gui_x_os.o
    0x0020c132   0x0020c132   0x00000002   PAD
    0x0020c134   0x0020c134   0x0000002c   Code   RO         5832    i.GUI_X_InitOS      gui_x_os.o
    0x0020c160   0x0020c160   0x00000014   Code   RO         5833    i.GUI_X_Lock        gui_x_os.o
    0x0020c174   0x0020c174   0x00000010   Code   RO         5836    i.GUI_X_Unlock      gui_x_os.o
    0x0020c184   0x0020c184   0x00000066   Code   RO         1952    i.HAL_CRCEx_Polynomial_Set  stm32f7xx_hal_crc_ex.o
    0x0020c1ea   0x0020c1ea   0x00000002   PAD
    0x0020c1ec   0x0020c1ec   0x00000084   Code   RO         1886    i.HAL_CRC_Init      stm32f7xx_hal_crc.o
    0x0020c270   0x0020c270   0x00000030   Code   RO         1082    i.HAL_CRC_MspInit   stm32f7xx_hal_msp.o
    0x0020c2a0   0x0020c2a0   0x00000028   Code   RO         3403    i.HAL_DMA_Abort_IT  stm32f7xx_hal_dma.o
    0x0020c2c8   0x0020c2c8   0x00000006   Code   RO         3405    i.HAL_DMA_GetError  stm32f7xx_hal_dma.o
    0x0020c2ce   0x0020c2ce   0x0000009e   Code   RO         3412    i.HAL_DMA_Start_IT  stm32f7xx_hal_dma.o
    0x0020c36c   0x0020c36c   0x00000028   Code   RO         3769    i.HAL_Delay         stm32f7xx_hal.o
    0x0020c394   0x0020c394   0x000000ec   Code   RO          831    i.HAL_FMC_MspInit   hw_init.o
    0x0020c480   0x0020c480   0x00000180   Code   RO         3333    i.HAL_GPIO_DeInit   stm32f7xx_hal_gpio.o
    0x0020c600   0x0020c600   0x000000ec   Code   RO           26    i.HAL_GPIO_EXTI_Callback  gt9147_iic_driver.o
    0x0020c6ec   0x0020c6ec   0x0000001c   Code   RO         3335    i.HAL_GPIO_EXTI_IRQHandler  stm32f7xx_hal_gpio.o
    0x0020c708   0x0020c708   0x00000218   Code   RO         3336    i.HAL_GPIO_Init     stm32f7xx_hal_gpio.o
    0x0020c920   0x0020c920   0x00000010   Code   RO         3338    i.HAL_GPIO_ReadPin  stm32f7xx_hal_gpio.o
    0x0020c930   0x0020c930   0x0000000c   Code   RO         3340    i.HAL_GPIO_WritePin  stm32f7xx_hal_gpio.o
    0x0020c93c   0x0020c93c   0x0000000c   Code   RO         3779    i.HAL_GetTick       stm32f7xx_hal.o
    0x0020c948   0x0020c948   0x00000018   Code   RO         3785    i.HAL_IncTick       stm32f7xx_hal.o
    0x0020c960   0x0020c960   0x00000030   Code   RO         3786    i.HAL_Init          stm32f7xx_hal.o
    0x0020c990   0x0020c990   0x0000004c   Code   RO         3787    i.HAL_InitTick      stm32f7xx_hal.o
    0x0020c9dc   0x0020c9dc   0x000000b0   Code   RO         1447    i.HAL_LTDC_ConfigCLUT  stm32f7xx_hal_ltdc.o
    0x0020ca8c   0x0020ca8c   0x00000060   Code   RO         1448    i.HAL_LTDC_ConfigColorKeying  stm32f7xx_hal_ltdc.o
    0x0020caec   0x0020caec   0x0000005e   Code   RO         1450    i.HAL_LTDC_ConfigLayer  stm32f7xx_hal_ltdc.o
    0x0020cb4a   0x0020cb4a   0x0000001e   Code   RO         1452    i.HAL_LTDC_DeInit   stm32f7xx_hal_ltdc.o
    0x0020cb68   0x0020cb68   0x0000004c   Code   RO         1455    i.HAL_LTDC_DisableColorKeying  stm32f7xx_hal_ltdc.o
    0x0020cbb4   0x0020cbb4   0x0000004c   Code   RO         1460    i.HAL_LTDC_EnableColorKeying  stm32f7xx_hal_ltdc.o
    0x0020cc00   0x0020cc00   0x00000118   Code   RO         1467    i.HAL_LTDC_Init     stm32f7xx_hal_ltdc.o
    0x0020cd18   0x0020cd18   0x0000005c   Code   RO          832    i.HAL_LTDC_MspDeInit  hw_init.o
    0x0020cd74   0x0020cd74   0x00000138   Code   RO          833    i.HAL_LTDC_MspInit  hw_init.o
    0x0020ceac   0x0020ceac   0x0000005c   Code   RO         1474    i.HAL_LTDC_SetAddress  stm32f7xx_hal_ltdc.o
    0x0020cf08   0x0020cf08   0x0000005c   Code   RO         1476    i.HAL_LTDC_SetAlpha  stm32f7xx_hal_ltdc.o
    0x0020cf64   0x0020cf64   0x0000006c   Code   RO         1482    i.HAL_LTDC_SetWindowPosition  stm32f7xx_hal_ltdc.o
    0x0020cfd0   0x0020cfd0   0x0000005c   Code   RO         1740    i.HAL_MPU_ConfigRegion  stm32f7xx_hal_cortex.o
    0x0020d02c   0x0020d02c   0x0000002c   Code   RO         1741    i.HAL_MPU_Disable   stm32f7xx_hal_cortex.o
    0x0020d058   0x0020d058   0x00000040   Code   RO         1742    i.HAL_MPU_Enable    stm32f7xx_hal_cortex.o
    0x0020d098   0x0020d098   0x0000004c   Code   RO         1083    i.HAL_MspInit       stm32f7xx_hal_msp.o
    0x0020d0e4   0x0020d0e4   0x00000020   Code   RO         1745    i.HAL_NVIC_EnableIRQ  stm32f7xx_hal_cortex.o
    0x0020d104   0x0020d104   0x0000007c   Code   RO         1751    i.HAL_NVIC_SetPriority  stm32f7xx_hal_cortex.o
    0x0020d180   0x0020d180   0x00000028   Code   RO         1752    i.HAL_NVIC_SetPriorityGrouping  stm32f7xx_hal_cortex.o
    0x0020d1a8   0x0020d1a8   0x00000090   Code   RO         3676    i.HAL_PWREx_EnableOverDrive  stm32f7xx_hal_pwr_ex.o
    0x0020d238   0x0020d238   0x00000758   Code   RO         3052    i.HAL_RCCEx_PeriphCLKConfig  stm32f7xx_hal_rcc_ex.o
    0x0020d990   0x0020d990   0x00000190   Code   RO         2945    i.HAL_RCC_ClockConfig  stm32f7xx_hal_rcc.o
    0x0020db20   0x0020db20   0x00000014   Code   RO         2948    i.HAL_RCC_EnableCSS  stm32f7xx_hal_rcc.o
    0x0020db34   0x0020db34   0x0000000c   Code   RO         2950    i.HAL_RCC_GetHCLKFreq  stm32f7xx_hal_rcc.o
    0x0020db40   0x0020db40   0x00000020   Code   RO         2952    i.HAL_RCC_GetPCLK1Freq  stm32f7xx_hal_rcc.o
    0x0020db60   0x0020db60   0x00000020   Code   RO         2953    i.HAL_RCC_GetPCLK2Freq  stm32f7xx_hal_rcc.o
    0x0020db80   0x0020db80   0x000000b0   Code   RO         2954    i.HAL_RCC_GetSysClockFreq  stm32f7xx_hal_rcc.o
    0x0020dc30   0x0020dc30   0x000004b8   Code   RO         2957    i.HAL_RCC_OscConfig  stm32f7xx_hal_rcc.o
    0x0020e0e8   0x0020e0e8   0x00000040   Code   RO         1297    i.HAL_SDRAM_Init    stm32f7xx_hal_sdram.o
    0x0020e128   0x0020e128   0x0000000a   Code   RO          835    i.HAL_SDRAM_MspInit  hw_init.o
    0x0020e132   0x0020e132   0x00000028   Code   RO         1300    i.HAL_SDRAM_ProgramRefreshRate  stm32f7xx_hal_sdram.o
    0x0020e15a   0x0020e15a   0x0000003a   Code   RO         1306    i.HAL_SDRAM_SendCommand  stm32f7xx_hal_sdram.o
    0x0020e194   0x0020e194   0x000000a8   Code   RO         2265    i.HAL_SD_ConfigWideBusOperation  stm32f7xx_hal_sd.o
    0x0020e23c   0x0020e23c   0x00000002   Code   RO         2268    i.HAL_SD_ErrorCallback  stm32f7xx_hal_sd.o
    0x0020e23e   0x0020e23e   0x000001f0   Code   RO         2270    i.HAL_SD_GetCardCSD  stm32f7xx_hal_sd.o
    0x0020e42e   0x0020e42e   0x00000026   Code   RO         2271    i.HAL_SD_GetCardInfo  stm32f7xx_hal_sd.o
    0x0020e454   0x0020e454   0x00000028   Code   RO         2272    i.HAL_SD_GetCardState  stm32f7xx_hal_sd.o
    0x0020e47c   0x0020e47c   0x00000036   Code   RO         2277    i.HAL_SD_Init       stm32f7xx_hal_sd.o
    0x0020e4b2   0x0020e4b2   0x00000088   Code   RO         2278    i.HAL_SD_InitCard   stm32f7xx_hal_sd.o
    0x0020e53a   0x0020e53a   0x00000002   PAD
    0x0020e53c   0x0020e53c   0x000000bc   Code   RO         1085    i.HAL_SD_MspInit    stm32f7xx_hal_msp.o
    0x0020e5f8   0x0020e5f8   0x00000128   Code   RO         2282    i.HAL_SD_ReadBlocks_DMA  stm32f7xx_hal_sd.o
    0x0020e720   0x0020e720   0x0000000a   Code   RO          546    i.HAL_SD_RxCpltCallback  bsp_driver_sd.o
    0x0020e72a   0x0020e72a   0x00000002   PAD
    0x0020e72c   0x0020e72c   0x00000128   Code   RO         2287    i.HAL_SD_WriteBlocks_DMA  stm32f7xx_hal_sd.o
    0x0020e854   0x0020e854   0x00000034   Code   RO         1756    i.HAL_SYSTICK_Config  stm32f7xx_hal_cortex.o
    0x0020e888   0x0020e888   0x00000002   Code   RO         2575    i.HAL_UART_ErrorCallback  stm32f7xx_hal_uart.o
    0x0020e88a   0x0020e88a   0x00000002   PAD
    0x0020e88c   0x0020e88c   0x00000174   Code   RO         2578    i.HAL_UART_IRQHandler  stm32f7xx_hal_uart.o
    0x0020ea00   0x0020ea00   0x00000074   Code   RO         2579    i.HAL_UART_Init     stm32f7xx_hal_uart.o
    0x0020ea74   0x0020ea74   0x00000090   Code   RO         1087    i.HAL_UART_MspInit  stm32f7xx_hal_msp.o
    0x0020eb04   0x0020eb04   0x00000002   Code   RO         2590    i.HAL_UART_TxCpltCallback  stm32f7xx_hal_uart.o
    0x0020eb06   0x0020eb06   0x00000004   Code   RO         1008    i.HardFault_Handler  stm32f7xx_it.o
    0x0020eb0a   0x0020eb0a   0x00000002   PAD
    0x0020eb0c   0x0020eb0c   0x0000010c   Code   RO          934    i.LCD_X_Config      stemwin_wrapper.o
    0x0020ec18   0x0020ec18   0x00000180   Code   RO          935    i.LCD_X_DisplayDriver  stemwin_wrapper.o
    0x0020ed98   0x0020ed98   0x00000210   Code   RO         1486    i.LTDC_SetConfig    stm32f7xx_hal_ltdc.o
    0x0020efa8   0x0020efa8   0x0000005a   Code   RO          424    i.MPU_Config        main.o
    0x0020f002   0x0020f002   0x00000002   PAD
    0x0020f004   0x0020f004   0x00000034   Code   RO          425    i.MX_CRC_Init       main.o
    0x0020f038   0x0020f038   0x0000001c   Code   RO          750    i.MX_FATFS_Init     fatfs.o
    0x0020f054   0x0020f054   0x00000074   Code   RO          836    i.MX_FMC_Init       hw_init.o
    0x0020f0c8   0x0020f0c8   0x000001a0   Code   RO          426    i.MX_GPIO_Init      main.o
    0x0020f268   0x0020f268   0x00000120   Code   RO          837    i.MX_LCD_Init       hw_init.o
    0x0020f388   0x0020f388   0x00000024   Code   RO          427    i.MX_SDMMC1_SD_Init  main.o
    0x0020f3ac   0x0020f3ac   0x00000098   Code   RO          838    i.MX_SDRAM_InitEx   hw_init.o
    0x0020f444   0x0020f444   0x00000040   Code   RO          428    i.MX_USART1_UART_Init  main.o
    0x0020f484   0x0020f484   0x00000004   Code   RO         1009    i.MemManage_Handler  stm32f7xx_it.o
    0x0020f488   0x0020f488   0x00000002   Code   RO         1010    i.NMI_Handler       stm32f7xx_it.o
    0x0020f48a   0x0020f48a   0x0000003a   Code   RO         1986    i.SDMMC_CmdAppCommand  stm32f7xx_ll_sdmmc.o
    0x0020f4c4   0x0020f4c4   0x0000003c   Code   RO         1987    i.SDMMC_CmdAppOperCommand  stm32f7xx_ll_sdmmc.o
    0x0020f500   0x0020f500   0x0000003a   Code   RO         1988    i.SDMMC_CmdBlockLength  stm32f7xx_ll_sdmmc.o
    0x0020f53a   0x0020f53a   0x0000003a   Code   RO         1989    i.SDMMC_CmdBusWidth  stm32f7xx_ll_sdmmc.o
    0x0020f574   0x0020f574   0x0000002e   Code   RO         1993    i.SDMMC_CmdGoIdleState  stm32f7xx_ll_sdmmc.o
    0x0020f5a2   0x0020f5a2   0x00000036   Code   RO         1995    i.SDMMC_CmdOperCond  stm32f7xx_ll_sdmmc.o
    0x0020f5d8   0x0020f5d8   0x0000003a   Code   RO         1996    i.SDMMC_CmdReadMultiBlock  stm32f7xx_ll_sdmmc.o
    0x0020f612   0x0020f612   0x0000003a   Code   RO         1997    i.SDMMC_CmdReadSingleBlock  stm32f7xx_ll_sdmmc.o
    0x0020f64c   0x0020f64c   0x0000003c   Code   RO         2000    i.SDMMC_CmdSelDesel  stm32f7xx_ll_sdmmc.o
    0x0020f688   0x0020f688   0x00000034   Code   RO         2001    i.SDMMC_CmdSendCID  stm32f7xx_ll_sdmmc.o
    0x0020f6bc   0x0020f6bc   0x00000034   Code   RO         2002    i.SDMMC_CmdSendCSD  stm32f7xx_ll_sdmmc.o
    0x0020f6f0   0x0020f6f0   0x0000003a   Code   RO         2003    i.SDMMC_CmdSendSCR  stm32f7xx_ll_sdmmc.o
    0x0020f72a   0x0020f72a   0x0000003a   Code   RO         2004    i.SDMMC_CmdSendStatus  stm32f7xx_ll_sdmmc.o
    0x0020f764   0x0020f764   0x0000003a   Code   RO         2005    i.SDMMC_CmdSetRelAdd  stm32f7xx_ll_sdmmc.o
    0x0020f79e   0x0020f79e   0x00000002   PAD
    0x0020f7a0   0x0020f7a0   0x0000003c   Code   RO         2007    i.SDMMC_CmdStopTransfer  stm32f7xx_ll_sdmmc.o
    0x0020f7dc   0x0020f7dc   0x0000003a   Code   RO         2009    i.SDMMC_CmdWriteMultiBlock  stm32f7xx_ll_sdmmc.o
    0x0020f816   0x0020f816   0x0000003a   Code   RO         2010    i.SDMMC_CmdWriteSingleBlock  stm32f7xx_ll_sdmmc.o
    0x0020f850   0x0020f850   0x0000002c   Code   RO         2011    i.SDMMC_ConfigData  stm32f7xx_ll_sdmmc.o
    0x0020f87c   0x0020f87c   0x00000040   Code   RO         2012    i.SDMMC_GetCmdError  stm32f7xx_ll_sdmmc.o
    0x0020f8bc   0x0020f8bc   0x000001a4   Code   RO         2013    i.SDMMC_GetCmdResp1  stm32f7xx_ll_sdmmc.o
    0x0020fa60   0x0020fa60   0x0000005c   Code   RO         2014    i.SDMMC_GetCmdResp2  stm32f7xx_ll_sdmmc.o
    0x0020fabc   0x0020fabc   0x00000050   Code   RO         2015    i.SDMMC_GetCmdResp3  stm32f7xx_ll_sdmmc.o
    0x0020fb0c   0x0020fb0c   0x000000b0   Code   RO         2016    i.SDMMC_GetCmdResp6  stm32f7xx_ll_sdmmc.o
    0x0020fbbc   0x0020fbbc   0x00000058   Code   RO         2017    i.SDMMC_GetCmdResp7  stm32f7xx_ll_sdmmc.o
    0x0020fc14   0x0020fc14   0x00000008   Code   RO         2018    i.SDMMC_GetCommandResponse  stm32f7xx_ll_sdmmc.o
    0x0020fc1c   0x0020fc1c   0x0000000a   Code   RO         2021    i.SDMMC_GetPowerState  stm32f7xx_ll_sdmmc.o
    0x0020fc26   0x0020fc26   0x00000016   Code   RO         2022    i.SDMMC_GetResponse  stm32f7xx_ll_sdmmc.o
    0x0020fc3c   0x0020fc3c   0x00000034   Code   RO         2023    i.SDMMC_Init        stm32f7xx_ll_sdmmc.o
    0x0020fc70   0x0020fc70   0x0000000a   Code   RO         2025    i.SDMMC_PowerState_ON  stm32f7xx_ll_sdmmc.o
    0x0020fc7a   0x0020fc7a   0x00000008   Code   RO         2026    i.SDMMC_ReadFIFO    stm32f7xx_ll_sdmmc.o
    0x0020fc82   0x0020fc82   0x00000028   Code   RO         2027    i.SDMMC_SendCommand  stm32f7xx_ll_sdmmc.o
    0x0020fcaa   0x0020fcaa   0x00000002   PAD
    0x0020fcac   0x0020fcac   0x00000028   Code   RO          649    i.SD_CheckStatus    sd_diskio.o
    0x0020fcd4   0x0020fcd4   0x00000026   Code   RO          650    i.SD_CheckStatusWithTimeout  sd_diskio.o
    0x0020fcfa   0x0020fcfa   0x00000066   Code   RO         2289    i.SD_DMAError       stm32f7xx_hal_sd.o
    0x0020fd60   0x0020fd60   0x00000046   Code   RO         2290    i.SD_DMAReceiveCplt  stm32f7xx_hal_sd.o
    0x0020fda6   0x0020fda6   0x00000012   Code   RO         2292    i.SD_DMATransmitCplt  stm32f7xx_hal_sd.o
    0x0020fdb8   0x0020fdb8   0x0000012c   Code   RO         2294    i.SD_FindSCR        stm32f7xx_hal_sd.o
    0x0020fee4   0x0020fee4   0x000000fc   Code   RO         2295    i.SD_InitCard       stm32f7xx_hal_sd.o
    0x0020ffe0   0x0020ffe0   0x000000ee   Code   RO         2297    i.SD_PowerON        stm32f7xx_hal_sd.o
    0x002100ce   0x002100ce   0x00000032   Code   RO         2300    i.SD_SendStatus     stm32f7xx_hal_sd.o
    0x00210100   0x00210100   0x0000006a   Code   RO         2301    i.SD_WideBus_Disable  stm32f7xx_hal_sd.o
    0x0021016a   0x0021016a   0x0000006a   Code   RO         2302    i.SD_WideBus_Enable  stm32f7xx_hal_sd.o
    0x002101d4   0x002101d4   0x00000058   Code   RO          651    i.SD_initialize     sd_diskio.o
    0x0021022c   0x0021022c   0x0000006c   Code   RO          652    i.SD_ioctl          sd_diskio.o
    0x00210298   0x00210298   0x000000d0   Code   RO          653    i.SD_read           sd_diskio.o
    0x00210368   0x00210368   0x0000000c   Code   RO          654    i.SD_status         sd_diskio.o
    0x00210374   0x00210374   0x000000ec   Code   RO          655    i.SD_write          sd_diskio.o
    0x00210460   0x00210460   0x00000012   Code   RO          429    i.StartDefaultTask  main.o
    0x00210472   0x00210472   0x0000000c   Code   RO         1011    i.SysTick_Handler   stm32f7xx_it.o
    0x0021047e   0x0021047e   0x00000002   PAD
    0x00210480   0x00210480   0x000000f8   Code   RO          430    i.SystemClock_Config  main.o
    0x00210578   0x00210578   0x00000064   Code   RO         4544    i.SystemInit        system_stm32f7xx.o
    0x002105dc   0x002105dc   0x000000f8   Code   RO         2592    i.UART_AdvFeatureConfig  stm32f7xx_hal_uart.o
    0x002106d4   0x002106d4   0x00000048   Code   RO         2593    i.UART_CheckIdleState  stm32f7xx_hal_uart.o
    0x0021071c   0x0021071c   0x00000018   Code   RO         2594    i.UART_DMAAbortOnError  stm32f7xx_hal_uart.o
    0x00210734   0x00210734   0x00000022   Code   RO         2604    i.UART_EndRxTransfer  stm32f7xx_hal_uart.o
    0x00210756   0x00210756   0x00000020   Code   RO         2605    i.UART_EndTransmit_IT  stm32f7xx_hal_uart.o
    0x00210776   0x00210776   0x00000002   PAD
    0x00210778   0x00210778   0x000003a4   Code   RO         2609    i.UART_SetConfig    stm32f7xx_hal_uart.o
    0x00210b1c   0x00210b1c   0x00000068   Code   RO         2612    i.UART_WaitOnFlagUntilTimeout  stm32f7xx_hal_uart.o
    0x00210b84   0x00210b84   0x00000010   Code   RO         1012    i.USART1_IRQHandler  stm32f7xx_it.o
    0x00210b94   0x00210b94   0x00000004   Code   RO         1013    i.UsageFault_Handler  stm32f7xx_it.o
    0x00210b98   0x00210b98   0x00000020   Code   RO         7715    i.__0printf$2       mc_w.l(printf2.o)
    0x00210bb8   0x00210bb8   0x00000010   Code   RO         1758    i.__NVIC_GetPriorityGrouping  stm32f7xx_hal_cortex.o
    0x00210bc8   0x00210bc8   0x00000028   Code   RO         1759    i.__NVIC_SetPriority  stm32f7xx_hal_cortex.o
    0x00210bf0   0x00210bf0   0x0000000e   Code   RO         7999    i.__scatterload_copy  mc_w.l(handlers.o)
    0x00210bfe   0x00210bfe   0x00000002   Code   RO         8000    i.__scatterload_null  mc_w.l(handlers.o)
    0x00210c00   0x00210c00   0x0000000e   Code   RO         8001    i.__scatterload_zeroinit  mc_w.l(handlers.o)
    0x00210c0e   0x00210c0e   0x000000d6   Code   RO         7722    i._printf_core      mc_w.l(printf2.o)
    0x00210ce4   0x00210ce4   0x00000012   Code   RO          371    i.delay_ms          utility.o
    0x00210cf6   0x00210cf6   0x00000042   Code   RO          372    i.delay_us          utility.o
    0x00210d38   0x00210d38   0x0000001c   Code   RO          373    i.fputc             utility.o
    0x00210d54   0x00210d54   0x00000010   Code   RO         5319    i.inHandlerMode     cmsis_os.o
    0x00210d64   0x00210d64   0x0000018c   Code   RO          431    i.main              main.o
    0x00210ef0   0x00210ef0   0x0000000e   Code   RO         5321    i.makeFreeRtosPriority  cmsis_os.o
    0x00210efe   0x00210efe   0x00000018   Code   RO         5323    i.osDelay           cmsis_os.o
    0x00210f16   0x00210f16   0x00000012   Code   RO         5325    i.osKernelRunning   cmsis_os.o
    0x00210f28   0x00210f28   0x0000000a   Code   RO         5326    i.osKernelStart     cmsis_os.o
    0x00210f32   0x00210f32   0x00000014   Code   RO         5327    i.osKernelSysTick   cmsis_os.o
    0x00210f46   0x00210f46   0x00000012   Code   RO         5335    i.osMessageCreate   cmsis_os.o
    0x00210f58   0x00210f58   0x0000009c   Code   RO         5337    i.osMessageGet      cmsis_os.o
    0x00210ff4   0x00210ff4   0x00000060   Code   RO         5339    i.osMessagePut      cmsis_os.o
    0x00211054   0x00211054   0x0000000c   Code   RO         5341    i.osMutexCreate     cmsis_os.o
    0x00211060   0x00211060   0x00000050   Code   RO         5343    i.osMutexRelease    cmsis_os.o
    0x002110b0   0x002110b0   0x00000068   Code   RO         5344    i.osMutexWait       cmsis_os.o
    0x00211118   0x00211118   0x0000002c   Code   RO         5352    i.osSemaphoreCreate  cmsis_os.o
    0x00211144   0x00211144   0x00000010   Code   RO         5359    i.osSystickHandler  cmsis_os.o
    0x00211154   0x00211154   0x00000030   Code   RO         5360    i.osThreadCreate    cmsis_os.o
    0x00211184   0x00211184   0x00000008   Code   RO         5361    i.osThreadGetId     cmsis_os.o
    0x0021118c   0x0021118c   0x00000098   Code   RO         5013    i.prvAddCurrentTaskToDelayedList  tasks.o
    0x00211224   0x00211224   0x000000b4   Code   RO         5014    i.prvAddNewTaskToReadyList  tasks.o
    0x002112d8   0x002112d8   0x00000048   Code   RO         5015    i.prvCheckTasksWaitingTermination  tasks.o
    0x00211320   0x00211320   0x0000002a   Code   RO         4715    i.prvCopyDataFromQueue  queue.o
    0x0021134a   0x0021134a   0x0000007c   Code   RO         4716    i.prvCopyDataToQueue  queue.o
    0x002113c6   0x002113c6   0x00000012   Code   RO         5016    i.prvDeleteTCB      tasks.o
    0x002113d8   0x002113d8   0x00000014   Code   RO         4717    i.prvGetDisinheritPriorityAfterTimeout  queue.o
    0x002113ec   0x002113ec   0x0000007c   Code   RO         5688    i.prvHeapInit       heap_4.o
    0x00211468   0x00211468   0x00000028   Code   RO         5017    i.prvIdleTask       tasks.o
    0x00211490   0x00211490   0x0000001c   Code   RO         4718    i.prvInitialiseMutex  queue.o
    0x002114ac   0x002114ac   0x00000026   Code   RO         4719    i.prvInitialiseNewQueue  queue.o
    0x002114d2   0x002114d2   0x000000ae   Code   RO         5018    i.prvInitialiseNewTask  tasks.o
    0x00211580   0x00211580   0x00000068   Code   RO         5019    i.prvInitialiseTaskLists  tasks.o
    0x002115e8   0x002115e8   0x00000068   Code   RO         5689    i.prvInsertBlockIntoFreeList  heap_4.o
    0x00211650   0x00211650   0x0000001a   Code   RO         4720    i.prvIsQueueEmpty   queue.o
    0x0021166a   0x0021166a   0x0000001e   Code   RO         4721    i.prvIsQueueFull    queue.o
    0x00211688   0x00211688   0x00000034   Code   RO         5020    i.prvResetNextTaskUnblockTime  tasks.o
    0x002116bc   0x002116bc   0x00000048   Code   RO         5750    i.prvTaskExitError  port.o
    0x00211704   0x00211704   0x0000007e   Code   RO         4722    i.prvUnlockQueue    queue.o
    0x00211782   0x00211782   0x00000002   PAD
    0x00211784   0x00211784   0x00000148   Code   RO         5690    i.pvPortMalloc      heap_4.o
    0x002118cc   0x002118cc   0x00000020   Code   RO         5022    i.pvTaskIncrementMutexHeldCount  tasks.o
    0x002118ec   0x002118ec   0x0000002c   Code   RO         5751    i.pxPortInitialiseStack  port.o
    0x00211918   0x00211918   0x00000028   Code   RO         4675    i.uxListRemove      list.o
    0x00211940   0x00211940   0x0000001a   Code   RO         4676    i.vListInitialise   list.o
    0x0021195a   0x0021195a   0x00000006   Code   RO         4677    i.vListInitialiseItem  list.o
    0x00211960   0x00211960   0x00000034   Code   RO         4678    i.vListInsert       list.o
    0x00211994   0x00211994   0x00000018   Code   RO         4679    i.vListInsertEnd    list.o
    0x002119ac   0x002119ac   0x0000005c   Code   RO         5753    i.vPortEnterCritical  port.o
    0x00211a08   0x00211a08   0x00000040   Code   RO         5754    i.vPortExitCritical  port.o
    0x00211a48   0x00211a48   0x0000009c   Code   RO         5691    i.vPortFree         heap_4.o
    0x00211ae4   0x00211ae4   0x00000028   Code   RO         5755    i.vPortSetupTimerInterrupt  port.o
    0x00211b0c   0x00211b0c   0x00000080   Code   RO         5756    i.vPortValidateInterruptPriority  port.o
    0x00211b8c   0x00211b8c   0x00000060   Code   RO         5028    i.vTaskDelay        tasks.o
    0x00211bec   0x00211bec   0x00000018   Code   RO         5031    i.vTaskInternalSetTimeOutState  tasks.o
    0x00211c04   0x00211c04   0x0000000c   Code   RO         5032    i.vTaskMissedYield  tasks.o
    0x00211c10   0x00211c10   0x0000003c   Code   RO         5034    i.vTaskPlaceOnEventList  tasks.o
    0x00211c4c   0x00211c4c   0x000000fc   Code   RO         5036    i.vTaskPriorityDisinheritAfterTimeout  tasks.o
    0x00211d48   0x00211d48   0x00000090   Code   RO         5041    i.vTaskStartScheduler  tasks.o
    0x00211dd8   0x00211dd8   0x00000010   Code   RO         5043    i.vTaskSuspendAll   tasks.o
    0x00211de8   0x00211de8   0x00000090   Code   RO         5044    i.vTaskSwitchContext  tasks.o
    0x00211e78   0x00211e78   0x00000114   Code   RO         5757    i.xPortStartScheduler  port.o
    0x00211f8c   0x00211f8c   0x00000038   Code   RO         5758    i.xPortSysTickHandler  port.o
    0x00211fc4   0x00211fc4   0x00000022   Code   RO         4729    i.xQueueCreateMutex  queue.o
    0x00211fe6   0x00211fe6   0x0000005c   Code   RO         4730    i.xQueueGenericCreate  queue.o
    0x00212042   0x00212042   0x00000002   PAD
    0x00212044   0x00212044   0x0000009c   Code   RO         4731    i.xQueueGenericReset  queue.o
    0x002120e0   0x002120e0   0x000001b8   Code   RO         4732    i.xQueueGenericSend  queue.o
    0x00212298   0x00212298   0x00000108   Code   RO         4733    i.xQueueGenericSendFromISR  queue.o
    0x002123a0   0x002123a0   0x000000f0   Code   RO         4734    i.xQueueGiveFromISR  queue.o
    0x00212490   0x00212490   0x00000174   Code   RO         4739    i.xQueueReceive     queue.o
    0x00212604   0x00212604   0x000000d6   Code   RO         4740    i.xQueueReceiveFromISR  queue.o
    0x002126da   0x002126da   0x00000002   PAD
    0x002126dc   0x002126dc   0x000001c8   Code   RO         4741    i.xQueueSemaphoreTake  queue.o
    0x002128a4   0x002128a4   0x00000094   Code   RO         5045    i.xTaskCheckForTimeOut  tasks.o
    0x00212938   0x00212938   0x00000060   Code   RO         5046    i.xTaskCreate       tasks.o
    0x00212998   0x00212998   0x0000000c   Code   RO         5049    i.xTaskGetCurrentTaskHandle  tasks.o
    0x002129a4   0x002129a4   0x00000020   Code   RO         5050    i.xTaskGetSchedulerState  tasks.o
    0x002129c4   0x002129c4   0x0000000c   Code   RO         5051    i.xTaskGetTickCount  tasks.o
    0x002129d0   0x002129d0   0x00000014   Code   RO         5052    i.xTaskGetTickCountFromISR  tasks.o
    0x002129e4   0x002129e4   0x0000014c   Code   RO         5053    i.xTaskIncrementTick  tasks.o
    0x00212b30   0x00212b30   0x000000d0   Code   RO         5056    i.xTaskPriorityDisinherit  tasks.o
    0x00212c00   0x00212c00   0x000000c8   Code   RO         5057    i.xTaskPriorityInherit  tasks.o
    0x00212cc8   0x00212cc8   0x0000009c   Code   RO         5058    i.xTaskRemoveFromEventList  tasks.o
    0x00212d64   0x00212d64   0x00000108   Code   RO         5059    i.xTaskResumeAll    tasks.o
    0x00212e6c   0x00212e6c   0x000000c2   Data   RO           27    .constdata          gt9147_iic_driver.o
    0x00212f2e   0x00212f2e   0x00000002   PAD
    0x00212f30   0x00212f30   0x00000014   Data   RO          433    .constdata          main.o
    0x00212f44   0x00212f44   0x0000001c   Data   RO          657    .constdata          sd_diskio.o
    0x00212f60   0x00212f60   0x00000018   Data   RO         4545    .constdata          system_stm32f7xx.o
    0x00212f78   0x00212f78   0x0000000c   Data   RO          434    .conststring        main.o
    0x00212f84   0x00212f84   0x00000018   Data   RO         6498    .rodata             STemWin_CM7_OS_wc16_ot_ARGB.a(GUICC_M565.o)
    0x00212f9c   0x00212f9c   0x00000017   Data   RO         6652    .rodata             STemWin_CM7_OS_wc16_ot_ARGB.a(GUI_Core.o)
    0x00212fb3   0x00212fb3   0x00000001   PAD
    0x00212fb4   0x00212fb4   0x00000034   Data   RO         6831    .rodata             STemWin_CM7_OS_wc16_ot_ARGB.a(GUIDRV_Lin_16.o)
    0x00212fe8   0x00212fe8   0x00001e30   Data   RO         6835    .rodata             STemWin_CM7_OS_wc16_ot_ARGB.a(F32_1.o)
    0x00214e18   0x00214e18   0x00000010   Data   RO         6915    .rodata             STemWin_CM7_OS_wc16_ot_ARGB.a(GUI_UC_EncodeNone.o)
    0x00214e28   0x00214e28   0x00000370   Data   RO         6927    .rodata             STemWin_CM7_OS_wc16_ot_ARGB.a(GUI__DivTbl.o)
    0x00215198   0x00215198   0x0000000c   Data   RO         6991    .rodata             STemWin_CM7_OS_wc16_ot_ARGB.a(LCD.o)
    0x002151a4   0x002151a4   0x00000100   Data   RO         7017    .rodata             STemWin_CM7_OS_wc16_ot_ARGB.a(LCD_Mirror.o)
    0x002152a4   0x002152a4   0x00001c48   Data   RO         7049    .rodata             STemWin_CM7_OS_wc16_ot_ARGB.a(F32_ASCII.o)
    0x00216eec   0x00216eec   0x0000073c   Data   RO         7053    .rodata             STemWin_CM7_OS_wc16_ot_ARGB.a(F6x8.o)
    0x00217628   0x00217628   0x00000074   Data   RO         7070    .rodata             STemWin_CM7_OS_wc16_ot_ARGB.a(GUIDEV_16.o)
    0x0021769c   0x0021769c   0x00000018   Data   RO         7220    .rodata             STemWin_CM7_OS_wc16_ot_ARGB.a(GUICC_0.o)
    0x002176b4   0x002176b4   0x00000018   Data   RO         7396    .rodata             STemWin_CM7_OS_wc16_ot_ARGB.a(GUICC_M8888I.o)
    0x002176cc   0x002176cc   0x00000074   Data   RO         7496    .rodata             STemWin_CM7_OS_wc16_ot_ARGB.a(GUIDEV_32.o)
    0x00217740   0x00217740   0x00000018   Data   RO         7540    .rodata             STemWin_CM7_OS_wc16_ot_ARGB.a(GUIDEV_UsageBM.o)
    0x00217758   0x00217758   0x00000020   Data   RO         7997    Region$$Table       anon$$obj.o


    Execution Region RW_IRAM1 (Exec base: 0x20000000, Load base: 0x00217778, Size: 0x00044bb0, Max: 0x00080000, ABSOLUTE)

    Exec Addr    Load Addr    Size         Type   Attr      Idx    E Section Name        Object

    0x20000000   0x00217778   0x00000004   Data   RW          374    .data               utility.o
    0x20000004   0x0021777c   0x00000004   Data   RW          435    .data               main.o
    0x20000008   0x00217780   0x00000008   Data   RW          658    .data               sd_diskio.o
    0x20000010   0x00217788   0x00000005   Data   RW          753    .data               fatfs.o
    0x20000015   0x0021778d   0x00000003   PAD
    0x20000018   0x00217790   0x00000008   Data   RW          840    .data               hw_init.o
    0x20000020   0x00217798   0x0000000c   Data   RW          937    .data               stemwin_wrapper.o
    0x2000002c   0x002177a4   0x00000009   Data   RW         3793    .data               stm32f7xx_hal.o
    0x20000035   0x002177ad   0x00000003   PAD
    0x20000038   0x002177b0   0x00000004   Data   RW         4546    .data               system_stm32f7xx.o
    0x2000003c   0x002177b4   0x0000003c   Data   RW         5062    .data               tasks.o
    0x20000078   0x002177f0   0x00000018   Data   RW         5696    .data               heap_4.o
    0x20000090   0x00217808   0x0000000c   Data   RW         5759    .data               port.o
    0x2000009c   0x00217814   0x00000008   Data   RW         5839    .data               gui_x_os.o
    0x200000a4   0x0021781c   0x00000007   Data   RW         6536    .data               STemWin_CM7_OS_wc16_ot_ARGB.a(GUI_Common.o)
    0x200000ab   0x00217823   0x00000001   PAD
    0x200000ac   0x00217824   0x00000014   Data   RW         6625    .data               STemWin_CM7_OS_wc16_ot_ARGB.a(GUI_Core.o)
    0x200000c0   0x00217838   0x00000004   Data   RW         6714    .data               STemWin_CM7_OS_wc16_ot_ARGB.a(GUI_Time.o)
    0x200000c4   0x0021783c   0x00000004   Data   RW         6846    .data               STemWin_CM7_OS_wc16_ot_ARGB.a(GUI_CharLine.o)
    0x200000c8   0x00217840   0x00000008   Data   RW         6875    .data               STemWin_CM7_OS_wc16_ot_ARGB.a(GUI_OnKey.o)
    0x200000d0   0x00217848   0x00000008   Data   RW         6886    .data               STemWin_CM7_OS_wc16_ot_ARGB.a(GUI_Task.o)
    0x200000d8   0x00217850   0x00000008   Data   RW         6929    .data               STemWin_CM7_OS_wc16_ot_ARGB.a(GUI__Private.o)
    0x200000e0   0x00217858   0x00000004   Data   RW         6970    .data               STemWin_CM7_OS_wc16_ot_ARGB.a(LCD.o)
    0x200000e4   0x0021785c   0x00000004   Data   RW         6993    .data               STemWin_CM7_OS_wc16_ot_ARGB.a(LCD_Color.o)
    0x200000e8   0x00217860   0x00000008   Data   RW         7248    .data               STemWin_CM7_OS_wc16_ot_ARGB.a(GUI__Alpha.o)
    0x200000f0   0x00217868   0x00000018   Data   RW         7270    .data               STemWin_CM7_OS_wc16_ot_ARGB.a(LCD_AA.o)
    0x20000108        -       0x00000128   Zero   RW          432    .bss                main.o
    0x20000230        -       0x00000200   Zero   RW          656    .bss                sd_diskio.o
    0x20000430        -       0x00040000   Zero   RW          814    .bss                guiconf.o
    0x20040430        -       0x000000ec   Zero   RW          839    .bss                hw_init.o
    0x2004051c        -       0x00000038   Zero   RW          936    .bss                stemwin_wrapper.o
    0x20040554        -       0x000002e4   Zero   RW         5061    .bss                tasks.o
    0x20040838        -       0x00003c00   Zero   RW         5695    .bss                heap_4.o
    0x20044438        -       0x0000000c   Zero   RW         6366    .bss                ff_gen_drv.o
    0x20044444        -       0x00000008   Zero   RW         6491    .bss                STemWin_CM7_OS_wc16_ot_ARGB.a(GUICC_M565.o)
    0x2004444c        -       0x0000000c   Zero   RW         6501    .bss                STemWin_CM7_OS_wc16_ot_ARGB.a(GUI_Alloc.o)
    0x20044458        -       0x000000a4   Zero   RW         6626    .bss                STemWin_CM7_OS_wc16_ot_ARGB.a(GUI_Core.o)
    0x200444fc        -       0x00000008   Zero   RW         6722    .bss                STemWin_CM7_OS_wc16_ot_ARGB.a(LCD_GetEx.o)
    0x20044504        -       0x00000060   Zero   RW         6876    .bss                STemWin_CM7_OS_wc16_ot_ARGB.a(GUI_OnKey.o)
    0x20044564        -       0x00000014   Zero   RW         6887    .bss                STemWin_CM7_OS_wc16_ot_ARGB.a(GUI_Task.o)
    0x20044578        -       0x00000008   Zero   RW         6918    .bss                STemWin_CM7_OS_wc16_ot_ARGB.a(GUI_WaitEvent.o)
    0x20044580        -       0x0000000c   Zero   RW         6994    .bss                STemWin_CM7_OS_wc16_ot_ARGB.a(LCD_Color.o)
    0x2004458c        -       0x00000004   Zero   RW         7056    .bss                STemWin_CM7_OS_wc16_ot_ARGB.a(GUIDEV_16.o)
    0x20044590        -       0x00000030   Zero   RW         7073    .bss                STemWin_CM7_OS_wc16_ot_ARGB.a(WM.o)
    0x200445c0        -       0x00000014   Zero   RW         7230    .bss                STemWin_CM7_OS_wc16_ot_ARGB.a(GUI_Timer.o)
    0x200445d4        -       0x00000020   Zero   RW         7249    .bss                STemWin_CM7_OS_wc16_ot_ARGB.a(GUI__Alpha.o)
    0x200445f4        -       0x00000018   Zero   RW         7263    .bss                STemWin_CM7_OS_wc16_ot_ARGB.a(GUI__ManageCache.o)
    0x2004460c        -       0x00000004   Zero   RW         7312    .bss                STemWin_CM7_OS_wc16_ot_ARGB.a(GUIDEV_Banding.o)
    0x20044610        -       0x00000001   Zero   RW         7317    .bss                STemWin_CM7_OS_wc16_ot_ARGB.a(GUIDEV_StaticDevices.o)
    0x20044611   0x00217880   0x00000003   PAD
    0x20044614        -       0x00000004   Zero   RW         7366    .bss                STemWin_CM7_OS_wc16_ot_ARGB.a(WM__Private.o)
    0x20044618        -       0x00000004   Zero   RW         7960    GUI_AA__ClipX0      anon$$obj.o
    0x2004461c        -       0x000000c0   Zero   RW         7946    GUI_ALLOC__Context  anon$$obj.o
    0x200446dc        -       0x00000004   Zero   RW         7967    GUI_DCACHE__pfClearCacheHook  anon$$obj.o
    0x200446e0        -       0x00000001   Zero   RW         7947    GUI_DecChar         anon$$obj.o
    0x200446e1   0x00217880   0x00000001   PAD
    0x200446e2        -       0x00000002   Zero   RW         7948    GUI_OrgX            anon$$obj.o
    0x200446e4        -       0x00000002   Zero   RW         7949    GUI_OrgY            anon$$obj.o
    0x200446e6   0x00217880   0x00000002   PAD
    0x200446e8        -       0x00000004   Zero   RW         7959    GUI__BufferSize     anon$$obj.o
    0x200446ec        -       0x00000001   Zero   RW         7963    GUI__IsInitialized  anon$$obj.o
    0x200446ed        -       0x00000001   Zero   RW         7964    GUI__NumLayersInUse  anon$$obj.o
    0x200446ee        -       0x00000001   Zero   RW         7962    GUI__PreserveTrans  anon$$obj.o
    0x200446ef   0x00217880   0x00000001   PAD
    0x200446f0        -       0x00000002   Zero   RW         7961    GUI__aNumBuffers    anon$$obj.o
    0x200446f2   0x00217880   0x00000002   PAD
    0x200446f4        -       0x00000008   Zero   RW         7953    GUI__apDevice       anon$$obj.o
    0x200446fc        -       0x00000004   Zero   RW         7995    GUI__pfDrawAlphaBitmapFunc  anon$$obj.o
    0x20044700        -       0x00000004   Zero   RW         7996    GUI__pfDrawAlphaMemdevFunc  anon$$obj.o
    0x20044704        -       0x00000004   Zero   RW         7966    GUI_pLCD_APIList    anon$$obj.o
    0x20044708        -       0x00000004   Zero   RW         7957    GUI_pUC_API         anon$$obj.o
    0x2004470c        -       0x00000004   Zero   RW         7955    GUI_pfDispCharLine  anon$$obj.o
    0x20044710        -       0x00000004   Zero   RW         7954    GUI_pfDispCharStyle  anon$$obj.o
    0x20044714        -       0x00000004   Zero   RW         7952    GUI_pfExecAnimations  anon$$obj.o
    0x20044718        -       0x00000004   Zero   RW         7950    GUI_pfTimerExec     anon$$obj.o
    0x2004471c        -       0x00000004   Zero   RW         7951    GUI_pfUpdateSoftLayer  anon$$obj.o
    0x20044720        -       0x00000004   Zero   RW         7973    LCD__aConvTable     anon$$obj.o
    0x20044724   0x00217880   0x00000004   PAD
    0x20044728        -       0x00000400   Zero   RW            1    STACK               startup_stm32f767xx.o
    0x20044b28        -       0x00000004   Zero   RW         7978    WM_MULTIBUF__pAPI   anon$$obj.o
    0x20044b2c        -       0x00000004   Zero   RW         7977    WM__CreateFlags     anon$$obj.o
    0x20044b30        -       0x00000004   Zero   RW         7988    WM__FirstWin        anon$$obj.o
    0x20044b34        -       0x00000004   Zero   RW         7987    WM__InvalidLayerMask  anon$$obj.o
    0x20044b38        -       0x00000002   Zero   RW         7986    WM__NumInvalidWindows  anon$$obj.o
    0x20044b3a        -       0x00000002   Zero   RW         7991    WM__NumWindows      anon$$obj.o
    0x20044b3c        -       0x00000001   Zero   RW         7993    WM__PaintCallbackCnt  anon$$obj.o
    0x20044b3d   0x00217880   0x00000003   PAD
    0x20044b40        -       0x00000004   Zero   RW         7971    WM__TouchedLayer    anon$$obj.o
    0x20044b44        -       0x00000004   Zero   RW         7975    WM__TransWindowCnt  anon$$obj.o
    0x20044b48        -       0x00000008   Zero   RW         7990    WM__aBkColor        anon$$obj.o
    0x20044b50        -       0x00000010   Zero   RW         7984    WM__aCHWinLast      anon$$obj.o
    0x20044b60        -       0x00000010   Zero   RW         7983    WM__aCHWinModal     anon$$obj.o
    0x20044b70        -       0x00000010   Zero   RW         7985    WM__aCHWinMouseOver  anon$$obj.o
    0x20044b80        -       0x00000008   Zero   RW         7980    WM__ahCapture       anon$$obj.o
    0x20044b88        -       0x00000008   Zero   RW         7981    WM__ahDesktopWin    anon$$obj.o
    0x20044b90        -       0x00000008   Zero   RW         7979    WM__ahWinFocus      anon$$obj.o
    0x20044b98        -       0x00000004   Zero   RW         7976    WM__hATransWindow   anon$$obj.o
    0x20044b9c        -       0x00000004   Zero   RW         7989    WM__hCreateStatic   anon$$obj.o
    0x20044ba0        -       0x00000004   Zero   RW         7982    WM__pExecGestures   anon$$obj.o
    0x20044ba4        -       0x00000004   Zero   RW         7974    WM__pFirstCriticalHandle  anon$$obj.o
    0x20044ba8        -       0x00000004   Zero   RW         7958    WM_pfHandlePID      anon$$obj.o
    0x20044bac        -       0x00000004   Zero   RW         7992    WM_pfPollPID        anon$$obj.o



  Load Region LR$$.ARM.__AT_0xC0000000 (Base: 0xc0000000, Size: 0x00000000, Max: 0x0003fc00, ABSOLUTE)

    Execution Region ER$$.ARM.__AT_0xC0000000 (Exec base: 0xc0000000, Load base: 0xc0000000, Size: 0x0003fc00, Max: 0x0003fc00, ABSOLUTE, UNINIT)

    Exec Addr    Load Addr    Size         Type   Attr      Idx    E Section Name        Object

    0xc0000000        -       0x0003fc00   Zero   RW          333    .ARM.__AT_0xC0000000  ltdc_driver.o



  Load Region LR$$.ARM.__AT_0xC003FC00 (Base: 0xc003fc00, Size: 0x00000000, Max: 0x0003fc00, ABSOLUTE)

    Execution Region ER$$.ARM.__AT_0xC003FC00 (Exec base: 0xc003fc00, Load base: 0xc003fc00, Size: 0x0003fc00, Max: 0x0003fc00, ABSOLUTE, UNINIT)

    Exec Addr    Load Addr    Size         Type   Attr      Idx    E Section Name        Object

    0xc003fc00        -       0x0003fc00   Zero   RW          334    .ARM.__AT_0xC003FC00  ltdc_driver.o


==============================================================================

Image component sizes


      Code (inc. data)   RO Data    RW Data    ZI Data      Debug   Object Name

       194         26          0          0          0       4325   bsp_driver_sd.o
       684         18          0          0          0      25809   cmsis_os.o
         0          0          0          0          0       9440   event_groups.o
        28         12          0          5          0       3226   fatfs.o
       102          6          0          0         12       1607   ff_gen_drv.o
      1448        120        194          0          0     950203   gt9147_iic_driver.o
        92         24          0          0          0        456   gui_app.o
       110         18          0          8          0       4172   gui_x_os.o
        20          6          0          0     262144        887   guiconf.o
       712         62          0         24      15360       7207   heap_4.o
      1206        110          0          8        236       5594   hw_init.o
       148          0          0          0          0       3422   list.o
         0          0          0          0     522240        640   ltdc_driver.o
      1322         82         32          4        296      47051   main.o
       966         86          0         12          0      11625   port.o
      2702         20          0          0          0      18723   queue.o
       754         50         28          8        512       9870   sd_diskio.o
        36          8        504          0       1024        812   startup_stm32f767xx.o
       676         40          0         12         56       3977   stemwin_wrapper.o
       200         34          0          9          0       8993   stm32f7xx_hal.o
       504         38          0          0          0      42029   stm32f7xx_hal_cortex.o
       132          4          0          0          0       1075   stm32f7xx_hal_crc.o
       102          0          0          0          0       1163   stm32f7xx_hal_crc_ex.o
       248          0          0          0          0       3285   stm32f7xx_hal_dma.o
       976        104          0          0          0       4488   stm32f7xx_hal_gpio.o
      1648          6          0          0          0       9022   stm32f7xx_hal_ltdc.o
       456         44          0          0          0       2780   stm32f7xx_hal_msp.o
       144          8          0          0          0       1224   stm32f7xx_hal_pwr_ex.o
      1880         76          0          0          0       5872   stm32f7xx_hal_rcc.o
      1880         16          0          0          0       2188   stm32f7xx_hal_rcc_ex.o
      2768         18          0          0          0      14527   stm32f7xx_hal_sd.o
       162          0          0          0          0       2632   stm32f7xx_hal_sdram.o
      1938         54          0          0          0       8506   stm32f7xx_hal_uart.o
        58          6          0          0          0       3988   stm32f7xx_it.o
       324          4          0          0          0       3272   stm32f7xx_ll_fmc.o
      2078         40          0          0          0      22726   stm32f7xx_ll_sdmmc.o
       100         18         24          4          0       1083   system_stm32f7xx.o
      3052        388          0         60        740      24992   tasks.o
       112          6          0          4          0       3532   utility.o

    ----------------------------------------------------------------------
     29996       1552        816        164     803028    1276423   Object Totals
         0          0         32          0        395          0   (incl. Generated)
        34          0          2          6         13          0   (incl. Padding)

    ----------------------------------------------------------------------

      Code (inc. data)   RO Data    RW Data    ZI Data      Debug   Library Member Name

         0          0       7728          0          0          0   F32_1.o
         0          0       7240          0          0          0   F32_ASCII.o
         0          0       1852          0          0          0   F6x8.o
       192          0         24          0          0          0   GUICC_0.o
       308         40         24          0          8          0   GUICC_M565.o
        52          0         24          0          0          0   GUICC_M8888I.o
         4          0          0          0          0          0   GUICC_M8888I_Index2Color.o
         8          0          0          0          0          0   GUICC_M888_Index2Color.o
      1028         36          0          0          0          0   GUIDEV.o
      3676         60        116          0          4          0   GUIDEV_16.o
      3400         64        116          0          0          0   GUIDEV_32.o
       380         12          0          0          4          0   GUIDEV_Banding.o
        88          4          0          0          0          0   GUIDEV_Clear.o
        48          0          0          0          0          0   GUIDEV_GetDataPtr.o
        68          4          0          0          0          0   GUIDEV_GetYSize.o
        64          4          0          0          0          0   GUIDEV_ReduceYSize.o
       120          4          0          0          0          0   GUIDEV_SetOrg.o
       404         24          0          0          1          0   GUIDEV_StaticDevices.o
        88          0          0          0          0          0   GUIDEV_Usage.o
       472          4         24          0          0          0   GUIDEV_UsageBM.o
       100          0          0          0          0          0   GUIDEV_Write.o
       812         32          0          0          0          0   GUIDEV_WriteToActiveAlpha.o
      2496          8          0          0          0          0   GUIDEV_WriteToActiveOpaque.o
      4584        236         52          0          0          0   GUIDRV_Lin_16.o
      3740         88          0          0         12          0   GUI_Alloc.o
       176         16          0          0          0          0   GUI_Char.o
       564         36          0          4          0          0   GUI_CharLine.o
       468          8          0          0          0          0   GUI_CharM.o
       356          8          0          0          0          0   GUI_CharP.o
       896         72          0          7          0          0   GUI_Common.o
       884        128         23         20        164          0   GUI_Core.o
       844         40          0          0          0          0   GUI_Device.o
       348          8          0          0          0          0   GUI_DispString.o
        84         12          0          8         96          0   GUI_OnKey.o
       104          8          0          0          0          0   GUI_SelectLayer.o
        44          4          0          0          0          0   GUI_SetAlpha.o
       476         48          0          8         20          0   GUI_Task.o
       128          8          0          4          0          0   GUI_Time.o
       384          8          0          0         20          0   GUI_Timer.o
        80          8          0          0          0          0   GUI_UC.o
        20          0         16          0          0          0   GUI_UC_EncodeNone.o
        16          4          0          0          8          0   GUI_WaitEvent.o
      1068         60          0          8         32          0   GUI__Alpha.o
       820          8          0          0          0          0   GUI__CompactPixelIndices.o
         0          0        880          0          0          0   GUI__DivTbl.o
       392          8          0          0          0          0   GUI__ExpandPixelIndices.o
       244          8          0          0         24          0   GUI__ManageCache.o
       380          0          0          8          0          0   GUI__Private.o
      2196        256         12          4          0          0   LCD.o
        88         12          0         24          0          0   LCD_AA.o
       336         48          0          4         12          0   LCD_Color.o
        32          8          0          0          0          0   LCD_GetColorIndex.o
       800         56          0          0          8          0   LCD_GetEx.o
        32          0          0          0          0          0   LCD_GetNumDisplays.o
         0          0        256          0          0          0   LCD_Mirror.o
       640         16          0          0          0          0   LCD_ReadRect.o
        68          8          0          0          0          0   LCD_SelectLCD.o
       256          0          0          0          0          0   LCD_Set.o
        52          8          0          0          0          0   LCD_SetClipRectEx.o
        36          4          0          0          0          0   LCD_UpdateColorIndices.o
      8580        428          0          0         48          0   WM.o
       888         16          0          0          0          0   WM_Lib.o
       784          0          0          0          0          0   WM_Move.o
       128          0          0          0          0          0   WM_Timer.o
       500          8          0          0          4          0   WM__Private.o
         0          0          0          0          0          0   entry.o
         0          0          0          0          0          0   entry10a.o
         0          0          0          0          0          0   entry11a.o
         8          4          0          0          0          0   entry2.o
         4          0          0          0          0          0   entry5.o
         0          0          0          0          0          0   entry7b.o
         0          0          0          0          0          0   entry8b.o
         8          4          0          0          0          0   entry9a.o
        30          0          0          0          0          0   handlers.o
        36          8          0          0          0         68   init.o
        30          0          0          0          0         68   llshl.o
        32          0          0          0          0         68   llushr.o
        66          0          0          0          0         76   memmove.o
        36          0          0          0          0        108   memseta.o
       246         10          0          0          0        176   printf2.o
        98          0          0          0          0         92   uldiv.o

    ----------------------------------------------------------------------
     46920       2014      18388        100        468        656   Library Totals
         2          0          1          1          3          0   (incl. Padding)

    ----------------------------------------------------------------------

      Code (inc. data)   RO Data    RW Data    ZI Data      Debug   Library Name

     46324       1988      18387         99        465          0   STemWin_CM7_OS_wc16_ot_ARGB.a
       594         26          0          0          0        656   mc_w.l

    ----------------------------------------------------------------------
     46920       2014      18388        100        468        656   Library Totals

    ----------------------------------------------------------------------

==============================================================================


      Code (inc. data)   RO Data    RW Data    ZI Data      Debug   

     76916       3566      19204        264     803496    1250823   Grand Totals
     76916       3566      19204        264     803496    1250823   ELF Image Totals
     76916       3566      19204        264          0          0   ROM Totals

==============================================================================

    Total RO  Size (Code + RO Data)                96120 (  93.87kB)
    Total RW  Size (RW Data + ZI Data)            803760 ( 784.92kB)
    Total ROM Size (Code + RO Data + RW Data)      96384 (  94.13kB)

==============================================================================

